Archive member included because of file (symbol)

C:\Users\Corban\AppData\Local\Temp\VMBuilds\AbsorbanceSketch2\adafruit_adafruit_samd_adafruit_feather_m0\Release/core.a(cortex_handlers.c.o)
                              (Reset_Handler)
C:\Users\Corban\AppData\Local\Temp\VMBuilds\AbsorbanceSketch2\adafruit_adafruit_samd_adafruit_feather_m0\Release/core.a(delay.c.o)
                              C:\Users\Corban\AppData\Local\Temp\VMBuilds\AbsorbanceSketch2\adafruit_adafruit_samd_adafruit_feather_m0\Release\Adafruit_BluefruitLE_nRF51\Adafruit_BLE.cpp.o (millis)
C:\Users\Corban\AppData\Local\Temp\VMBuilds\AbsorbanceSketch2\adafruit_adafruit_samd_adafruit_feather_m0\Release/core.a(hooks.c.o)
                              C:\Users\Corban\AppData\Local\Temp\VMBuilds\AbsorbanceSketch2\adafruit_adafruit_samd_adafruit_feather_m0\Release/core.a(delay.c.o) (yield)
C:\Users\Corban\AppData\Local\Temp\VMBuilds\AbsorbanceSketch2\adafruit_adafruit_samd_adafruit_feather_m0\Release/core.a(startup.c.o)
                              C:\Users\Corban\AppData\Local\Temp\VMBuilds\AbsorbanceSketch2\adafruit_adafruit_samd_adafruit_feather_m0\Release/core.a(cortex_handlers.c.o) (SystemInit)
C:\Users\Corban\AppData\Local\Temp\VMBuilds\AbsorbanceSketch2\adafruit_adafruit_samd_adafruit_feather_m0\Release/core.a(wiring.c.o)
                              C:\Users\Corban\AppData\Local\Temp\VMBuilds\AbsorbanceSketch2\adafruit_adafruit_samd_adafruit_feather_m0\Release/core.a(startup.c.o) (SystemCoreClock)
C:\Users\Corban\AppData\Local\Temp\VMBuilds\AbsorbanceSketch2\adafruit_adafruit_samd_adafruit_feather_m0\Release/core.a(wiring_analog.c.o)
                              C:\Users\Corban\AppData\Local\Temp\VMBuilds\AbsorbanceSketch2\adafruit_adafruit_samd_adafruit_feather_m0\Release\SensorController.cpp.o (analogReadResolution)
C:\Users\Corban\AppData\Local\Temp\VMBuilds\AbsorbanceSketch2\adafruit_adafruit_samd_adafruit_feather_m0\Release/core.a(wiring_digital.c.o)
                              C:\Users\Corban\AppData\Local\Temp\VMBuilds\AbsorbanceSketch2\adafruit_adafruit_samd_adafruit_feather_m0\Release\Adafruit_BluefruitLE_nRF51\Adafruit_BluefruitLE_SPI.cpp.o (pinMode)
C:\Users\Corban\AppData\Local\Temp\VMBuilds\AbsorbanceSketch2\adafruit_adafruit_samd_adafruit_feather_m0\Release/core.a(wiring_private.c.o)
                              C:\Users\Corban\AppData\Local\Temp\VMBuilds\AbsorbanceSketch2\adafruit_adafruit_samd_adafruit_feather_m0\Release\SPI\SPI.cpp.o (pinPeripheral)
C:\Users\Corban\AppData\Local\Temp\VMBuilds\AbsorbanceSketch2\adafruit_adafruit_samd_adafruit_feather_m0\Release/core.a(abi.cpp.o)
                              C:\Users\Corban\AppData\Local\Temp\VMBuilds\AbsorbanceSketch2\adafruit_adafruit_samd_adafruit_feather_m0\Release\Adafruit_BluefruitLE_nRF51\Adafruit_ATParser.cpp.o (__cxa_pure_virtual)
C:\Users\Corban\AppData\Local\Temp\VMBuilds\AbsorbanceSketch2\adafruit_adafruit_samd_adafruit_feather_m0\Release/core.a(main.cpp.o)
                              c:/users/corban/appdata/local/arduino15/packages/arduino/tools/arm-none-eabi-gcc/4.8.3-2014q1/bin/../lib/gcc/arm-none-eabi/4.8.3/../../../../arm-none-eabi/lib/armv6-m/crt0.o (main)
C:\Users\Corban\AppData\Local\Temp\VMBuilds\AbsorbanceSketch2\adafruit_adafruit_samd_adafruit_feather_m0\Release/core.a(new.cpp.o)
                              C:\Users\Corban\AppData\Local\Temp\VMBuilds\AbsorbanceSketch2\adafruit_adafruit_samd_adafruit_feather_m0\Release\Adafruit_BluefruitLE_nRF51\Adafruit_BluefruitLE_UART.cpp.o (operator delete(void*))
C:\Users\Corban\AppData\Local\Temp\VMBuilds\AbsorbanceSketch2\adafruit_adafruit_samd_adafruit_feather_m0\Release/core.a(Print.cpp.o)
                              C:\Users\Corban\AppData\Local\Temp\VMBuilds\AbsorbanceSketch2\adafruit_adafruit_samd_adafruit_feather_m0\Release\Adafruit_BluefruitLE_nRF51\Adafruit_ATParser.cpp.o (Print::write(unsigned char const*, unsigned int))
C:\Users\Corban\AppData\Local\Temp\VMBuilds\AbsorbanceSketch2\adafruit_adafruit_samd_adafruit_feather_m0\Release/core.a(Reset.cpp.o)
                              C:\Users\Corban\AppData\Local\Temp\VMBuilds\AbsorbanceSketch2\adafruit_adafruit_samd_adafruit_feather_m0\Release/core.a(delay.c.o) (tickReset)
C:\Users\Corban\AppData\Local\Temp\VMBuilds\AbsorbanceSketch2\adafruit_adafruit_samd_adafruit_feather_m0\Release/core.a(RingBuffer.cpp.o)
                              C:\Users\Corban\AppData\Local\Temp\VMBuilds\AbsorbanceSketch2\adafruit_adafruit_samd_adafruit_feather_m0\Release\Wire\Wire.cpp.o (RingBuffer::RingBuffer())
C:\Users\Corban\AppData\Local\Temp\VMBuilds\AbsorbanceSketch2\adafruit_adafruit_samd_adafruit_feather_m0\Release/core.a(SERCOM.cpp.o)
                              C:\Users\Corban\AppData\Local\Temp\VMBuilds\AbsorbanceSketch2\adafruit_adafruit_samd_adafruit_feather_m0\Release\variant\variant.cpp.o (SERCOM::SERCOM(Sercom*))
[...]
Memory Configuration

Name             Origin             Length             Attributes
FLASH            0x00002000         0x0003e000         xr
RAM              0x20000000         0x00008000         xrw
*default*        0x00000000         0xffffffff

Linker script and memory map

LOAD c:/users/corban/appdata/local/arduino15/packages/arduino/tools/arm-none-eabi-gcc/4.8.3-2014q1/bin/../lib/gcc/arm-none-eabi/4.8.3/armv6-m/crti.o
LOAD c:/users/corban/appdata/local/arduino15/packages/arduino/tools/arm-none-eabi-gcc/4.8.3-2014q1/bin/../lib/gcc/arm-none-eabi/4.8.3/armv6-m/crtbegin.o
LOAD c:/users/corban/appdata/local/arduino15/packages/arduino/tools/arm-none-eabi-gcc/4.8.3-2014q1/bin/../lib/gcc/arm-none-eabi/4.8.3/../../../../arm-none-eabi/lib/armv6-m/crt0.o
LOAD C:\Users\Corban\AppData\Local\Temp\VMBuilds\AbsorbanceSketch2\adafruit_adafruit_samd_adafruit_feather_m0\Release\AbsorbanceSketch2.cpp.o
LOAD C:\Users\Corban\AppData\Local\Temp\VMBuilds\AbsorbanceSketch2\adafruit_adafruit_samd_adafruit_feather_m0\Release\Adafruit_BluefruitLE_nRF51\Adafruit_ATParser.cpp.o
LOAD C:\Users\Corban\AppData\Local\Temp\VMBuilds\AbsorbanceSketch2\adafruit_adafruit_samd_adafruit_feather_m0\Release\Adafruit_BluefruitLE_nRF51\Adafruit_BLE.cpp.o
LOAD C:\Users\Corban\AppData\Local\Temp\VMBuilds\AbsorbanceSketch2\adafruit_adafruit_samd_adafruit_feather_m0\Release\Adafruit_BluefruitLE_nRF51\Adafruit_BLEBattery.cpp.o
LOAD C:\Users\Corban\AppData\Local\Temp\VMBuilds\AbsorbanceSketch2\adafruit_adafruit_samd_adafruit_feather_m0\Release\Adafruit_BluefruitLE_nRF51\Adafruit_BLEEddystone.cpp.o
LOAD C:\Users\Corban\AppData\Local\Temp\VMBuilds\AbsorbanceSketch2\adafruit_adafruit_samd_adafruit_feather_m0\Release\Adafruit_BluefruitLE_nRF51\Adafruit_BLEGatt.cpp.o
LOAD C:\Users\Corban\AppData\Local\Temp\VMBuilds\AbsorbanceSketch2\adafruit_adafruit_samd_adafruit_feather_m0\Release\Adafruit_BluefruitLE_nRF51\Adafruit_BLEMIDI.cpp.o
LOAD C:\Users\Corban\AppData\Local\Temp\VMBuilds\AbsorbanceSketch2\adafruit_adafruit_samd_adafruit_feather_m0\Release\Adafruit_BluefruitLE_nRF51\Adafruit_BluefruitLE_SPI.cpp.o
LOAD C:\Users\Corban\AppData\Local\Temp\VMBuilds\AbsorbanceSketch2\adafruit_adafruit_samd_adafruit_feather_m0\Release\Adafruit_BluefruitLE_nRF51\Adafruit_BluefruitLE_UART.cpp.o
LOAD C:\Users\Corban\AppData\Local\Temp\VMBuilds\AbsorbanceSketch2\adafruit_adafruit_samd_adafruit_feather_m0\Release\Adafruit_BluefruitLE_nRF51\utility\Adafruit_FIFO.cpp.o
LOAD C:\Users\Corban\AppData\Local\Temp\VMBuilds\AbsorbanceSketch2\adafruit_adafruit_samd_adafruit_feather_m0\Release\Adafruit_GFX\glcdfont.c.o
LOAD C:\Users\Corban\AppData\Local\Temp\VMBuilds\AbsorbanceSketch2\adafruit_adafruit_samd_adafruit_feather_m0\Release\Adafruit_GFX\Adafruit_GFX.cpp.o
LOAD C:\Users\Corban\AppData\Local\Temp\VMBuilds\AbsorbanceSketch2\adafruit_adafruit_samd_adafruit_feather_m0\Release\Adafruit_SSD1306\Adafruit_SSD1306.cpp.o
LOAD C:\Users\Corban\AppData\Local\Temp\VMBuilds\AbsorbanceSketch2\adafruit_adafruit_samd_adafruit_feather_m0\Release\SPI\SPI.cpp.o
LOAD C:\Users\Corban\AppData\Local\Temp\VMBuilds\AbsorbanceSketch2\adafruit_adafruit_samd_adafruit_feather_m0\Release\Wire\Wire.cpp.o
LOAD C:\Users\Corban\AppData\Local\Temp\VMBuilds\AbsorbanceSketch2\adafruit_adafruit_samd_adafruit_feather_m0\Release\AbsorbanceAnalyzer.cpp.o
LOAD C:\Users\Corban\AppData\Local\Temp\VMBuilds\AbsorbanceSketch2\adafruit_adafruit_samd_adafruit_feather_m0\Release\BluefruitConfig.cpp.o
LOAD C:\Users\Corban\AppData\Local\Temp\VMBuilds\AbsorbanceSketch2\adafruit_adafruit_samd_adafruit_feather_m0\Release\Button.cpp.o
LOAD C:\Users\Corban\AppData\Local\Temp\VMBuilds\AbsorbanceSketch2\adafruit_adafruit_samd_adafruit_feather_m0\Release\DisplayHandler.cpp.o
LOAD C:\Users\Corban\AppData\Local\Temp\VMBuilds\AbsorbanceSketch2\adafruit_adafruit_samd_adafruit_feather_m0\Release\IDGenerator.cpp.o
LOAD C:\Users\Corban\AppData\Local\Temp\VMBuilds\AbsorbanceSketch2\adafruit_adafruit_samd_adafruit_feather_m0\Release\JSON.cpp.o
LOAD C:\Users\Corban\AppData\Local\Temp\VMBuilds\AbsorbanceSketch2\adafruit_adafruit_samd_adafruit_feather_m0\Release\LedController.cpp.o
LOAD C:\Users\Corban\AppData\Local\Temp\VMBuilds\AbsorbanceSketch2\adafruit_adafruit_samd_adafruit_feather_m0\Release\Logger.cpp.o
LOAD C:\Users\Corban\AppData\Local\Temp\VMBuilds\AbsorbanceSketch2\adafruit_adafruit_samd_adafruit_feather_m0\Release\MenuHandler.cpp.o
LOAD C:\Users\Corban\AppData\Local\Temp\VMBuilds\AbsorbanceSketch2\adafruit_adafruit_samd_adafruit_feather_m0\Release\SchedulerCNS.cpp.o
LOAD C:\Users\Corban\AppData\Local\Temp\VMBuilds\AbsorbanceSketch2\adafruit_adafruit_samd_adafruit_feather_m0\Release\SensorController.cpp.o
LOAD C:\Users\Corban\AppData\Local\Temp\VMBuilds\AbsorbanceSketch2\adafruit_adafruit_samd_adafruit_feather_m0\Release\variant\variant.cpp.o
START GROUP
LOAD c:/users/corban/appdata/local/arduino15/packages/arduino/tools/arm-none-eabi-gcc/4.8.3-2014q1/bin/../lib/gcc/arm-none-eabi/4.8.3/../../../../arm-none-eabi/lib/armv6-m\libm.a
LOAD C:\Users\Corban\AppData\Local\Temp\VMBuilds\AbsorbanceSketch2\adafruit_adafruit_samd_adafruit_feather_m0\Release/core.a
END GROUP
START GROUP
LOAD c:/users/corban/appdata/local/arduino15/packages/arduino/tools/arm-none-eabi-gcc/4.8.3-2014q1/bin/../lib/gcc/arm-none-eabi/4.8.3/armv6-m\libgcc.a
LOAD c:/users/corban/appdata/local/arduino15/packages/arduino/tools/arm-none-eabi-gcc/4.8.3-2014q1/bin/../lib/gcc/arm-none-eabi/4.8.3/../../../../arm-none-eabi/lib/armv6-m\libc_s.a
END GROUP
START GROUP
LOAD c:/users/corban/appdata/local/arduino15/packages/arduino/tools/arm-none-eabi-gcc/4.8.3-2014q1/bin/../lib/gcc/arm-none-eabi/4.8.3/armv6-m\libgcc.a
LOAD c:/users/corban/appdata/local/arduino15/packages/arduino/tools/arm-none-eabi-gcc/4.8.3-2014q1/bin/../lib/gcc/arm-none-eabi/4.8.3/../../../../arm-none-eabi/lib/armv6-m\libc_s.a
LOAD c:/users/corban/appdata/local/arduino15/packages/arduino/tools/arm-none-eabi-gcc/4.8.3-2014q1/bin/../lib/gcc/arm-none-eabi/4.8.3/../../../../arm-none-eabi/lib/armv6-m\libnosys.a
END GROUP
START GROUP
LOAD c:/users/corban/appdata/local/arduino15/packages/arduino/tools/arm-none-eabi-gcc/4.8.3-2014q1/bin/../lib/gcc/arm-none-eabi/4.8.3/armv6-m\libgcc.a
LOAD c:/users/corban/appdata/local/arduino15/packages/arduino/tools/arm-none-eabi-gcc/4.8.3-2014q1/bin/../lib/gcc/arm-none-eabi/4.8.3/../../../../arm-none-eabi/lib/armv6-m\libc_s.a
LOAD c:/users/corban/appdata/local/arduino15/packages/arduino/tools/arm-none-eabi-gcc/4.8.3-2014q1/bin/../lib/gcc/arm-none-eabi/4.8.3/../../../../arm-none-eabi/lib/armv6-m\libnosys.a
END GROUP
LOAD c:/users/corban/appdata/local/arduino15/packages/arduino/tools/arm-none-eabi-gcc/4.8.3-2014q1/bin/../lib/gcc/arm-none-eabi/4.8.3/armv6-m/crtend.o
LOAD c:/users/corban/appdata/local/arduino15/packages/arduino/tools/arm-none-eabi-gcc/4.8.3-2014q1/bin/../lib/gcc/arm-none-eabi/4.8.3/armv6-m/crtn.o

.text           0x00002000     0xd828
 *(.isr_vector)
 .isr_vector    0x00002000       0xb0 C:\Users\Corban\AppData\Local\Temp\VMBuilds\AbsorbanceSketch2\adafruit_adafruit_samd_adafruit_feather_m0\Release/core.a(cortex_handlers.c.o)
                0x00002000                exception_table
 *(.text*)
 .text          0x000020b0       0x60 c:/users/corban/appdata/local/arduino15/packages/arduino/tools/arm-none-eabi-gcc/4.8.3-2014q1/bin/../lib/gcc/arm-none-eabi/4.8.3/armv6-m/crtbegin.o
 .text._ZN6LoggerD2Ev
                0x00002110        0xc C:\Users\Corban\AppData\Local\Temp\VMBuilds\AbsorbanceSketch2\adafruit_adafruit_samd_adafruit_feather_m0\Release\AbsorbanceSketch2.cpp.o
                0x00002110                Logger::~Logger()
                0x00002110                Logger::~Logger()
 .text._ZN14DisplayHandlerD2Ev
                0x0000211c        0xe C:\Users\Corban\AppData\Local\Temp\VMBuilds\AbsorbanceSketch2\adafruit_adafruit_samd_adafruit_feather_m0\Release\AbsorbanceSketch2.cpp.o
                0x0000211c                DisplayHandler::~DisplayHandler()
                0x0000211c                DisplayHandler::~DisplayHandler()
 .text._ZN6ButtonD2Ev
                0x0000212a        0xe C:\Users\Corban\AppData\Local\Temp\VMBuilds\AbsorbanceSketch2\adafruit_adafruit_samd_adafruit_feather_m0\Release\AbsorbanceSketch2.cpp.o
                0x0000212a                Button::~Button()
                0x0000212a                Button::~Button()
 .text._ZN16SensorControllerD2Ev
                0x00002138        0xe C:\Users\Corban\AppData\Local\Temp\VMBuilds\AbsorbanceSketch2\adafruit_adafruit_samd_adafruit_feather_m0\Release\AbsorbanceSketch2.cpp.o
                0x00002138                SensorController::~SensorController()
                0x00002138                SensorController::~SensorController()
 .text._ZN13LedControllerD2Ev
                0x00002146        0xe C:\Users\Corban\AppData\Local\Temp\VMBuilds\AbsorbanceSketch2\adafruit_adafruit_samd_adafruit_feather_m0\Release\AbsorbanceSketch2.cpp.o
                0x00002146                LedController::~LedController()
                0x00002146                LedController::~LedController()
 .text._ZN11MenuHandlerD2Ev
                0x00002154       0x3c C:\Users\Corban\AppData\Local\Temp\VMBuilds\AbsorbanceSketch2\adafruit_adafruit_samd_adafruit_feather_m0\Release\AbsorbanceSketch2.cpp.o
                0x00002154                MenuHandler::~MenuHandler()
                0x00002154                MenuHandler::~MenuHandler()
 .text._ZN18AbsorbanceAnalyzerD2Ev
                0x00002190       0x50 C:\Users\Corban\AppData\Local\Temp\VMBuilds\AbsorbanceSketch2\adafruit_adafruit_samd_adafruit_feather_m0\Release\AbsorbanceSketch2.cpp.o
                0x00002190                AbsorbanceAnalyzer::~AbsorbanceAnalyzer()
                0x00002190                AbsorbanceAnalyzer::~AbsorbanceAnalyzer()
 .text.__tcf_0  0x000021e0       0x20 C:\Users\Corban\AppData\Local\Temp\VMBuilds\AbsorbanceSketch2\adafruit_adafruit_samd_adafruit_feather_m0\Release\AbsorbanceSketch2.cpp.o
 .text.startup._Z41__static_initialization_and_destruction_0ii.constprop.1
                0x00002200      0x224 C:\Users\Corban\AppData\Local\Temp\VMBuilds\AbsorbanceSketch2\adafruit_adafruit_samd_adafruit_feather_m0\Release\AbsorbanceSketch2.cpp.o
 .text._Z5errorPK19__FlashStringHelper
                0x00002424       0x10 C:\Users\Corban\AppData\Local\Temp\VMBuilds\AbsorbanceSketch2\adafruit_adafruit_samd_adafruit_feather_m0\Release\AbsorbanceSketch2.cpp.o
                0x00002424                error(__FlashStringHelper const*)
 .text._ZN4JSOND2Ev
                0x00002434       0x34 C:\Users\Corban\AppData\Local\Temp\VMBuilds\AbsorbanceSketch2\adafruit_adafruit_samd_adafruit_feather_m0\Release\AbsorbanceSketch2.cpp.o
                0x00002434                JSON::~JSON()
                0x00002434                JSON::~JSON()
 .text.loop     0x00002468      0x2d0 C:\Users\Corban\AppData\Local\Temp\VMBuilds\AbsorbanceSketch2\adafruit_adafruit_samd_adafruit_feather_m0\Release\AbsorbanceSketch2.cpp.o
                0x00002468                loop
 .text.startup._GLOBAL__sub_I_verbose
                0x00002738        0x8 C:\Users\Corban\AppData\Local\Temp\VMBuilds\AbsorbanceSketch2\adafruit_adafruit_samd_adafruit_feather_m0\Release\AbsorbanceSketch2.cpp.o
 .text._Z8setupBlev
                0x00002740      0x130 C:\Users\Corban\AppData\Local\Temp\VMBuilds\AbsorbanceSketch2\adafruit_adafruit_samd_adafruit_feather_m0\Release\AbsorbanceSketch2.cpp.o
                0x00002740                setupBle()
 .text.setup    0x00002870      0x138 C:\Users\Corban\AppData\Local\Temp\VMBuilds\AbsorbanceSketch2\adafruit_adafruit_samd_adafruit_feather_m0\Release\AbsorbanceSketch2.cpp.o
                0x00002870                setup
 .text._ZN17Adafruit_ATParserC2Ev
                0x000029a8       0x1c C:\Users\Corban\AppData\Local\Temp\VMBuilds\AbsorbanceSketch2\adafruit_adafruit_samd_adafruit_feather_m0\Release\Adafruit_BluefruitLE_nRF51\Adafruit_ATParser.cpp.o
                0x000029a8                Adafruit_ATParser::Adafruit_ATParser()
                0x000029a8                Adafruit_ATParser::Adafruit_ATParser()
 .text._ZN17Adafruit_ATParser8readlineEPcttb
                0x000029c4       0x8c C:\Users\Corban\AppData\Local\Temp\VMBuilds\AbsorbanceSketch2\adafruit_adafruit_samd_adafruit_feather_m0\Release\Adafruit_BluefruitLE_nRF51\Adafruit_ATParser.cpp.o
                0x000029c4                Adafruit_ATParser::readline(char*, unsigned short, unsigned short, bool)
 .text._ZN17Adafruit_ATParser9waitForOKEv
                0x00002a50       0x64 C:\Users\Corban\AppData\Local\Temp\VMBuilds\AbsorbanceSketch2\adafruit_adafruit_samd_adafruit_feather_m0\Release\Adafruit_BluefruitLE_nRF51\Adafruit_ATParser.cpp.o
                0x00002a50                Adafruit_ATParser::waitForOK()
 .text._ZN17Adafruit_ATParser17readline_parseIntEv
                0x00002ab4       0x28 C:\Users\Corban\AppData\Local\Temp\VMBuilds\AbsorbanceSketch2\adafruit_adafruit_samd_adafruit_feather_m0\Release\Adafruit_BluefruitLE_nRF51\Adafruit_ATParser.cpp.o
                0x00002ab4                Adafruit_ATParser::readline_parseInt()
 .text._ZN17Adafruit_ATParser14printByteArrayEPKhi
                0x00002adc       0x52 C:\Users\Corban\AppData\Local\Temp\VMBuilds\AbsorbanceSketch2\adafruit_adafruit_samd_adafruit_feather_m0\Release\Adafruit_BluefruitLE_nRF51\Adafruit_ATParser.cpp.o
                0x00002adc                Adafruit_ATParser::printByteArray(unsigned char const*, int)
 *fill*         0x00002b2e        0x2 
 .text._ZN17Adafruit_ATParser17send_arg_get_respEPlhPtPm
                0x00002b30      0x10c C:\Users\Corban\AppData\Local\Temp\VMBuilds\AbsorbanceSketch2\adafruit_adafruit_samd_adafruit_feather_m0\Release\Adafruit_BluefruitLE_nRF51\Adafruit_ATParser.cpp.o
                0x00002b30                Adafruit_ATParser::send_arg_get_resp(long*, unsigned char, unsigned short*, unsigned long*)
 .text._ZN17Adafruit_ATParser14atcommand_fullEPKcPlhPtPm
                0x00002c3c       0x48 C:\Users\Corban\AppData\Local\Temp\VMBuilds\AbsorbanceSketch2\adafruit_adafruit_samd_adafruit_feather_m0\Release\Adafruit_BluefruitLE_nRF51\Adafruit_ATParser.cpp.o
                0x00002c3c                Adafruit_ATParser::atcommand_full(char const*, long*, unsigned char, unsigned short*, unsigned long*)
 .text._ZN17Adafruit_ATParser14atcommand_fullEPK19__FlashStringHelperPlhPtPm
                0x00002c84       0x48 C:\Users\Corban\AppData\Local\Temp\VMBuilds\AbsorbanceSketch2\adafruit_adafruit_samd_adafruit_feather_m0\Release\Adafruit_BluefruitLE_nRF51\Adafruit_ATParser.cpp.o
                0x00002c84                Adafruit_ATParser::atcommand_full(__FlashStringHelper const*, long*, unsigned char, unsigned short*, unsigned long*)
 .text._ZN17Adafruit_ATParser8readlineEv
                0x00002ccc       0x14 C:\Users\Corban\AppData\Local\Temp\VMBuilds\AbsorbanceSketch2\adafruit_adafruit_samd_adafruit_feather_m0\Release\Adafruit_BluefruitLE_nRF51\Adafruit_BLE.cpp.o
                0x00002ccc                Adafruit_ATParser::readline()
 .text._ZN12Adafruit_BLEC2Ev
                0x00002ce0       0x28 C:\Users\Corban\AppData\Local\Temp\VMBuilds\AbsorbanceSketch2\adafruit_adafruit_samd_adafruit_feather_m0\Release\Adafruit_BluefruitLE_nRF51\Adafruit_BLE.cpp.o
                0x00002ce0                Adafruit_BLE::Adafruit_BLE()
                0x00002ce0                Adafruit_BLE::Adafruit_BLE()
 .text._ZN12Adafruit_BLE12factoryResetEb
                0x00002d08       0x38 C:\Users\Corban\AppData\Local\Temp\VMBuilds\AbsorbanceSketch2\adafruit_adafruit_samd_adafruit_feather_m0\Release\Adafruit_BluefruitLE_nRF51\Adafruit_BLE.cpp.o
                0x00002d08                Adafruit_BLE::factoryReset(bool)
 .text._ZN12Adafruit_BLE4echoEb
                0x00002d40       0x24 C:\Users\Corban\AppData\Local\Temp\VMBuilds\AbsorbanceSketch2\adafruit_adafruit_samd_adafruit_feather_m0\Release\Adafruit_BluefruitLE_nRF51\Adafruit_BLE.cpp.o
                0x00002d40                Adafruit_BLE::echo(bool)
 .text._ZN12Adafruit_BLE11isConnectedEv
                0x00002d64       0x24 C:\Users\Corban\AppData\Local\Temp\VMBuilds\AbsorbanceSketch2\adafruit_adafruit_samd_adafruit_feather_m0\Release\Adafruit_BluefruitLE_nRF51\Adafruit_BLE.cpp.o
                0x00002d64                Adafruit_BLE::isConnected()
 .text._ZN12Adafruit_BLE4infoEv
                0x00002d88       0x90 C:\Users\Corban\AppData\Local\Temp\VMBuilds\AbsorbanceSketch2\adafruit_adafruit_samd_adafruit_feather_m0\Release\Adafruit_BluefruitLE_nRF51\Adafruit_BLE.cpp.o
                0x00002d88                Adafruit_BLE::info()
 .text._ZN12Adafruit_BLE16isVersionAtLeastEPKc
                0x00002e18       0x4c C:\Users\Corban\AppData\Local\Temp\VMBuilds\AbsorbanceSketch2\adafruit_adafruit_samd_adafruit_feather_m0\Release\Adafruit_BluefruitLE_nRF51\Adafruit_BLE.cpp.o
                0x00002e18                Adafruit_BLE::isVersionAtLeast(char const*)
 .text._ZN24Adafruit_BluefruitLE_SPI7setModeEh
                0x00002e64       0x14 C:\Users\Corban\AppData\Local\Temp\VMBuilds\AbsorbanceSketch2\adafruit_adafruit_samd_adafruit_feather_m0\Release\Adafruit_BluefruitLE_nRF51\Adafruit_BluefruitLE_SPI.cpp.o
                0x00002e64                Adafruit_BluefruitLE_SPI::setMode(unsigned char)
 .text._ZN24Adafruit_BluefruitLE_SPI5flushEv
                0x00002e78        0xa C:\Users\Corban\AppData\Local\Temp\VMBuilds\AbsorbanceSketch2\adafruit_adafruit_samd_adafruit_feather_m0\Release\Adafruit_BluefruitLE_nRF51\Adafruit_BluefruitLE_SPI.cpp.o
                0x00002e78                Adafruit_BluefruitLE_SPI::flush()
 .text._ZNK12TimeoutTimer7expiredEv
                0x00002e82       0x18 C:\Users\Corban\AppData\Local\Temp\VMBuilds\AbsorbanceSketch2\adafruit_adafruit_samd_adafruit_feather_m0\Release\Adafruit_BluefruitLE_nRF51\Adafruit_BluefruitLE_SPI.cpp.o
                0x00002e82                TimeoutTimer::expired() const
 *fill*         0x00002e9a        0x2 
 .text._ZN24Adafruit_BluefruitLE_SPIC2Eaaa
                0x00002e9c       0x50 C:\Users\Corban\AppData\Local\Temp\VMBuilds\AbsorbanceSketch2\adafruit_adafruit_samd_adafruit_feather_m0\Release\Adafruit_BluefruitLE_nRF51\Adafruit_BluefruitLE_SPI.cpp.o
                0x00002e9c                Adafruit_BluefruitLE_SPI::Adafruit_BluefruitLE_SPI(signed char, signed char, signed char)
                0x00002e9c                Adafruit_BluefruitLE_SPI::Adafruit_BluefruitLE_SPI(signed char, signed char, signed char)
 .text._ZN24Adafruit_BluefruitLE_SPI18simulateSwitchModeEv
                0x00002eec       0x30 C:\Users\Corban\AppData\Local\Temp\VMBuilds\AbsorbanceSketch2\adafruit_adafruit_samd_adafruit_feather_m0\Release\Adafruit_BluefruitLE_nRF51\Adafruit_BluefruitLE_SPI.cpp.o
                0x00002eec                Adafruit_BluefruitLE_SPI::simulateSwitchMode()
 .text._ZN24Adafruit_BluefruitLE_SPI7spixferEh
                0x00002f1c       0x6c C:\Users\Corban\AppData\Local\Temp\VMBuilds\AbsorbanceSketch2\adafruit_adafruit_samd_adafruit_feather_m0\Release\Adafruit_BluefruitLE_nRF51\Adafruit_BluefruitLE_SPI.cpp.o
                0x00002f1c                Adafruit_BluefruitLE_SPI::spixfer(unsigned char)
 .text._ZN24Adafruit_BluefruitLE_SPI7spixferEPvj
                0x00002f88       0x1c C:\Users\Corban\AppData\Local\Temp\VMBuilds\AbsorbanceSketch2\adafruit_adafruit_samd_adafruit_feather_m0\Release\Adafruit_BluefruitLE_nRF51\Adafruit_BluefruitLE_SPI.cpp.o
                0x00002f88                Adafruit_BluefruitLE_SPI::spixfer(void*, unsigned int)
 .text._ZN24Adafruit_BluefruitLE_SPI10sendPacketEtPKhhh
                0x00002fa4      0x114 C:\Users\Corban\AppData\Local\Temp\VMBuilds\AbsorbanceSketch2\adafruit_adafruit_samd_adafruit_feather_m0\Release\Adafruit_BluefruitLE_nRF51\Adafruit_BluefruitLE_SPI.cpp.o
                0x00002fa4                Adafruit_BluefruitLE_SPI::sendPacket(unsigned short, unsigned char const*, unsigned char, unsigned char)
 .text._ZN24Adafruit_BluefruitLE_SPI21sendInitializePatternEv
                0x000030b8       0x14 C:\Users\Corban\AppData\Local\Temp\VMBuilds\AbsorbanceSketch2\adafruit_adafruit_samd_adafruit_feather_m0\Release\Adafruit_BluefruitLE_nRF51\Adafruit_BluefruitLE_SPI.cpp.o
                0x000030b8                Adafruit_BluefruitLE_SPI::sendInitializePattern()
 .text._ZN24Adafruit_BluefruitLE_SPI5beginEbb
                0x000030cc       0xbc C:\Users\Corban\AppData\Local\Temp\VMBuilds\AbsorbanceSketch2\adafruit_adafruit_samd_adafruit_feather_m0\Release\Adafruit_BluefruitLE_nRF51\Adafruit_BluefruitLE_SPI.cpp.o
                0x000030cc                Adafruit_BluefruitLE_SPI::begin(bool, bool)
 .text._ZN24Adafruit_BluefruitLE_SPI9getPacketEP16sdepMsgCommand_t
                0x00003188      0x150 C:\Users\Corban\AppData\Local\Temp\VMBuilds\AbsorbanceSketch2\adafruit_adafruit_samd_adafruit_feather_m0\Release\Adafruit_BluefruitLE_nRF51\Adafruit_BluefruitLE_SPI.cpp.o
                0x00003188                Adafruit_BluefruitLE_SPI::getPacket(sdepMsgCommand_t*)
 .text._ZN24Adafruit_BluefruitLE_SPI11getResponseEv
                0x000032d8       0x4e C:\Users\Corban\AppData\Local\Temp\VMBuilds\AbsorbanceSketch2\adafruit_adafruit_samd_adafruit_feather_m0\Release\Adafruit_BluefruitLE_nRF51\Adafruit_BluefruitLE_SPI.cpp.o
                0x000032d8                Adafruit_BluefruitLE_SPI::getResponse()
 *fill*         0x00003326        0x2 
 .text._ZN24Adafruit_BluefruitLE_SPI5writeEh
                0x00003328       0xb8 C:\Users\Corban\AppData\Local\Temp\VMBuilds\AbsorbanceSketch2\adafruit_adafruit_samd_adafruit_feather_m0\Release\Adafruit_BluefruitLE_nRF51\Adafruit_BluefruitLE_SPI.cpp.o
                0x00003328                Adafruit_BluefruitLE_SPI::write(unsigned char)
 .text._ZN24Adafruit_BluefruitLE_SPI5writeEPKhj
                0x000033e0       0x98 C:\Users\Corban\AppData\Local\Temp\VMBuilds\AbsorbanceSketch2\adafruit_adafruit_samd_adafruit_feather_m0\Release\Adafruit_BluefruitLE_nRF51\Adafruit_BluefruitLE_SPI.cpp.o
                0x000033e0                Adafruit_BluefruitLE_SPI::write(unsigned char const*, unsigned int)
 .text._ZN24Adafruit_BluefruitLE_SPI9availableEv
                0x00003478       0x38 C:\Users\Corban\AppData\Local\Temp\VMBuilds\AbsorbanceSketch2\adafruit_adafruit_samd_adafruit_feather_m0\Release\Adafruit_BluefruitLE_nRF51\Adafruit_BluefruitLE_SPI.cpp.o
                0x00003478                Adafruit_BluefruitLE_SPI::available()
 .text._ZN24Adafruit_BluefruitLE_SPI4readEv
                0x000034b0       0x5c C:\Users\Corban\AppData\Local\Temp\VMBuilds\AbsorbanceSketch2\adafruit_adafruit_samd_adafruit_feather_m0\Release\Adafruit_BluefruitLE_nRF51\Adafruit_BluefruitLE_SPI.cpp.o
                0x000034b0                Adafruit_BluefruitLE_SPI::read()
 .text._ZN24Adafruit_BluefruitLE_SPI4peekEv
                0x0000350c       0x5c C:\Users\Corban\AppData\Local\Temp\VMBuilds\AbsorbanceSketch2\adafruit_adafruit_samd_adafruit_feather_m0\Release\Adafruit_BluefruitLE_nRF51\Adafruit_BluefruitLE_SPI.cpp.o
                0x0000350c                Adafruit_BluefruitLE_SPI::peek()
 .text.startup._GLOBAL__sub_I_bluefruitSPI
                0x00003568       0x18 C:\Users\Corban\AppData\Local\Temp\VMBuilds\AbsorbanceSketch2\adafruit_adafruit_samd_adafruit_feather_m0\Release\Adafruit_BluefruitLE_nRF51\Adafruit_BluefruitLE_SPI.cpp.o
 .text._ZN13Adafruit_FIFOC2EPvthb
                0x00003580       0x18 C:\Users\Corban\AppData\Local\Temp\VMBuilds\AbsorbanceSketch2\adafruit_adafruit_samd_adafruit_feather_m0\Release\Adafruit_BluefruitLE_nRF51\utility\Adafruit_FIFO.cpp.o
                0x00003580                Adafruit_FIFO::Adafruit_FIFO(void*, unsigned short, unsigned char, bool)
                0x00003580                Adafruit_FIFO::Adafruit_FIFO(void*, unsigned short, unsigned char, bool)
 .text._ZN13Adafruit_FIFO5clearEv
                0x00003598        0xa C:\Users\Corban\AppData\Local\Temp\VMBuilds\AbsorbanceSketch2\adafruit_adafruit_samd_adafruit_feather_m0\Release\Adafruit_BluefruitLE_nRF51\utility\Adafruit_FIFO.cpp.o
                0x00003598                Adafruit_FIFO::clear()
 .text._ZN13Adafruit_FIFO5writeEPKv
                0x000035a2       0x4a C:\Users\Corban\AppData\Local\Temp\VMBuilds\AbsorbanceSketch2\adafruit_adafruit_samd_adafruit_feather_m0\Release\Adafruit_BluefruitLE_nRF51\utility\Adafruit_FIFO.cpp.o
                0x000035a2                Adafruit_FIFO::write(void const*)
 .text._ZN13Adafruit_FIFO7write_nEPKvt
                0x000035ec       0x30 C:\Users\Corban\AppData\Local\Temp\VMBuilds\AbsorbanceSketch2\adafruit_adafruit_samd_adafruit_feather_m0\Release\Adafruit_BluefruitLE_nRF51\utility\Adafruit_FIFO.cpp.o
                0x000035ec                Adafruit_FIFO::write_n(void const*, unsigned short)
 .text._ZN13Adafruit_FIFO4readEPv
                0x0000361c       0x38 C:\Users\Corban\AppData\Local\Temp\VMBuilds\AbsorbanceSketch2\adafruit_adafruit_samd_adafruit_feather_m0\Release\Adafruit_BluefruitLE_nRF51\utility\Adafruit_FIFO.cpp.o
                0x0000361c                Adafruit_FIFO::read(void*)
 .text._ZN13Adafruit_FIFO4peekEPv
                0x00003654       0x22 C:\Users\Corban\AppData\Local\Temp\VMBuilds\AbsorbanceSketch2\adafruit_adafruit_samd_adafruit_feather_m0\Release\Adafruit_BluefruitLE_nRF51\utility\Adafruit_FIFO.cpp.o
                0x00003654                Adafruit_FIFO::peek(void*)
 *fill*         0x00003676        0x2 
 .text._ZN12Adafruit_GFX8drawLineEsssst
                0x00003678       0xd4 C:\Users\Corban\AppData\Local\Temp\VMBuilds\AbsorbanceSketch2\adafruit_adafruit_samd_adafruit_feather_m0\Release\Adafruit_GFX\Adafruit_GFX.cpp.o
                0x00003678                Adafruit_GFX::drawLine(short, short, short, short, unsigned short)
 .text._ZN12Adafruit_GFX8drawRectEsssst
                0x0000374c       0x74 C:\Users\Corban\AppData\Local\Temp\VMBuilds\AbsorbanceSketch2\adafruit_adafruit_samd_adafruit_feather_m0\Release\Adafruit_GFX\Adafruit_GFX.cpp.o
                0x0000374c                Adafruit_GFX::drawRect(short, short, short, short, unsigned short)
 .text._ZN12Adafruit_GFX13drawFastVLineEssst
                0x000037c0       0x1e C:\Users\Corban\AppData\Local\Temp\VMBuilds\AbsorbanceSketch2\adafruit_adafruit_samd_adafruit_feather_m0\Release\Adafruit_GFX\Adafruit_GFX.cpp.o
                0x000037c0                Adafruit_GFX::drawFastVLine(short, short, short, unsigned short)
 .text._ZN12Adafruit_GFX13drawFastHLineEssst
                0x000037de       0x18 C:\Users\Corban\AppData\Local\Temp\VMBuilds\AbsorbanceSketch2\adafruit_adafruit_samd_adafruit_feather_m0\Release\Adafruit_GFX\Adafruit_GFX.cpp.o
                0x000037de                Adafruit_GFX::drawFastHLine(short, short, short, unsigned short)
 .text._ZN12Adafruit_GFX8fillRectEsssst
                0x000037f6       0x42 C:\Users\Corban\AppData\Local\Temp\VMBuilds\AbsorbanceSketch2\adafruit_adafruit_samd_adafruit_feather_m0\Release\Adafruit_GFX\Adafruit_GFX.cpp.o
                0x000037f6                Adafruit_GFX::fillRect(short, short, short, short, unsigned short)
 .text._ZN12Adafruit_GFX10fillScreenEt
                0x00003838       0x1a C:\Users\Corban\AppData\Local\Temp\VMBuilds\AbsorbanceSketch2\adafruit_adafruit_samd_adafruit_feather_m0\Release\Adafruit_GFX\Adafruit_GFX.cpp.o
                0x00003838                Adafruit_GFX::fillScreen(unsigned short)
 .text._ZN12Adafruit_GFX13invertDisplayEb
                0x00003852        0x2 C:\Users\Corban\AppData\Local\Temp\VMBuilds\AbsorbanceSketch2\adafruit_adafruit_samd_adafruit_feather_m0\Release\Adafruit_GFX\Adafruit_GFX.cpp.o
                0x00003852                Adafruit_GFX::invertDisplay(bool)
 .text._ZN12Adafruit_GFXC2Ess
                0x00003854       0x30 C:\Users\Corban\AppData\Local\Temp\VMBuilds\AbsorbanceSketch2\adafruit_adafruit_samd_adafruit_feather_m0\Release\Adafruit_GFX\Adafruit_GFX.cpp.o
                0x00003854                Adafruit_GFX::Adafruit_GFX(short, short)
                0x00003854                Adafruit_GFX::Adafruit_GFX(short, short)
 .text._ZN12Adafruit_GFX8drawCharEsshtth
                0x00003884      0x248 C:\Users\Corban\AppData\Local\Temp\VMBuilds\AbsorbanceSketch2\adafruit_adafruit_samd_adafruit_feather_m0\Release\Adafruit_GFX\Adafruit_GFX.cpp.o
                0x00003884                Adafruit_GFX::drawChar(short, short, unsigned char, unsigned short, unsigned short, unsigned char)
 .text._ZN12Adafruit_GFX5writeEh
                0x00003acc       0xfe C:\Users\Corban\AppData\Local\Temp\VMBuilds\AbsorbanceSketch2\adafruit_adafruit_samd_adafruit_feather_m0\Release\Adafruit_GFX\Adafruit_GFX.cpp.o
                0x00003acc                Adafruit_GFX::write(unsigned char)
 .text._ZN12Adafruit_GFX9setCursorEss
                0x00003bca        0x6 C:\Users\Corban\AppData\Local\Temp\VMBuilds\AbsorbanceSketch2\adafruit_adafruit_samd_adafruit_feather_m0\Release\Adafruit_GFX\Adafruit_GFX.cpp.o
                0x00003bca                Adafruit_GFX::setCursor(short, short)
 .text._ZNK12Adafruit_GFX10getCursorXEv
                0x00003bd0        0x6 C:\Users\Corban\AppData\Local\Temp\VMBuilds\AbsorbanceSketch2\adafruit_adafruit_samd_adafruit_feather_m0\Release\Adafruit_GFX\Adafruit_GFX.cpp.o
                0x00003bd0                Adafruit_GFX::getCursorX() const
 .text._ZNK12Adafruit_GFX10getCursorYEv
                0x00003bd6        0x6 C:\Users\Corban\AppData\Local\Temp\VMBuilds\AbsorbanceSketch2\adafruit_adafruit_samd_adafruit_feather_m0\Release\Adafruit_GFX\Adafruit_GFX.cpp.o
                0x00003bd6                Adafruit_GFX::getCursorY() const
 .text._ZN12Adafruit_GFX11setTextSizeEh
                0x00003bdc        0xa C:\Users\Corban\AppData\Local\Temp\VMBuilds\AbsorbanceSketch2\adafruit_adafruit_samd_adafruit_feather_m0\Release\Adafruit_GFX\Adafruit_GFX.cpp.o
                0x00003bdc                Adafruit_GFX::setTextSize(unsigned char)
 .text._ZN12Adafruit_GFX12setTextColorEt
                0x00003be6        0x6 C:\Users\Corban\AppData\Local\Temp\VMBuilds\AbsorbanceSketch2\adafruit_adafruit_samd_adafruit_feather_m0\Release\Adafruit_GFX\Adafruit_GFX.cpp.o
                0x00003be6                Adafruit_GFX::setTextColor(unsigned short)
 .text._ZN12Adafruit_GFX11setTextWrapEb
                0x00003bec        0x4 C:\Users\Corban\AppData\Local\Temp\VMBuilds\AbsorbanceSketch2\adafruit_adafruit_samd_adafruit_feather_m0\Release\Adafruit_GFX\Adafruit_GFX.cpp.o
                0x00003bec                Adafruit_GFX::setTextWrap(bool)
 .text._ZNK12Adafruit_GFX11getRotationEv
                0x00003bf0        0x4 C:\Users\Corban\AppData\Local\Temp\VMBuilds\AbsorbanceSketch2\adafruit_adafruit_samd_adafruit_feather_m0\Release\Adafruit_GFX\Adafruit_GFX.cpp.o
                0x00003bf0                Adafruit_GFX::getRotation() const
 .text._ZN12Adafruit_GFX11setRotationEh
                0x00003bf4       0x1e C:\Users\Corban\AppData\Local\Temp\VMBuilds\AbsorbanceSketch2\adafruit_adafruit_samd_adafruit_feather_m0\Release\Adafruit_GFX\Adafruit_GFX.cpp.o
                0x00003bf4                Adafruit_GFX::setRotation(unsigned char)
 .text._ZNK12Adafruit_GFX5widthEv
                0x00003c12        0x6 C:\Users\Corban\AppData\Local\Temp\VMBuilds\AbsorbanceSketch2\adafruit_adafruit_samd_adafruit_feather_m0\Release\Adafruit_GFX\Adafruit_GFX.cpp.o
                0x00003c12                Adafruit_GFX::width() const
 .text._ZNK12Adafruit_GFX6heightEv
                0x00003c18        0x6 C:\Users\Corban\AppData\Local\Temp\VMBuilds\AbsorbanceSketch2\adafruit_adafruit_samd_adafruit_feather_m0\Release\Adafruit_GFX\Adafruit_GFX.cpp.o
                0x00003c18                Adafruit_GFX::height() const
 *fill*         0x00003c1e        0x2 
 .text._ZN16Adafruit_SSD130613drawFastHLineEssst
                0x00003c20      0x1cc C:\Users\Corban\AppData\Local\Temp\VMBuilds\AbsorbanceSketch2\adafruit_adafruit_samd_adafruit_feather_m0\Release\Adafruit_SSD1306\Adafruit_SSD1306.cpp.o
                0x00003c20                Adafruit_SSD1306::drawFastHLine(short, short, short, unsigned short)
 .text._ZN16Adafruit_SSD130613drawFastVLineEssst
                0x00003dec      0x1cc C:\Users\Corban\AppData\Local\Temp\VMBuilds\AbsorbanceSketch2\adafruit_adafruit_samd_adafruit_feather_m0\Release\Adafruit_SSD1306\Adafruit_SSD1306.cpp.o
                0x00003dec                Adafruit_SSD1306::drawFastVLine(short, short, short, unsigned short)
 .text._ZN16Adafruit_SSD13069drawPixelEsst
                0x00003fb8       0xd4 C:\Users\Corban\AppData\Local\Temp\VMBuilds\AbsorbanceSketch2\adafruit_adafruit_samd_adafruit_feather_m0\Release\Adafruit_SSD1306\Adafruit_SSD1306.cpp.o
                0x00003fb8                Adafruit_SSD1306::drawPixel(short, short, unsigned short)
 .text._ZN16Adafruit_SSD1306C2Ea
                0x0000408c       0x34 C:\Users\Corban\AppData\Local\Temp\VMBuilds\AbsorbanceSketch2\adafruit_adafruit_samd_adafruit_feather_m0\Release\Adafruit_SSD1306\Adafruit_SSD1306.cpp.o
                0x0000408c                Adafruit_SSD1306::Adafruit_SSD1306(signed char)
                0x0000408c                Adafruit_SSD1306::Adafruit_SSD1306(signed char)
 .text._ZN16Adafruit_SSD130612clearDisplayEv
                0x000040c0       0x14 C:\Users\Corban\AppData\Local\Temp\VMBuilds\AbsorbanceSketch2\adafruit_adafruit_samd_adafruit_feather_m0\Release\Adafruit_SSD1306\Adafruit_SSD1306.cpp.o
                0x000040c0                Adafruit_SSD1306::clearDisplay()
 .text._ZN16Adafruit_SSD130612fastSPIwriteEh
                0x000040d4       0x58 C:\Users\Corban\AppData\Local\Temp\VMBuilds\AbsorbanceSketch2\adafruit_adafruit_samd_adafruit_feather_m0\Release\Adafruit_SSD1306\Adafruit_SSD1306.cpp.o
                0x000040d4                Adafruit_SSD1306::fastSPIwrite(unsigned char)
 .text._ZN16Adafruit_SSD130615ssd1306_commandEh
                0x0000412c       0x70 C:\Users\Corban\AppData\Local\Temp\VMBuilds\AbsorbanceSketch2\adafruit_adafruit_samd_adafruit_feather_m0\Release\Adafruit_SSD1306\Adafruit_SSD1306.cpp.o
                0x0000412c                Adafruit_SSD1306::ssd1306_command(unsigned char)
 .text._ZN16Adafruit_SSD13065beginEhhb
                0x0000419c      0x1a8 C:\Users\Corban\AppData\Local\Temp\VMBuilds\AbsorbanceSketch2\adafruit_adafruit_samd_adafruit_feather_m0\Release\Adafruit_SSD1306\Adafruit_SSD1306.cpp.o
                0x0000419c                Adafruit_SSD1306::begin(unsigned char, unsigned char, bool)
 .text._ZN16Adafruit_SSD13067displayEv
                0x00004344       0xcc C:\Users\Corban\AppData\Local\Temp\VMBuilds\AbsorbanceSketch2\adafruit_adafruit_samd_adafruit_feather_m0\Release\Adafruit_SSD1306\Adafruit_SSD1306.cpp.o
                0x00004344                Adafruit_SSD1306::display()
 .text._ZN8SPIClass4initEv
                0x00004410       0x12 C:\Users\Corban\AppData\Local\Temp\VMBuilds\AbsorbanceSketch2\adafruit_adafruit_samd_adafruit_feather_m0\Release\SPI\SPI.cpp.o
                0x00004410                SPIClass::init()
 .text._ZN8SPIClass6configE11SPISettings
                0x00004422       0x36 C:\Users\Corban\AppData\Local\Temp\VMBuilds\AbsorbanceSketch2\adafruit_adafruit_samd_adafruit_feather_m0\Release\SPI\SPI.cpp.o
                0x00004422                SPIClass::config(SPISettings)
 .text._ZN8SPIClass5beginEv
                0x00004458       0x50 C:\Users\Corban\AppData\Local\Temp\VMBuilds\AbsorbanceSketch2\adafruit_adafruit_samd_adafruit_feather_m0\Release\SPI\SPI.cpp.o
                0x00004458                SPIClass::begin()
 .text._ZN8SPIClass16beginTransactionE11SPISettings
                0x000044a8       0x3c C:\Users\Corban\AppData\Local\Temp\VMBuilds\AbsorbanceSketch2\adafruit_adafruit_samd_adafruit_feather_m0\Release\SPI\SPI.cpp.o
                0x000044a8                SPIClass::beginTransaction(SPISettings)
 .text._ZN8SPIClass14endTransactionEv
                0x000044e4       0x28 C:\Users\Corban\AppData\Local\Temp\VMBuilds\AbsorbanceSketch2\adafruit_adafruit_samd_adafruit_feather_m0\Release\SPI\SPI.cpp.o
                0x000044e4                SPIClass::endTransaction()
 .text._ZN8SPIClass8transferEh
                0x0000450c       0x14 C:\Users\Corban\AppData\Local\Temp\VMBuilds\AbsorbanceSketch2\adafruit_adafruit_samd_adafruit_feather_m0\Release\SPI\SPI.cpp.o
                0x0000450c                SPIClass::transfer(unsigned char)
 .text.startup._GLOBAL__sub_I__ZN8SPIClassC2EP6SERCOMhhh14SercomSpiTXPad11SercomRXPad
                0x00004520       0x38 C:\Users\Corban\AppData\Local\Temp\VMBuilds\AbsorbanceSketch2\adafruit_adafruit_samd_adafruit_feather_m0\Release\SPI\SPI.cpp.o
 .text._ZN7TwoWire5writeEPKhj
                0x00004558       0x24 C:\Users\Corban\AppData\Local\Temp\VMBuilds\AbsorbanceSketch2\adafruit_adafruit_samd_adafruit_feather_m0\Release\Wire\Wire.cpp.o
                0x00004558                TwoWire::write(unsigned char const*, unsigned int)
 .text._ZN7TwoWire5flushEv
                0x0000457c        0x2 C:\Users\Corban\AppData\Local\Temp\VMBuilds\AbsorbanceSketch2\adafruit_adafruit_samd_adafruit_feather_m0\Release\Wire\Wire.cpp.o
                0x0000457c                TwoWire::flush()
 .text._ZN7TwoWire4readEv
                0x0000457e        0xa C:\Users\Corban\AppData\Local\Temp\VMBuilds\AbsorbanceSketch2\adafruit_adafruit_samd_adafruit_feather_m0\Release\Wire\Wire.cpp.o
                0x0000457e                TwoWire::read()
 .text._ZN7TwoWire9availableEv
                0x00004588        0xa C:\Users\Corban\AppData\Local\Temp\VMBuilds\AbsorbanceSketch2\adafruit_adafruit_samd_adafruit_feather_m0\Release\Wire\Wire.cpp.o
                0x00004588                TwoWire::available()
 .text._ZN7TwoWire5writeEh
                0x00004592       0x28 C:\Users\Corban\AppData\Local\Temp\VMBuilds\AbsorbanceSketch2\adafruit_adafruit_samd_adafruit_feather_m0\Release\Wire\Wire.cpp.o
                0x00004592                TwoWire::write(unsigned char)
 .text._ZN7TwoWire4peekEv
                0x000045ba        0xa C:\Users\Corban\AppData\Local\Temp\VMBuilds\AbsorbanceSketch2\adafruit_adafruit_samd_adafruit_feather_m0\Release\Wire\Wire.cpp.o
                0x000045ba                TwoWire::peek()
 .text._ZN7TwoWireC2EP6SERCOMhh
                0x000045c4       0x3c C:\Users\Corban\AppData\Local\Temp\VMBuilds\AbsorbanceSketch2\adafruit_adafruit_samd_adafruit_feather_m0\Release\Wire\Wire.cpp.o
                0x000045c4                TwoWire::TwoWire(SERCOM*, unsigned char, unsigned char)
                0x000045c4                TwoWire::TwoWire(SERCOM*, unsigned char, unsigned char)
 .text._ZN7TwoWire5beginEv
                0x00004600       0x40 C:\Users\Corban\AppData\Local\Temp\VMBuilds\AbsorbanceSketch2\adafruit_adafruit_samd_adafruit_feather_m0\Release\Wire\Wire.cpp.o
                0x00004600                TwoWire::begin()
 .text._ZN7TwoWire17beginTransmissionEh
                0x00004640       0x16 C:\Users\Corban\AppData\Local\Temp\VMBuilds\AbsorbanceSketch2\adafruit_adafruit_samd_adafruit_feather_m0\Release\Wire\Wire.cpp.o
                0x00004640                TwoWire::beginTransmission(unsigned char)
 .text._ZN7TwoWire15endTransmissionEb
                0x00004656       0x66 C:\Users\Corban\AppData\Local\Temp\VMBuilds\AbsorbanceSketch2\adafruit_adafruit_samd_adafruit_feather_m0\Release\Wire\Wire.cpp.o
                0x00004656                TwoWire::endTransmission(bool)
 .text._ZN7TwoWire15endTransmissionEv
                0x000046bc        0xa C:\Users\Corban\AppData\Local\Temp\VMBuilds\AbsorbanceSketch2\adafruit_adafruit_samd_adafruit_feather_m0\Release\Wire\Wire.cpp.o
                0x000046bc                TwoWire::endTransmission()
 .text._ZN7TwoWire9onServiceEv
                0x000046c6      0x104 C:\Users\Corban\AppData\Local\Temp\VMBuilds\AbsorbanceSketch2\adafruit_adafruit_samd_adafruit_feather_m0\Release\Wire\Wire.cpp.o
                0x000046c6                TwoWire::onService()
 *fill*         0x000047ca        0x2 
 .text.SERCOM3_Handler
                0x000047cc       0x10 C:\Users\Corban\AppData\Local\Temp\VMBuilds\AbsorbanceSketch2\adafruit_adafruit_samd_adafruit_feather_m0\Release\Wire\Wire.cpp.o
                0x000047cc                SERCOM3_Handler
 .text.startup._GLOBAL__sub_I__ZN7TwoWireC2EP6SERCOMhh
                0x000047dc       0x18 C:\Users\Corban\AppData\Local\Temp\VMBuilds\AbsorbanceSketch2\adafruit_adafruit_samd_adafruit_feather_m0\Release\Wire\Wire.cpp.o
 .text.__tcf_0  0x000047f4       0x20 C:\Users\Corban\AppData\Local\Temp\VMBuilds\AbsorbanceSketch2\adafruit_adafruit_samd_adafruit_feather_m0\Release\AbsorbanceAnalyzer.cpp.o
 .text._ZN18AbsorbanceAnalyzerC2E13LedController16SensorControlleribii
                0x00004814      0xcbc C:\Users\Corban\AppData\Local\Temp\VMBuilds\AbsorbanceSketch2\adafruit_adafruit_samd_adafruit_feather_m0\Release\AbsorbanceAnalyzer.cpp.o
                0x00004814                AbsorbanceAnalyzer::AbsorbanceAnalyzer(LedController, SensorController, int, bool, int, int)
                0x00004814                AbsorbanceAnalyzer::AbsorbanceAnalyzer(LedController, SensorController, int, bool, int, int)
 .text._ZN18AbsorbanceAnalyzer5setupEv
                0x000054d0       0x1c C:\Users\Corban\AppData\Local\Temp\VMBuilds\AbsorbanceSketch2\adafruit_adafruit_samd_adafruit_feather_m0\Release\AbsorbanceAnalyzer.cpp.o
                0x000054d0                AbsorbanceAnalyzer::setup()
 .text._ZN18AbsorbanceAnalyzer11takeReadingER14DisplayHandlerb
                0x000054ec      0x494 C:\Users\Corban\AppData\Local\Temp\VMBuilds\AbsorbanceSketch2\adafruit_adafruit_samd_adafruit_feather_m0\Release\AbsorbanceAnalyzer.cpp.o
                0x000054ec                AbsorbanceAnalyzer::takeReading(DisplayHandler&, bool)
 .text._ZN18AbsorbanceAnalyzer9takeBlankER14DisplayHandler
                0x00005980       0x44 C:\Users\Corban\AppData\Local\Temp\VMBuilds\AbsorbanceSketch2\adafruit_adafruit_samd_adafruit_feather_m0\Release\AbsorbanceAnalyzer.cpp.o
                0x00005980                AbsorbanceAnalyzer::takeBlank(DisplayHandler&)
 .text._ZN18AbsorbanceAnalyzer17recordLastReadingEv
                0x000059c4       0xac C:\Users\Corban\AppData\Local\Temp\VMBuilds\AbsorbanceSketch2\adafruit_adafruit_samd_adafruit_feather_m0\Release\AbsorbanceAnalyzer.cpp.o
                0x000059c4                AbsorbanceAnalyzer::recordLastReading()
 .text._ZN18AbsorbanceAnalyzer14getNumReadingsEv
                0x00005a70        0xc C:\Users\Corban\AppData\Local\Temp\VMBuilds\AbsorbanceSketch2\adafruit_adafruit_samd_adafruit_feather_m0\Release\AbsorbanceAnalyzer.cpp.o
                0x00005a70                AbsorbanceAnalyzer::getNumReadings()
 *fill*         0x00005a7c        0x4 
 .text._ZN18AbsorbanceAnalyzer16printReadingInfoEiR14DisplayHandler
                0x00005a80      0x250 C:\Users\Corban\AppData\Local\Temp\VMBuilds\AbsorbanceSketch2\adafruit_adafruit_samd_adafruit_feather_m0\Release\AbsorbanceAnalyzer.cpp.o
                0x00005a80                AbsorbanceAnalyzer::printReadingInfo(int, DisplayHandler&)
 .text._ZN18AbsorbanceAnalyzer14getReadingJSONEi
                0x00005cd0      0x11c C:\Users\Corban\AppData\Local\Temp\VMBuilds\AbsorbanceSketch2\adafruit_adafruit_samd_adafruit_feather_m0\Release\AbsorbanceAnalyzer.cpp.o
                0x00005cd0                AbsorbanceAnalyzer::getReadingJSON(int)
 .text.startup._GLOBAL__sub_I__ZN18AbsorbanceAnalyzerC2E13LedController16SensorControlleribii
                0x00005dec       0x60 C:\Users\Corban\AppData\Local\Temp\VMBuilds\AbsorbanceSketch2\adafruit_adafruit_samd_adafruit_feather_m0\Release\AbsorbanceAnalyzer.cpp.o
 .text._ZN6ButtonC2EiPib
                0x00005e4c       0xc0 C:\Users\Corban\AppData\Local\Temp\VMBuilds\AbsorbanceSketch2\adafruit_adafruit_samd_adafruit_feather_m0\Release\Button.cpp.o
                0x00005e4c                Button::Button(int, int*, bool)
                0x00005e4c                Button::Button(int, int*, bool)
 .text._ZN6Button5setupEv
                0x00005f0c       0x4c C:\Users\Corban\AppData\Local\Temp\VMBuilds\AbsorbanceSketch2\adafruit_adafruit_samd_adafruit_feather_m0\Release\Button.cpp.o
                0x00005f0c                Button::setup()
 .text._ZN6Button11getPositionEv
                0x00005f58       0x3e C:\Users\Corban\AppData\Local\Temp\VMBuilds\AbsorbanceSketch2\adafruit_adafruit_samd_adafruit_feather_m0\Release\Button.cpp.o
                0x00005f58                Button::getPosition()
 *fill*         0x00005f96        0x2 
 .text._ZN6Button8getStateEv
                0x00005f98      0x1c4 C:\Users\Corban\AppData\Local\Temp\VMBuilds\AbsorbanceSketch2\adafruit_adafruit_samd_adafruit_feather_m0\Release\Button.cpp.o
                0x00005f98                Button::getState()
 .text.__tcf_0  0x0000615c       0x20 C:\Users\Corban\AppData\Local\Temp\VMBuilds\AbsorbanceSketch2\adafruit_adafruit_samd_adafruit_feather_m0\Release\DisplayHandler.cpp.o
 .text._ZN14DisplayHandlerC2Eib
                0x0000617c       0xc8 C:\Users\Corban\AppData\Local\Temp\VMBuilds\AbsorbanceSketch2\adafruit_adafruit_samd_adafruit_feather_m0\Release\DisplayHandler.cpp.o
                0x0000617c                DisplayHandler::DisplayHandler(int, bool)
                0x0000617c                DisplayHandler::DisplayHandler(int, bool)
 .text._ZN14DisplayHandler7refreshEv
                0x00006244       0x28 C:\Users\Corban\AppData\Local\Temp\VMBuilds\AbsorbanceSketch2\adafruit_adafruit_samd_adafruit_feather_m0\Release\DisplayHandler.cpp.o
                0x00006244                DisplayHandler::refresh()
 .text._ZN14DisplayHandler10refreshNowEv
                0x0000626c        0xa C:\Users\Corban\AppData\Local\Temp\VMBuilds\AbsorbanceSketch2\adafruit_adafruit_samd_adafruit_feather_m0\Release\DisplayHandler.cpp.o
                0x0000626c                DisplayHandler::refreshNow()
 *fill*         0x00006276        0x2 
 .text._ZN14DisplayHandler24updateQuadrantDimensionsEv
                0x00006278       0x50 C:\Users\Corban\AppData\Local\Temp\VMBuilds\AbsorbanceSketch2\adafruit_adafruit_samd_adafruit_feather_m0\Release\DisplayHandler.cpp.o
                0x00006278                DisplayHandler::updateQuadrantDimensions()
 .text._ZN14DisplayHandler11setTextSizeEi
                0x000062c8       0x10 C:\Users\Corban\AppData\Local\Temp\VMBuilds\AbsorbanceSketch2\adafruit_adafruit_samd_adafruit_feather_m0\Release\DisplayHandler.cpp.o
                0x000062c8                DisplayHandler::setTextSize(int)
 .text._ZN14DisplayHandler11resetCursorEv
                0x000062d8       0x58 C:\Users\Corban\AppData\Local\Temp\VMBuilds\AbsorbanceSketch2\adafruit_adafruit_samd_adafruit_feather_m0\Release\DisplayHandler.cpp.o
                0x000062d8                DisplayHandler::resetCursor()
 .text._ZN14DisplayHandler15resetAllCursorsEv
                0x00006330       0x64 C:\Users\Corban\AppData\Local\Temp\VMBuilds\AbsorbanceSketch2\adafruit_adafruit_samd_adafruit_feather_m0\Release\DisplayHandler.cpp.o
                0x00006330                DisplayHandler::resetAllCursors()
 .text._ZN14DisplayHandler5setupEv
                0x00006394       0xd4 C:\Users\Corban\AppData\Local\Temp\VMBuilds\AbsorbanceSketch2\adafruit_adafruit_samd_adafruit_feather_m0\Release\DisplayHandler.cpp.o
                0x00006394                DisplayHandler::setup()
 .text._ZN14DisplayHandler17getRemainingCharsEv
                0x00006468      0x12c C:\Users\Corban\AppData\Local\Temp\VMBuilds\AbsorbanceSketch2\adafruit_adafruit_samd_adafruit_feather_m0\Release\DisplayHandler.cpp.o
                0x00006468                DisplayHandler::getRemainingChars()
 .text._ZN14DisplayHandler16resizeToQuadrantE6String
                0x00006594      0x148 C:\Users\Corban\AppData\Local\Temp\VMBuilds\AbsorbanceSketch2\adafruit_adafruit_samd_adafruit_feather_m0\Release\DisplayHandler.cpp.o
                0x00006594                DisplayHandler::resizeToQuadrant(String)
 .text._ZN14DisplayHandler5printE6String
                0x000066dc       0xe0 C:\Users\Corban\AppData\Local\Temp\VMBuilds\AbsorbanceSketch2\adafruit_adafruit_samd_adafruit_feather_m0\Release\DisplayHandler.cpp.o
                0x000066dc                DisplayHandler::print(String)
 .text._ZN14DisplayHandler5printEi
                0x000067bc       0x1c C:\Users\Corban\AppData\Local\Temp\VMBuilds\AbsorbanceSketch2\adafruit_adafruit_samd_adafruit_feather_m0\Release\DisplayHandler.cpp.o
                0x000067bc                DisplayHandler::print(int)
 .text._ZN14DisplayHandler5printEdi
                0x000067d8       0x32 C:\Users\Corban\AppData\Local\Temp\VMBuilds\AbsorbanceSketch2\adafruit_adafruit_samd_adafruit_feather_m0\Release\DisplayHandler.cpp.o
                0x000067d8                DisplayHandler::print(double, int)
 *fill*         0x0000680a        0x2 
 .text.startup._GLOBAL__sub_I__ZN14DisplayHandlerC2Eib
                0x0000680c       0x60 C:\Users\Corban\AppData\Local\Temp\VMBuilds\AbsorbanceSketch2\adafruit_adafruit_samd_adafruit_feather_m0\Release\DisplayHandler.cpp.o
 .text._ZN14DisplayHandler5clearEv
                0x0000686c       0x78 C:\Users\Corban\AppData\Local\Temp\VMBuilds\AbsorbanceSketch2\adafruit_adafruit_samd_adafruit_feather_m0\Release\DisplayHandler.cpp.o
                0x0000686c                DisplayHandler::clear()
 .text._ZN14DisplayHandler6invertEiii
                0x000068e4       0x9c C:\Users\Corban\AppData\Local\Temp\VMBuilds\AbsorbanceSketch2\adafruit_adafruit_samd_adafruit_feather_m0\Release\DisplayHandler.cpp.o
                0x000068e4                DisplayHandler::invert(int, int, int)
 .text._ZN14DisplayHandler17invertCurrentLineEi
                0x00006980       0x4c C:\Users\Corban\AppData\Local\Temp\VMBuilds\AbsorbanceSketch2\adafruit_adafruit_samd_adafruit_feather_m0\Release\DisplayHandler.cpp.o
                0x00006980                DisplayHandler::invertCurrentLine(int)
 .text._ZN11IDGenerator5getIDE6String
                0x000069cc       0xdc C:\Users\Corban\AppData\Local\Temp\VMBuilds\AbsorbanceSketch2\adafruit_adafruit_samd_adafruit_feather_m0\Release\IDGenerator.cpp.o
                0x000069cc                IDGenerator::getID(String)
 .text._ZN4JSONC2Ev
                0x00006aa8       0xdc C:\Users\Corban\AppData\Local\Temp\VMBuilds\AbsorbanceSketch2\adafruit_adafruit_samd_adafruit_feather_m0\Release\JSON.cpp.o
                0x00006aa8                JSON::JSON()
                0x00006aa8                JSON::JSON()
 .text._ZN4JSON3addE6StringS0_
                0x00006b84       0x30 C:\Users\Corban\AppData\Local\Temp\VMBuilds\AbsorbanceSketch2\adafruit_adafruit_samd_adafruit_feather_m0\Release\JSON.cpp.o
                0x00006b84                JSON::add(String, String)
 .text._ZN4JSON3addE6Stringi
                0x00006bb4       0x32 C:\Users\Corban\AppData\Local\Temp\VMBuilds\AbsorbanceSketch2\adafruit_adafruit_samd_adafruit_feather_m0\Release\JSON.cpp.o
                0x00006bb4                JSON::add(String, int)
 *fill*         0x00006be6        0x2 
 .text._ZN4JSON7quotifyE6String
                0x00006be8       0x38 C:\Users\Corban\AppData\Local\Temp\VMBuilds\AbsorbanceSketch2\adafruit_adafruit_samd_adafruit_feather_m0\Release\JSON.cpp.o
                0x00006be8                JSON::quotify(String)
 .text._ZN4JSON9getStringEv
                0x00006c20       0xb4 C:\Users\Corban\AppData\Local\Temp\VMBuilds\AbsorbanceSketch2\adafruit_adafruit_samd_adafruit_feather_m0\Release\JSON.cpp.o
                0x00006c20                JSON::getString()
 .text._ZN13LedControllerC2Eib
                0x00006cd4       0x64 C:\Users\Corban\AppData\Local\Temp\VMBuilds\AbsorbanceSketch2\adafruit_adafruit_samd_adafruit_feather_m0\Release\LedController.cpp.o
                0x00006cd4                LedController::LedController(int, bool)
                0x00006cd4                LedController::LedController(int, bool)
 .text._ZN13LedController6turnOnEv
                0x00006d38       0x24 C:\Users\Corban\AppData\Local\Temp\VMBuilds\AbsorbanceSketch2\adafruit_adafruit_samd_adafruit_feather_m0\Release\LedController.cpp.o
                0x00006d38                LedController::turnOn()
 .text._ZN13LedController7turnOffEv
                0x00006d5c       0x24 C:\Users\Corban\AppData\Local\Temp\VMBuilds\AbsorbanceSketch2\adafruit_adafruit_samd_adafruit_feather_m0\Release\LedController.cpp.o
                0x00006d5c                LedController::turnOff()
 .text._ZN13LedController5setupEv
                0x00006d80       0x34 C:\Users\Corban\AppData\Local\Temp\VMBuilds\AbsorbanceSketch2\adafruit_adafruit_samd_adafruit_feather_m0\Release\LedController.cpp.o
                0x00006d80                LedController::setup()
 .text._ZN6LoggerC2E6Stringb
                0x00006db4       0x24 C:\Users\Corban\AppData\Local\Temp\VMBuilds\AbsorbanceSketch2\adafruit_adafruit_samd_adafruit_feather_m0\Release\Logger.cpp.o
                0x00006db4                Logger::Logger(String, bool)
                0x00006db4                Logger::Logger(String, bool)
 .text._ZN6Logger12beginFuncLogEv
                0x00006dd8       0x10 C:\Users\Corban\AppData\Local\Temp\VMBuilds\AbsorbanceSketch2\adafruit_adafruit_samd_adafruit_feather_m0\Release\Logger.cpp.o
                0x00006dd8                Logger::beginFuncLog()
 .text._ZN6Logger10endFuncLogEv
                0x00006de8       0x10 C:\Users\Corban\AppData\Local\Temp\VMBuilds\AbsorbanceSketch2\adafruit_adafruit_samd_adafruit_feather_m0\Release\Logger.cpp.o
                0x00006de8                Logger::endFuncLog()
 .text._ZN6Logger1pE6String
                0x00006df8       0x30 C:\Users\Corban\AppData\Local\Temp\VMBuilds\AbsorbanceSketch2\adafruit_adafruit_samd_adafruit_feather_m0\Release\Logger.cpp.o
                0x00006df8                Logger::p(String)
 .text._ZN6Logger1pEPc
                0x00006e28       0x1a C:\Users\Corban\AppData\Local\Temp\VMBuilds\AbsorbanceSketch2\adafruit_adafruit_samd_adafruit_feather_m0\Release\Logger.cpp.o
                0x00006e28                Logger::p(char*)
 *fill*         0x00006e42        0x2 
 .text._ZN6Logger1tEv
                0x00006e44       0x24 C:\Users\Corban\AppData\Local\Temp\VMBuilds\AbsorbanceSketch2\adafruit_adafruit_samd_adafruit_feather_m0\Release\Logger.cpp.o
                0x00006e44                Logger::t()
 .text._ZN6Logger1pEi
                0x00006e68       0x1c C:\Users\Corban\AppData\Local\Temp\VMBuilds\AbsorbanceSketch2\adafruit_adafruit_samd_adafruit_feather_m0\Release\Logger.cpp.o
                0x00006e68                Logger::p(int)
 .text._ZN6Logger2tpE6String
                0x00006e84       0x38 C:\Users\Corban\AppData\Local\Temp\VMBuilds\AbsorbanceSketch2\adafruit_adafruit_samd_adafruit_feather_m0\Release\Logger.cpp.o
                0x00006e84                Logger::tp(String)
 .text._ZN6Logger2tpEPc
                0x00006ebc       0x1a C:\Users\Corban\AppData\Local\Temp\VMBuilds\AbsorbanceSketch2\adafruit_adafruit_samd_adafruit_feather_m0\Release\Logger.cpp.o
                0x00006ebc                Logger::tp(char*)
 *fill*         0x00006ed6        0x2 
 .text._ZN6Logger2plE6String
                0x00006ed8       0x60 C:\Users\Corban\AppData\Local\Temp\VMBuilds\AbsorbanceSketch2\adafruit_adafruit_samd_adafruit_feather_m0\Release\Logger.cpp.o
                0x00006ed8                Logger::pl(String)
 .text._ZN6Logger2plEPc
                0x00006f38       0x1a C:\Users\Corban\AppData\Local\Temp\VMBuilds\AbsorbanceSketch2\adafruit_adafruit_samd_adafruit_feather_m0\Release\Logger.cpp.o
                0x00006f38                Logger::pl(char*)
 *fill*         0x00006f52        0x2 
 .text._ZN6Logger2plEv
                0x00006f54       0x10 C:\Users\Corban\AppData\Local\Temp\VMBuilds\AbsorbanceSketch2\adafruit_adafruit_samd_adafruit_feather_m0\Release\Logger.cpp.o
                0x00006f54                Logger::pl()
 .text._ZN6Logger12beginFuncLogE6String
                0x00006f64       0x68 C:\Users\Corban\AppData\Local\Temp\VMBuilds\AbsorbanceSketch2\adafruit_adafruit_samd_adafruit_feather_m0\Release\Logger.cpp.o
                0x00006f64                Logger::beginFuncLog(String)
 .text._ZN6Logger10endFuncLogE6String
                0x00006fcc       0x68 C:\Users\Corban\AppData\Local\Temp\VMBuilds\AbsorbanceSketch2\adafruit_adafruit_samd_adafruit_feather_m0\Release\Logger.cpp.o
                0x00006fcc                Logger::endFuncLog(String)
 .text._ZN6Logger2plEi
                0x00007034       0x1c C:\Users\Corban\AppData\Local\Temp\VMBuilds\AbsorbanceSketch2\adafruit_adafruit_samd_adafruit_feather_m0\Release\Logger.cpp.o
                0x00007034                Logger::pl(int)
 .text._ZN6Logger3tplE6String
                0x00007050       0x68 C:\Users\Corban\AppData\Local\Temp\VMBuilds\AbsorbanceSketch2\adafruit_adafruit_samd_adafruit_feather_m0\Release\Logger.cpp.o
                0x00007050                Logger::tpl(String)
 .text._ZN6Logger3tplEPc
                0x000070b8       0x1a C:\Users\Corban\AppData\Local\Temp\VMBuilds\AbsorbanceSketch2\adafruit_adafruit_samd_adafruit_feather_m0\Release\Logger.cpp.o
                0x000070b8                Logger::tpl(char*)
 *fill*         0x000070d2        0x2 
 .text.__tcf_0  0x000070d4       0x20 C:\Users\Corban\AppData\Local\Temp\VMBuilds\AbsorbanceSketch2\adafruit_adafruit_samd_adafruit_feather_m0\Release\MenuHandler.cpp.o
 .text._ZN11MenuHandlerC2Eb
                0x000070f4       0xf0 C:\Users\Corban\AppData\Local\Temp\VMBuilds\AbsorbanceSketch2\adafruit_adafruit_samd_adafruit_feather_m0\Release\MenuHandler.cpp.o
                0x000070f4                MenuHandler::MenuHandler(bool)
                0x000070f4                MenuHandler::MenuHandler(bool)
 .text._ZN11MenuHandler13highlightItemEiR14DisplayHandler
                0x000071e4       0xf8 C:\Users\Corban\AppData\Local\Temp\VMBuilds\AbsorbanceSketch2\adafruit_adafruit_samd_adafruit_feather_m0\Release\MenuHandler.cpp.o
                0x000071e4                MenuHandler::highlightItem(int, DisplayHandler&)
 .text._ZN11MenuHandler9printMenuER14DisplayHandler
                0x000072dc       0xb4 C:\Users\Corban\AppData\Local\Temp\VMBuilds\AbsorbanceSketch2\adafruit_adafruit_samd_adafruit_feather_m0\Release\MenuHandler.cpp.o
                0x000072dc                MenuHandler::printMenu(DisplayHandler&)
 .text._ZN11MenuHandler13highlightNextER14DisplayHandler
                0x00007390       0x48 C:\Users\Corban\AppData\Local\Temp\VMBuilds\AbsorbanceSketch2\adafruit_adafruit_samd_adafruit_feather_m0\Release\MenuHandler.cpp.o
                0x00007390                MenuHandler::highlightNext(DisplayHandler&)
 .text._ZN11MenuHandler17highlightPreviousER14DisplayHandler
                0x000073d8       0x48 C:\Users\Corban\AppData\Local\Temp\VMBuilds\AbsorbanceSketch2\adafruit_adafruit_samd_adafruit_feather_m0\Release\MenuHandler.cpp.o
                0x000073d8                MenuHandler::highlightPrevious(DisplayHandler&)
 .text._ZN11MenuHandler9flashItemER14DisplayHandler
                0x00007420       0x46 C:\Users\Corban\AppData\Local\Temp\VMBuilds\AbsorbanceSketch2\adafruit_adafruit_samd_adafruit_feather_m0\Release\MenuHandler.cpp.o
                0x00007420                MenuHandler::flashItem(DisplayHandler&)
 .text._ZN11MenuHandler14getCurrentItemEv
                0x00007466        0x6 C:\Users\Corban\AppData\Local\Temp\VMBuilds\AbsorbanceSketch2\adafruit_adafruit_samd_adafruit_feather_m0\Release\MenuHandler.cpp.o
                0x00007466                MenuHandler::getCurrentItem()
 .text.startup._GLOBAL__sub_I__ZN11MenuHandlerC2Eb
                0x0000746c       0x60 C:\Users\Corban\AppData\Local\Temp\VMBuilds\AbsorbanceSketch2\adafruit_adafruit_samd_adafruit_feather_m0\Release\MenuHandler.cpp.o
 .text._ZN12SchedulerCNSC2Ev
                0x000074cc        0xa C:\Users\Corban\AppData\Local\Temp\VMBuilds\AbsorbanceSketch2\adafruit_adafruit_samd_adafruit_feather_m0\Release\SchedulerCNS.cpp.o
                0x000074cc                SchedulerCNS::SchedulerCNS()
                0x000074cc                SchedulerCNS::SchedulerCNS()
 .text._ZN12SchedulerCNSC2EPii
                0x000074d6       0x18 C:\Users\Corban\AppData\Local\Temp\VMBuilds\AbsorbanceSketch2\adafruit_adafruit_samd_adafruit_feather_m0\Release\SchedulerCNS.cpp.o
                0x000074d6                SchedulerCNS::SchedulerCNS(int*, int)
                0x000074d6                SchedulerCNS::SchedulerCNS(int*, int)
 .text._ZN12SchedulerCNSC2Ei
                0x000074ee        0x8 C:\Users\Corban\AppData\Local\Temp\VMBuilds\AbsorbanceSketch2\adafruit_adafruit_samd_adafruit_feather_m0\Release\SchedulerCNS.cpp.o
                0x000074ee                SchedulerCNS::SchedulerCNS(int)
                0x000074ee                SchedulerCNS::SchedulerCNS(int)
 *fill*         0x000074f6        0x2 
 .text._ZN12SchedulerCNS5setupEv
                0x000074f8       0x44 C:\Users\Corban\AppData\Local\Temp\VMBuilds\AbsorbanceSketch2\adafruit_adafruit_samd_adafruit_feather_m0\Release\SchedulerCNS.cpp.o
                0x000074f8                SchedulerCNS::setup()
 .text._ZN12SchedulerCNS6timeUpEi
                0x0000753c       0x24 C:\Users\Corban\AppData\Local\Temp\VMBuilds\AbsorbanceSketch2\adafruit_adafruit_samd_adafruit_feather_m0\Release\SchedulerCNS.cpp.o
                0x0000753c                SchedulerCNS::timeUp(int)
 .text._ZN12SchedulerCNS5resetEi
                0x00007560       0x14 C:\Users\Corban\AppData\Local\Temp\VMBuilds\AbsorbanceSketch2\adafruit_adafruit_samd_adafruit_feather_m0\Release\SchedulerCNS.cpp.o
                0x00007560                SchedulerCNS::reset(int)
 .text.__tcf_0  0x00007574       0x20 C:\Users\Corban\AppData\Local\Temp\VMBuilds\AbsorbanceSketch2\adafruit_adafruit_samd_adafruit_feather_m0\Release\SensorController.cpp.o
 .text._ZN16SensorControllerC2Eiib
                0x00007594       0xa4 C:\Users\Corban\AppData\Local\Temp\VMBuilds\AbsorbanceSketch2\adafruit_adafruit_samd_adafruit_feather_m0\Release\SensorController.cpp.o
                0x00007594                SensorController::SensorController(int, int, bool)
                0x00007594                SensorController::SensorController(int, int, bool)
 .text._ZN16SensorController5setupEv
                0x00007638       0x44 C:\Users\Corban\AppData\Local\Temp\VMBuilds\AbsorbanceSketch2\adafruit_adafruit_samd_adafruit_feather_m0\Release\SensorController.cpp.o
                0x00007638                SensorController::setup()
 .text._ZN16SensorController11updateArrayEv
                0x0000767c       0x38 C:\Users\Corban\AppData\Local\Temp\VMBuilds\AbsorbanceSketch2\adafruit_adafruit_samd_adafruit_feather_m0\Release\SensorController.cpp.o
                0x0000767c                SensorController::updateArray()
 .text._ZN16SensorController16beginOutputArrayEi
                0x000076b4       0x2a C:\Users\Corban\AppData\Local\Temp\VMBuilds\AbsorbanceSketch2\adafruit_adafruit_samd_adafruit_feather_m0\Release\SensorController.cpp.o
                0x000076b4                SensorController::beginOutputArray(int)
 .text._ZN16SensorController21getOutputArrayAverageEv
                0x000076de       0x20 C:\Users\Corban\AppData\Local\Temp\VMBuilds\AbsorbanceSketch2\adafruit_adafruit_samd_adafruit_feather_m0\Release\SensorController.cpp.o
                0x000076de                SensorController::getOutputArrayAverage()
 *fill*         0x000076fe        0x2 
 .text._ZN16SensorController17printSensorStatusE14DisplayHandler6String
                0x00007700       0x88 C:\Users\Corban\AppData\Local\Temp\VMBuilds\AbsorbanceSketch2\adafruit_adafruit_samd_adafruit_feather_m0\Release\SensorController.cpp.o
                0x00007700                SensorController::printSensorStatus(DisplayHandler, String)
 .text._ZN16SensorController13setResolutionEi
                0x00007788        0xc C:\Users\Corban\AppData\Local\Temp\VMBuilds\AbsorbanceSketch2\adafruit_adafruit_samd_adafruit_feather_m0\Release\SensorController.cpp.o
                0x00007788                SensorController::setResolution(int)
 .text.startup._GLOBAL__sub_I__ZN16SensorControllerC2Eiib
                0x00007794       0x60 C:\Users\Corban\AppData\Local\Temp\VMBuilds\AbsorbanceSketch2\adafruit_adafruit_samd_adafruit_feather_m0\Release\SensorController.cpp.o
 .text.SERCOM0_Handler
                0x000077f4       0x10 C:\Users\Corban\AppData\Local\Temp\VMBuilds\AbsorbanceSketch2\adafruit_adafruit_samd_adafruit_feather_m0\Release\variant\variant.cpp.o
                0x000077f4                SERCOM0_Handler
 .text.SERCOM5_Handler
                0x00007804       0x10 C:\Users\Corban\AppData\Local\Temp\VMBuilds\AbsorbanceSketch2\adafruit_adafruit_samd_adafruit_feather_m0\Release\variant\variant.cpp.o
                0x00007804                SERCOM5_Handler
 .text.startup._GLOBAL__sub_I_g_APinDescription
                0x00007814       0x94 C:\Users\Corban\AppData\Local\Temp\VMBuilds\AbsorbanceSketch2\adafruit_adafruit_samd_adafruit_feather_m0\Release\variant\variant.cpp.o
 .text.Dummy_Handler
                0x000078a8        0x2 C:\Users\Corban\AppData\Local\Temp\VMBuilds\AbsorbanceSketch2\adafruit_adafruit_samd_adafruit_feather_m0\Release/core.a(cortex_handlers.c.o)
                0x000078a8                DMAC_Handler
                0x000078a8                HardFault_Handler
                0x000078a8                AC_Handler
                0x000078a8                PendSV_Handler
                0x000078a8                NMI_Handler
                0x000078a8                TC7_Handler
                0x000078a8                SERCOM1_Handler
                0x000078a8                ADC_Handler
                0x000078a8                TCC1_Handler
                0x000078a8                SERCOM2_Handler
                0x000078a8                TCC0_Handler
                0x000078a8                RTC_Handler
                0x000078a8                EIC_Handler
                0x000078a8                TC6_Handler
                0x000078a8                WDT_Handler
                0x000078a8                TC4_Handler
                0x000078a8                TC3_Handler
                0x000078a8                Dummy_Handler
                0x000078a8                PM_Handler
                0x000078a8                SVC_Handler
                0x000078a8                TCC2_Handler
                0x000078a8                EVSYS_Handler
                0x000078a8                SERCOM4_Handler
                0x000078a8                I2S_Handler
                0x000078a8                NVMCTRL_Handler
                0x000078a8                DAC_Handler
                0x000078a8                PTC_Handler
                0x000078a8                SYSCTRL_Handler
 *fill*         0x000078aa        0x2 
 .text.USB_Handler
                0x000078ac       0x14 C:\Users\Corban\AppData\Local\Temp\VMBuilds\AbsorbanceSketch2\adafruit_adafruit_samd_adafruit_feather_m0\Release/core.a(cortex_handlers.c.o)
                0x000078ac                USB_Handler
 .text.Reset_Handler
                0x000078c0       0x58 C:\Users\Corban\AppData\Local\Temp\VMBuilds\AbsorbanceSketch2\adafruit_adafruit_samd_adafruit_feather_m0\Release/core.a(cortex_handlers.c.o)
                0x000078c0                Reset_Handler
 .text.SysTick_Handler
                0x00007918       0x10 C:\Users\Corban\AppData\Local\Temp\VMBuilds\AbsorbanceSketch2\adafruit_adafruit_samd_adafruit_feather_m0\Release/core.a(cortex_handlers.c.o)
                0x00007918                SysTick_Handler
 .text.USB_SetHandler
                0x00007928        0xc C:\Users\Corban\AppData\Local\Temp\VMBuilds\AbsorbanceSketch2\adafruit_adafruit_samd_adafruit_feather_m0\Release/core.a(cortex_handlers.c.o)
                0x00007928                USB_SetHandler
 .text.millis   0x00007934        0xc C:\Users\Corban\AppData\Local\Temp\VMBuilds\AbsorbanceSketch2\adafruit_adafruit_samd_adafruit_feather_m0\Release/core.a(delay.c.o)
                0x00007934                millis
 .text.delay    0x00007940       0x20 C:\Users\Corban\AppData\Local\Temp\VMBuilds\AbsorbanceSketch2\adafruit_adafruit_samd_adafruit_feather_m0\Release/core.a(delay.c.o)
                0x00007940                delay
 .text.SysTick_DefaultHandler
                0x00007960       0x14 C:\Users\Corban\AppData\Local\Temp\VMBuilds\AbsorbanceSketch2\adafruit_adafruit_samd_adafruit_feather_m0\Release/core.a(delay.c.o)
                0x00007960                SysTick_DefaultHandler
 .text.__empty  0x00007974        0x2 C:\Users\Corban\AppData\Local\Temp\VMBuilds\AbsorbanceSketch2\adafruit_adafruit_samd_adafruit_feather_m0\Release/core.a(hooks.c.o)
                0x00007974                yield
 .text.__false  0x00007976        0x4 C:\Users\Corban\AppData\Local\Temp\VMBuilds\AbsorbanceSketch2\adafruit_adafruit_samd_adafruit_feather_m0\Release/core.a(hooks.c.o)
                0x00007976                sysTickHook
 *fill*         0x0000797a        0x2 
 .text.SystemInit
                0x0000797c      0x16c C:\Users\Corban\AppData\Local\Temp\VMBuilds\AbsorbanceSketch2\adafruit_adafruit_samd_adafruit_feather_m0\Release/core.a(startup.c.o)
                0x0000797c                SystemInit
 .text.init     0x00007ae8       0xe4 C:\Users\Corban\AppData\Local\Temp\VMBuilds\AbsorbanceSketch2\adafruit_adafruit_samd_adafruit_feather_m0\Release/core.a(wiring.c.o)
                0x00007ae8                init
 .text.mapResolution
                0x00007bcc       0x12 C:\Users\Corban\AppData\Local\Temp\VMBuilds\AbsorbanceSketch2\adafruit_adafruit_samd_adafruit_feather_m0\Release/core.a(wiring_analog.c.o)
 *fill*         0x00007bde        0x2 
 .text.analogReadResolution
                0x00007be0       0x4c C:\Users\Corban\AppData\Local\Temp\VMBuilds\AbsorbanceSketch2\adafruit_adafruit_samd_adafruit_feather_m0\Release/core.a(wiring_analog.c.o)
                0x00007be0                analogReadResolution
 .text.analogReference
                0x00007c2c       0x5c C:\Users\Corban\AppData\Local\Temp\VMBuilds\AbsorbanceSketch2\adafruit_adafruit_samd_adafruit_feather_m0\Release/core.a(wiring_analog.c.o)
                0x00007c2c                analogReference
 .text.analogRead
                0x00007c88       0xe8 C:\Users\Corban\AppData\Local\Temp\VMBuilds\AbsorbanceSketch2\adafruit_adafruit_samd_adafruit_feather_m0\Release/core.a(wiring_analog.c.o)
                0x00007c88                analogRead
 .text.pinMode  0x00007d70       0xc0 C:\Users\Corban\AppData\Local\Temp\VMBuilds\AbsorbanceSketch2\adafruit_adafruit_samd_adafruit_feather_m0\Release/core.a(wiring_digital.c.o)
                0x00007d70                pinMode
 .text.digitalWrite
                0x00007e30       0x60 C:\Users\Corban\AppData\Local\Temp\VMBuilds\AbsorbanceSketch2\adafruit_adafruit_samd_adafruit_feather_m0\Release/core.a(wiring_digital.c.o)
                0x00007e30                digitalWrite
 .text.digitalRead
                0x00007e90       0x30 C:\Users\Corban\AppData\Local\Temp\VMBuilds\AbsorbanceSketch2\adafruit_adafruit_samd_adafruit_feather_m0\Release/core.a(wiring_digital.c.o)
                0x00007e90                digitalRead
 .text.pinPeripheral
                0x00007ec0       0xc4 C:\Users\Corban\AppData\Local\Temp\VMBuilds\AbsorbanceSketch2\adafruit_adafruit_samd_adafruit_feather_m0\Release/core.a(wiring_private.c.o)
                0x00007ec0                pinPeripheral
 .text.__cxa_pure_virtual
                0x00007f84        0x2 C:\Users\Corban\AppData\Local\Temp\VMBuilds\AbsorbanceSketch2\adafruit_adafruit_samd_adafruit_feather_m0\Release/core.a(abi.cpp.o)
                0x00007f84                __cxa_pure_virtual
 .text._Z11initVariantv
                0x00007f86        0x2 C:\Users\Corban\AppData\Local\Temp\VMBuilds\AbsorbanceSketch2\adafruit_adafruit_samd_adafruit_feather_m0\Release/core.a(main.cpp.o)
                0x00007f86                initVariant()
 .text.startup.main
                0x00007f88       0x3c C:\Users\Corban\AppData\Local\Temp\VMBuilds\AbsorbanceSketch2\adafruit_adafruit_samd_adafruit_feather_m0\Release/core.a(main.cpp.o)
                0x00007f88                main
 .text._ZN5Print5writeEPKhj
                0x00007fc4       0x28 C:\Users\Corban\AppData\Local\Temp\VMBuilds\AbsorbanceSketch2\adafruit_adafruit_samd_adafruit_feather_m0\Release/core.a(Print.cpp.o)
                0x00007fc4                Print::write(unsigned char const*, unsigned int)
 .text._ZN5Print5printEmi.part.3
                0x00007fec        0xc C:\Users\Corban\AppData\Local\Temp\VMBuilds\AbsorbanceSketch2\adafruit_adafruit_samd_adafruit_feather_m0\Release/core.a(Print.cpp.o)
 .text._ZN5Print5writeEPKc
                0x00007ff8       0x1c C:\Users\Corban\AppData\Local\Temp\VMBuilds\AbsorbanceSketch2\adafruit_adafruit_samd_adafruit_feather_m0\Release/core.a(Print.cpp.o)
                0x00007ff8                Print::write(char const*)
 .text._ZN5Print5printEPK19__FlashStringHelper
                0x00008014        0x8 C:\Users\Corban\AppData\Local\Temp\VMBuilds\AbsorbanceSketch2\adafruit_adafruit_samd_adafruit_feather_m0\Release/core.a(Print.cpp.o)
                0x00008014                Print::print(__FlashStringHelper const*)
 .text._ZN5Print5printERK6String
                0x0000801c       0x10 C:\Users\Corban\AppData\Local\Temp\VMBuilds\AbsorbanceSketch2\adafruit_adafruit_samd_adafruit_feather_m0\Release/core.a(Print.cpp.o)
                0x0000801c                Print::print(String const&)
 .text._ZN5Print5printEPKc
                0x0000802c        0x8 C:\Users\Corban\AppData\Local\Temp\VMBuilds\AbsorbanceSketch2\adafruit_adafruit_samd_adafruit_feather_m0\Release/core.a(Print.cpp.o)
                0x0000802c                Print::print(char const*)
 .text._ZN5Print5printEc
                0x00008034        0xa C:\Users\Corban\AppData\Local\Temp\VMBuilds\AbsorbanceSketch2\adafruit_adafruit_samd_adafruit_feather_m0\Release/core.a(Print.cpp.o)
                0x00008034                Print::print(char)
 *fill*         0x0000803e        0x2 
 .text._ZN5Print7printlnEv
                0x00008040       0x10 C:\Users\Corban\AppData\Local\Temp\VMBuilds\AbsorbanceSketch2\adafruit_adafruit_samd_adafruit_feather_m0\Release/core.a(Print.cpp.o)
                0x00008040                Print::println()
 .text._ZN5Print7printlnEPK19__FlashStringHelper
                0x00008050       0x14 C:\Users\Corban\AppData\Local\Temp\VMBuilds\AbsorbanceSketch2\adafruit_adafruit_samd_adafruit_feather_m0\Release/core.a(Print.cpp.o)
                0x00008050                Print::println(__FlashStringHelper const*)
 .text._ZN5Print7printlnERK6String
                0x00008064       0x14 C:\Users\Corban\AppData\Local\Temp\VMBuilds\AbsorbanceSketch2\adafruit_adafruit_samd_adafruit_feather_m0\Release/core.a(Print.cpp.o)
                0x00008064                Print::println(String const&)
 .text._ZN5Print7printlnEPKc
                0x00008078       0x14 C:\Users\Corban\AppData\Local\Temp\VMBuilds\AbsorbanceSketch2\adafruit_adafruit_samd_adafruit_feather_m0\Release/core.a(Print.cpp.o)
                0x00008078                Print::println(char const*)
 .text._ZN5Print11printNumberEmh
                0x0000808c       0x4e C:\Users\Corban\AppData\Local\Temp\VMBuilds\AbsorbanceSketch2\adafruit_adafruit_samd_adafruit_feather_m0\Release/core.a(Print.cpp.o)
                0x0000808c                Print::printNumber(unsigned long, unsigned char)
 .text._ZN5Print5printEli
                0x000080da       0x3c C:\Users\Corban\AppData\Local\Temp\VMBuilds\AbsorbanceSketch2\adafruit_adafruit_samd_adafruit_feather_m0\Release/core.a(Print.cpp.o)
                0x000080da                Print::print(long, int)
 .text._ZN5Print5printEii
                0x00008116        0x8 C:\Users\Corban\AppData\Local\Temp\VMBuilds\AbsorbanceSketch2\adafruit_adafruit_samd_adafruit_feather_m0\Release/core.a(Print.cpp.o)
                0x00008116                Print::print(int, int)
 .text._ZN5Print5printEmi
                0x0000811e       0x14 C:\Users\Corban\AppData\Local\Temp\VMBuilds\AbsorbanceSketch2\adafruit_adafruit_samd_adafruit_feather_m0\Release/core.a(Print.cpp.o)
                0x0000811e                Print::print(unsigned long, int)
 .text._ZN5Print5printEhi
                0x00008132        0x8 C:\Users\Corban\AppData\Local\Temp\VMBuilds\AbsorbanceSketch2\adafruit_adafruit_samd_adafruit_feather_m0\Release/core.a(Print.cpp.o)
                0x00008132                Print::print(unsigned char, int)
 *fill*         0x0000813a        0x2 
 .text.initiateReset
                0x0000813c        0xc C:\Users\Corban\AppData\Local\Temp\VMBuilds\AbsorbanceSketch2\adafruit_adafruit_samd_adafruit_feather_m0\Release/core.a(Reset.cpp.o)
                0x0000813c                initiateReset
 .text.cancelReset
                0x00008148       0x10 C:\Users\Corban\AppData\Local\Temp\VMBuilds\AbsorbanceSketch2\adafruit_adafruit_samd_adafruit_feather_m0\Release/core.a(Reset.cpp.o)
                0x00008148                cancelReset
 .text.tickReset
                0x00008158       0x5c C:\Users\Corban\AppData\Local\Temp\VMBuilds\AbsorbanceSketch2\adafruit_adafruit_samd_adafruit_feather_m0\Release/core.a(Reset.cpp.o)
                0x00008158                tickReset
 .text._ZN10RingBufferC2Ev
                0x000081b4       0x16 C:\Users\Corban\AppData\Local\Temp\VMBuilds\AbsorbanceSketch2\adafruit_adafruit_samd_adafruit_feather_m0\Release/core.a(RingBuffer.cpp.o)
                0x000081b4                RingBuffer::RingBuffer()
                0x000081b4                RingBuffer::RingBuffer()
 .text._ZN10RingBuffer10store_charEh
                0x000081ca       0x16 C:\Users\Corban\AppData\Local\Temp\VMBuilds\AbsorbanceSketch2\adafruit_adafruit_samd_adafruit_feather_m0\Release/core.a(RingBuffer.cpp.o)
                0x000081ca                RingBuffer::store_char(unsigned char)
 .text._ZN10RingBuffer5clearEv
                0x000081e0        0x8 C:\Users\Corban\AppData\Local\Temp\VMBuilds\AbsorbanceSketch2\adafruit_adafruit_samd_adafruit_feather_m0\Release/core.a(RingBuffer.cpp.o)
                0x000081e0                RingBuffer::clear()
 .text._ZN10RingBuffer9read_charEv
                0x000081e8       0x1c C:\Users\Corban\AppData\Local\Temp\VMBuilds\AbsorbanceSketch2\adafruit_adafruit_samd_adafruit_feather_m0\Release/core.a(RingBuffer.cpp.o)
                0x000081e8                RingBuffer::read_char()
 .text._ZN10RingBuffer9availableEv
                0x00008204        0xc C:\Users\Corban\AppData\Local\Temp\VMBuilds\AbsorbanceSketch2\adafruit_adafruit_samd_adafruit_feather_m0\Release/core.a(RingBuffer.cpp.o)
                0x00008204                RingBuffer::available()
 .text._ZN10RingBuffer4peekEv
                0x00008210       0x12 C:\Users\Corban\AppData\Local\Temp\VMBuilds\AbsorbanceSketch2\adafruit_adafruit_samd_adafruit_feather_m0\Release/core.a(RingBuffer.cpp.o)
                0x00008210                RingBuffer::peek()
 .text._ZN10RingBuffer6isFullEv
                0x00008222       0x14 C:\Users\Corban\AppData\Local\Temp\VMBuilds\AbsorbanceSketch2\adafruit_adafruit_samd_adafruit_feather_m0\Release/core.a(RingBuffer.cpp.o)
                0x00008222                RingBuffer::isFull()
 .text._ZN6SERCOMC2EP6Sercom
                0x00008236        0x4 C:\Users\Corban\AppData\Local\Temp\VMBuilds\AbsorbanceSketch2\adafruit_adafruit_samd_adafruit_feather_m0\Release/core.a(SERCOM.cpp.o)
                0x00008236                SERCOM::SERCOM(Sercom*)
                0x00008236                SERCOM::SERCOM(Sercom*)
 .text._ZN6SERCOM9initFrameE18SercomUartCharSize15SercomDataOrder16SercomParityMode19SercomNumberStopBit
                0x0000823a       0x38 C:\Users\Corban\AppData\Local\Temp\VMBuilds\AbsorbanceSketch2\adafruit_adafruit_samd_adafruit_feather_m0\Release/core.a(SERCOM.cpp.o)
                0x0000823a                SERCOM::initFrame(SercomUartCharSize, SercomDataOrder, SercomParityMode, SercomNumberStopBit)
 .text._ZN6SERCOM8initPadsE15SercomUartTXPad11SercomRXPad
                0x00008272       0x26 C:\Users\Corban\AppData\Local\Temp\VMBuilds\AbsorbanceSketch2\adafruit_adafruit_samd_adafruit_feather_m0\Release/core.a(SERCOM.cpp.o)
                0x00008272                SERCOM::initPads(SercomUartTXPad, SercomRXPad)
 .text._ZN6SERCOM9resetUARTEv
                0x00008298       0x1c C:\Users\Corban\AppData\Local\Temp\VMBuilds\AbsorbanceSketch2\adafruit_adafruit_samd_adafruit_feather_m0\Release/core.a(SERCOM.cpp.o)
                0x00008298                SERCOM::resetUART()
 .text._ZN6SERCOM10enableUARTEv
                0x000082b4       0x14 C:\Users\Corban\AppData\Local\Temp\VMBuilds\AbsorbanceSketch2\adafruit_adafruit_samd_adafruit_feather_m0\Release/core.a(SERCOM.cpp.o)
                0x000082b4                SERCOM::enableUART()
 .text._ZN6SERCOM9flushUARTEv
                0x000082c8       0x10 C:\Users\Corban\AppData\Local\Temp\VMBuilds\AbsorbanceSketch2\adafruit_adafruit_samd_adafruit_feather_m0\Release/core.a(SERCOM.cpp.o)
                0x000082c8                SERCOM::flushUART()
 .text._ZN6SERCOM15clearStatusUARTEv
                0x000082d8        0x8 C:\Users\Corban\AppData\Local\Temp\VMBuilds\AbsorbanceSketch2\adafruit_adafruit_samd_adafruit_feather_m0\Release/core.a(SERCOM.cpp.o)
                0x000082d8                SERCOM::clearStatusUART()
 .text._ZN6SERCOM17availableDataUARTEv
                0x000082e0        0xa C:\Users\Corban\AppData\Local\Temp\VMBuilds\AbsorbanceSketch2\adafruit_adafruit_samd_adafruit_feather_m0\Release/core.a(SERCOM.cpp.o)
                0x000082e0                SERCOM::availableDataUART()
 .text._ZN6SERCOM11isUARTErrorEv
                0x000082ea        0x8 C:\Users\Corban\AppData\Local\Temp\VMBuilds\AbsorbanceSketch2\adafruit_adafruit_samd_adafruit_feather_m0\Release/core.a(SERCOM.cpp.o)
                0x000082ea                SERCOM::isUARTError()
 .text._ZN6SERCOM20acknowledgeUARTErrorEv
                0x000082f2        0xe C:\Users\Corban\AppData\Local\Temp\VMBuilds\AbsorbanceSketch2\adafruit_adafruit_samd_adafruit_feather_m0\Release/core.a(SERCOM.cpp.o)
                0x000082f2                SERCOM::acknowledgeUARTError()
 .text._ZN6SERCOM12readDataUARTEv
                0x00008300        0x8 C:\Users\Corban\AppData\Local\Temp\VMBuilds\AbsorbanceSketch2\adafruit_adafruit_samd_adafruit_feather_m0\Release/core.a(SERCOM.cpp.o)
                0x00008300                SERCOM::readDataUART()
 .text._ZN6SERCOM13writeDataUARTEh
                0x00008308        0xe C:\Users\Corban\AppData\Local\Temp\VMBuilds\AbsorbanceSketch2\adafruit_adafruit_samd_adafruit_feather_m0\Release/core.a(SERCOM.cpp.o)
                0x00008308                SERCOM::writeDataUART(unsigned char)
 *fill*         0x00008316        0x2 
 .text._ZN6SERCOM12initSPIClockE18SercomSpiClockModem
                0x00008318       0x30 C:\Users\Corban\AppData\Local\Temp\VMBuilds\AbsorbanceSketch2\adafruit_adafruit_samd_adafruit_feather_m0\Release/core.a(SERCOM.cpp.o)
                0x00008318                SERCOM::initSPIClock(SercomSpiClockMode, unsigned long)
 .text._ZN6SERCOM8resetSPIEv
                0x00008348       0x1c C:\Users\Corban\AppData\Local\Temp\VMBuilds\AbsorbanceSketch2\adafruit_adafruit_samd_adafruit_feather_m0\Release/core.a(SERCOM.cpp.o)
                0x00008348                SERCOM::resetSPI()
 .text._ZN6SERCOM9enableSPIEv
                0x00008364       0x14 C:\Users\Corban\AppData\Local\Temp\VMBuilds\AbsorbanceSketch2\adafruit_adafruit_samd_adafruit_feather_m0\Release/core.a(SERCOM.cpp.o)
                0x00008364                SERCOM::enableSPI()
 .text._ZN6SERCOM10disableSPIEv
                0x00008378       0x14 C:\Users\Corban\AppData\Local\Temp\VMBuilds\AbsorbanceSketch2\adafruit_adafruit_samd_adafruit_feather_m0\Release/core.a(SERCOM.cpp.o)
                0x00008378                SERCOM::disableSPI()
 .text._ZN6SERCOM12writeDataSPIEh
                0x0000838c       0x26 C:\Users\Corban\AppData\Local\Temp\VMBuilds\AbsorbanceSketch2\adafruit_adafruit_samd_adafruit_feather_m0\Release/core.a(SERCOM.cpp.o)
                0x0000838c                SERCOM::writeDataSPI(unsigned char)
 .text._ZN6SERCOM11readDataSPIEv
                0x000083b2       0x1a C:\Users\Corban\AppData\Local\Temp\VMBuilds\AbsorbanceSketch2\adafruit_adafruit_samd_adafruit_feather_m0\Release/core.a(SERCOM.cpp.o)
                0x000083b2                SERCOM::readDataSPI()
 .text._ZN6SERCOM9resetWIREEv
                0x000083cc       0x1c C:\Users\Corban\AppData\Local\Temp\VMBuilds\AbsorbanceSketch2\adafruit_adafruit_samd_adafruit_feather_m0\Release/core.a(SERCOM.cpp.o)
                0x000083cc                SERCOM::resetWIRE()
 .text._ZN6SERCOM10enableWIREEv
                0x000083e8       0x28 C:\Users\Corban\AppData\Local\Temp\VMBuilds\AbsorbanceSketch2\adafruit_adafruit_samd_adafruit_feather_m0\Release/core.a(SERCOM.cpp.o)
                0x000083e8                SERCOM::enableWIRE()
 .text._ZN6SERCOM18prepareNackBitWIREEv
                0x00008410       0x10 C:\Users\Corban\AppData\Local\Temp\VMBuilds\AbsorbanceSketch2\adafruit_adafruit_samd_adafruit_feather_m0\Release/core.a(SERCOM.cpp.o)
                0x00008410                SERCOM::prepareNackBitWIRE()
 .text._ZN6SERCOM17prepareAckBitWIREEv
                0x00008420       0x14 C:\Users\Corban\AppData\Local\Temp\VMBuilds\AbsorbanceSketch2\adafruit_adafruit_samd_adafruit_feather_m0\Release/core.a(SERCOM.cpp.o)
                0x00008420                SERCOM::prepareAckBitWIRE()
 .text._ZN6SERCOM22prepareCommandBitsWireEh
                0x00008434       0x2c C:\Users\Corban\AppData\Local\Temp\VMBuilds\AbsorbanceSketch2\adafruit_adafruit_samd_adafruit_feather_m0\Release/core.a(SERCOM.cpp.o)
                0x00008434                SERCOM::prepareCommandBitsWire(unsigned char)
 .text._ZN6SERCOM21startTransmissionWIREEh23SercomWireReadWriteFlag
                0x00008460       0x5e C:\Users\Corban\AppData\Local\Temp\VMBuilds\AbsorbanceSketch2\adafruit_adafruit_samd_adafruit_feather_m0\Release/core.a(SERCOM.cpp.o)
                0x00008460                SERCOM::startTransmissionWIRE(unsigned char, SercomWireReadWriteFlag)
 .text._ZN6SERCOM18sendDataMasterWIREEh
                0x000084be       0x22 C:\Users\Corban\AppData\Local\Temp\VMBuilds\AbsorbanceSketch2\adafruit_adafruit_samd_adafruit_feather_m0\Release/core.a(SERCOM.cpp.o)
                0x000084be                SERCOM::sendDataMasterWIRE(unsigned char)
 .text._ZN6SERCOM17sendDataSlaveWIREEh
                0x000084e0       0x1a C:\Users\Corban\AppData\Local\Temp\VMBuilds\AbsorbanceSketch2\adafruit_adafruit_samd_adafruit_feather_m0\Release/core.a(SERCOM.cpp.o)
                0x000084e0                SERCOM::sendDataSlaveWIRE(unsigned char)
 .text._ZN6SERCOM11isSlaveWIREEv
                0x000084fa       0x12 C:\Users\Corban\AppData\Local\Temp\VMBuilds\AbsorbanceSketch2\adafruit_adafruit_samd_adafruit_feather_m0\Release/core.a(SERCOM.cpp.o)
                0x000084fa                SERCOM::isSlaveWIRE()
 .text._ZN6SERCOM15isDataReadyWIREEv
                0x0000850c        0xa C:\Users\Corban\AppData\Local\Temp\VMBuilds\AbsorbanceSketch2\adafruit_adafruit_samd_adafruit_feather_m0\Release/core.a(SERCOM.cpp.o)
                0x0000850c                SERCOM::isDataReadyWIRE()
 .text._ZN6SERCOM18isStopDetectedWIREEv
                0x00008516        0xa C:\Users\Corban\AppData\Local\Temp\VMBuilds\AbsorbanceSketch2\adafruit_adafruit_samd_adafruit_feather_m0\Release/core.a(SERCOM.cpp.o)
                0x00008516                SERCOM::isStopDetectedWIRE()
 .text._ZN6SERCOM21isRestartDetectedWIREEv
                0x00008520        0xa C:\Users\Corban\AppData\Local\Temp\VMBuilds\AbsorbanceSketch2\adafruit_adafruit_samd_adafruit_feather_m0\Release/core.a(SERCOM.cpp.o)
                0x00008520                SERCOM::isRestartDetectedWIRE()
 .text._ZN6SERCOM14isAddressMatchEv
                0x0000852a        0xa C:\Users\Corban\AppData\Local\Temp\VMBuilds\AbsorbanceSketch2\adafruit_adafruit_samd_adafruit_feather_m0\Release/core.a(SERCOM.cpp.o)
                0x0000852a                SERCOM::isAddressMatch()
 .text._ZN6SERCOM25isMasterReadOperationWIREEv
                0x00008534        0xa C:\Users\Corban\AppData\Local\Temp\VMBuilds\AbsorbanceSketch2\adafruit_adafruit_samd_adafruit_feather_m0\Release/core.a(SERCOM.cpp.o)
                0x00008534                SERCOM::isMasterReadOperationWIRE()
 .text._ZN6SERCOM12readDataWIREEv
                0x0000853e       0x1a C:\Users\Corban\AppData\Local\Temp\VMBuilds\AbsorbanceSketch2\adafruit_adafruit_samd_adafruit_feather_m0\Release/core.a(SERCOM.cpp.o)
                0x0000853e                SERCOM::readDataWIRE()
 .text._ZN6SERCOM13initClockNVICEv
                0x00008558       0xac C:\Users\Corban\AppData\Local\Temp\VMBuilds\AbsorbanceSketch2\adafruit_adafruit_samd_adafruit_feather_m0\Release/core.a(SERCOM.cpp.o)
                0x00008558                SERCOM::initClockNVIC()
 .text._ZN6SERCOM8initUARTE14SercomUartMode20SercomUartSampleRatem
                0x00008604       0x6c C:\Users\Corban\AppData\Local\Temp\VMBuilds\AbsorbanceSketch2\adafruit_adafruit_samd_adafruit_feather_m0\Release/core.a(SERCOM.cpp.o)
                0x00008604                SERCOM::initUART(SercomUartMode, SercomUartSampleRate, unsigned long)
 .text._ZN6SERCOM7initSPIE14SercomSpiTXPad11SercomRXPad17SercomSpiCharSize15SercomDataOrder
                0x00008670       0x48 C:\Users\Corban\AppData\Local\Temp\VMBuilds\AbsorbanceSketch2\adafruit_adafruit_samd_adafruit_feather_m0\Release/core.a(SERCOM.cpp.o)
                0x00008670                SERCOM::initSPI(SercomSpiTXPad, SercomRXPad, SercomSpiCharSize, SercomDataOrder)
 .text._ZN6SERCOM14initMasterWIREEm
                0x000086b8       0x38 C:\Users\Corban\AppData\Local\Temp\VMBuilds\AbsorbanceSketch2\adafruit_adafruit_samd_adafruit_feather_m0\Release/core.a(SERCOM.cpp.o)
                0x000086b8                SERCOM::initMasterWIRE(unsigned long)
 .text._ZN4UartcvbEv
                0x000086f0        0x4 C:\Users\Corban\AppData\Local\Temp\VMBuilds\AbsorbanceSketch2\adafruit_adafruit_samd_adafruit_feather_m0\Release/core.a(Uart.cpp.o)
                0x000086f0                Uart::operator bool()
 .text._ZN4Uart5beginEm
                0x000086f4        0xc C:\Users\Corban\AppData\Local\Temp\VMBuilds\AbsorbanceSketch2\adafruit_adafruit_samd_adafruit_feather_m0\Release/core.a(Uart.cpp.o)
                0x000086f4                Uart::begin(unsigned long)
 .text._ZN4Uart3endEv
                0x00008700       0x14 C:\Users\Corban\AppData\Local\Temp\VMBuilds\AbsorbanceSketch2\adafruit_adafruit_samd_adafruit_feather_m0\Release/core.a(Uart.cpp.o)
                0x00008700                Uart::end()
 .text._ZN4Uart5flushEv
                0x00008714        0xa C:\Users\Corban\AppData\Local\Temp\VMBuilds\AbsorbanceSketch2\adafruit_adafruit_samd_adafruit_feather_m0\Release/core.a(Uart.cpp.o)
                0x00008714                Uart::flush()
 .text._ZN4Uart9availableEv
                0x0000871e        0xa C:\Users\Corban\AppData\Local\Temp\VMBuilds\AbsorbanceSketch2\adafruit_adafruit_samd_adafruit_feather_m0\Release/core.a(Uart.cpp.o)
                0x0000871e                Uart::available()
 .text._ZN4Uart4peekEv
                0x00008728        0xa C:\Users\Corban\AppData\Local\Temp\VMBuilds\AbsorbanceSketch2\adafruit_adafruit_samd_adafruit_feather_m0\Release/core.a(Uart.cpp.o)
                0x00008728                Uart::peek()
 .text._ZN4Uart4readEv
                0x00008732        0xa C:\Users\Corban\AppData\Local\Temp\VMBuilds\AbsorbanceSketch2\adafruit_adafruit_samd_adafruit_feather_m0\Release/core.a(Uart.cpp.o)
                0x00008732                Uart::read()
 .text._ZN4Uart5writeEh
                0x0000873c        0xc C:\Users\Corban\AppData\Local\Temp\VMBuilds\AbsorbanceSketch2\adafruit_adafruit_samd_adafruit_feather_m0\Release/core.a(Uart.cpp.o)
                0x0000873c                Uart::write(unsigned char)
 .text._ZN4UartC2EP6SERCOMhh11SercomRXPad15SercomUartTXPad
                0x00008748       0x48 C:\Users\Corban\AppData\Local\Temp\VMBuilds\AbsorbanceSketch2\adafruit_adafruit_samd_adafruit_feather_m0\Release/core.a(Uart.cpp.o)
                0x00008748                Uart::Uart(SERCOM*, unsigned char, unsigned char, SercomRXPad, SercomUartTXPad)
                0x00008748                Uart::Uart(SERCOM*, unsigned char, unsigned char, SercomRXPad, SercomUartTXPad)
 .text._ZN4Uart10IrqHandlerEv
                0x00008790       0x36 C:\Users\Corban\AppData\Local\Temp\VMBuilds\AbsorbanceSketch2\adafruit_adafruit_samd_adafruit_feather_m0\Release/core.a(Uart.cpp.o)
                0x00008790                Uart::IrqHandler()
 .text._ZN4Uart16extractNbStopBitEt
                0x000087c6        0xe C:\Users\Corban\AppData\Local\Temp\VMBuilds\AbsorbanceSketch2\adafruit_adafruit_samd_adafruit_feather_m0\Release/core.a(Uart.cpp.o)
                0x000087c6                Uart::extractNbStopBit(unsigned short)
 .text._ZN4Uart15extractCharSizeEt
                0x000087d4       0x2c C:\Users\Corban\AppData\Local\Temp\VMBuilds\AbsorbanceSketch2\adafruit_adafruit_samd_adafruit_feather_m0\Release/core.a(Uart.cpp.o)
                0x000087d4                Uart::extractCharSize(unsigned short)
 .text._ZN4Uart13extractParityEt