Archive member included because of file (symbol)

C:\Users\Corban\AppData\Local\Temp\VMBuilds\AbsorbanceSketch2\adafruit_adafruit_samd_adafruit_feather_m0\Release/core.a(cortex_handlers.c.o)
                              (Reset_Handler)
C:\Users\Corban\AppData\Local\Temp\VMBuilds\AbsorbanceSketch2\adafruit_adafruit_samd_adafruit_feather_m0\Release/core.a(delay.c.o)
                              C:\Users\Corban\AppData\Local\Temp\VMBuilds\AbsorbanceSketch2\adafruit_adafruit_samd_adafruit_feather_m0\Release\AbsorbanceAnalyzer.cpp.o (millis)
C:\Users\Corban\AppData\Local\Temp\VMBuilds\AbsorbanceSketch2\adafruit_adafruit_samd_adafruit_feather_m0\Release/core.a(hooks.c.o)
                              C:\Users\Corban\AppData\Local\Temp\VMBuilds\AbsorbanceSketch2\adafruit_adafruit_samd_adafruit_feather_m0\Release/core.a(delay.c.o) (yield)
C:\Users\Corban\AppData\Local\Temp\VMBuilds\AbsorbanceSketch2\adafruit_adafruit_samd_adafruit_feather_m0\Release/core.a(startup.c.o)
                              C:\Users\Corban\AppData\Local\Temp\VMBuilds\AbsorbanceSketch2\adafruit_adafruit_samd_adafruit_feather_m0\Release/core.a(cortex_handlers.c.o) (SystemInit)
C:\Users\Corban\AppData\Local\Temp\VMBuilds\AbsorbanceSketch2\adafruit_adafruit_samd_adafruit_feather_m0\Release/core.a(wiring.c.o)
                              C:\Users\Corban\AppData\Local\Temp\VMBuilds\AbsorbanceSketch2\adafruit_adafruit_samd_adafruit_feather_m0\Release/core.a(startup.c.o) (SystemCoreClock)
C:\Users\Corban\AppData\Local\Temp\VMBuilds\AbsorbanceSketch2\adafruit_adafruit_samd_adafruit_feather_m0\Release/core.a(wiring_analog.c.o)
                              C:\Users\Corban\AppData\Local\Temp\VMBuilds\AbsorbanceSketch2\adafruit_adafruit_samd_adafruit_feather_m0\Release\SensorController.cpp.o (analogReadResolution)
C:\Users\Corban\AppData\Local\Temp\VMBuilds\AbsorbanceSketch2\adafruit_adafruit_samd_adafruit_feather_m0\Release/core.a(wiring_digital.c.o)
                              C:\Users\Corban\AppData\Local\Temp\VMBuilds\AbsorbanceSketch2\adafruit_adafruit_samd_adafruit_feather_m0\Release\Adafruit_SSD1306\Adafruit_SSD1306.cpp.o (pinMode)
C:\Users\Corban\AppData\Local\Temp\VMBuilds\AbsorbanceSketch2\adafruit_adafruit_samd_adafruit_feather_m0\Release/core.a(wiring_private.c.o)
                              C:\Users\Corban\AppData\Local\Temp\VMBuilds\AbsorbanceSketch2\adafruit_adafruit_samd_adafruit_feather_m0\Release\SPI\SPI.cpp.o (pinPeripheral)
C:\Users\Corban\AppData\Local\Temp\VMBuilds\AbsorbanceSketch2\adafruit_adafruit_samd_adafruit_feather_m0\Release/core.a(abi.cpp.o)
                              C:\Users\Corban\AppData\Local\Temp\VMBuilds\AbsorbanceSketch2\adafruit_adafruit_samd_adafruit_feather_m0\Release\Adafruit_GFX\Adafruit_GFX.cpp.o (__cxa_pure_virtual)
C:\Users\Corban\AppData\Local\Temp\VMBuilds\AbsorbanceSketch2\adafruit_adafruit_samd_adafruit_feather_m0\Release/core.a(main.cpp.o)
                              c:/users/corban/appdata/local/arduino15/packages/arduino/tools/arm-none-eabi-gcc/4.8.3-2014q1/bin/../lib/gcc/arm-none-eabi/4.8.3/../../../../arm-none-eabi/lib/armv6-m/crt0.o (main)
C:\Users\Corban\AppData\Local\Temp\VMBuilds\AbsorbanceSketch2\adafruit_adafruit_samd_adafruit_feather_m0\Release/core.a(Print.cpp.o)
                              C:\Users\Corban\AppData\Local\Temp\VMBuilds\AbsorbanceSketch2\adafruit_adafruit_samd_adafruit_feather_m0\Release\Adafruit_GFX\Adafruit_GFX.cpp.o (Print::write(unsigned char const*, unsigned int))
C:\Users\Corban\AppData\Local\Temp\VMBuilds\AbsorbanceSketch2\adafruit_adafruit_samd_adafruit_feather_m0\Release/core.a(Reset.cpp.o)
                              C:\Users\Corban\AppData\Local\Temp\VMBuilds\AbsorbanceSketch2\adafruit_adafruit_samd_adafruit_feather_m0\Release/core.a(delay.c.o) (tickReset)
C:\Users\Corban\AppData\Local\Temp\VMBuilds\AbsorbanceSketch2\adafruit_adafruit_samd_adafruit_feather_m0\Release/core.a(RingBuffer.cpp.o)
                              C:\Users\Corban\AppData\Local\Temp\VMBuilds\AbsorbanceSketch2\adafruit_adafruit_samd_adafruit_feather_m0\Release\Wire\Wire.cpp.o (RingBuffer::RingBuffer())
C:\Users\Corban\AppData\Local\Temp\VMBuilds\AbsorbanceSketch2\adafruit_adafruit_samd_adafruit_feather_m0\Release/core.a(SERCOM.cpp.o)
                              C:\Users\Corban\AppData\Local\Temp\VMBuilds\AbsorbanceSketch2\adafruit_adafruit_samd_adafruit_feather_m0\Release\variant\variant.cpp.o (SERCOM::SERCOM(Sercom*))
C:\Users\Corban\AppData\Local\Temp\VMBuilds\AbsorbanceSketch2\adafruit_adafruit_samd_adafruit_feather_m0\Release/core.a(Uart.cpp.o)
                              C:\Users\Corban\AppData\Local\Temp\VMBuilds\AbsorbanceSketch2\adafruit_adafruit_samd_adafruit_feather_m0\Release\variant\variant.cpp.o (Uart::Uart(SERCOM*, unsigned char, unsigned char, SercomRXPad, SercomUartTXPad))
C:\Users\Corban\AppData\Local\Temp\VMBuilds\AbsorbanceSketch2\adafruit_adafruit_samd_adafruit_feather_m0\Release/core.a(WString.cpp.o)
[...]
Memory Configuration

Name             Origin             Length             Attributes
FLASH            0x00002000         0x0003e000         xr
RAM              0x20000000         0x00008000         xrw
*default*        0x00000000         0xffffffff

Linker script and memory map

LOAD c:/users/corban/appdata/local/arduino15/packages/arduino/tools/arm-none-eabi-gcc/4.8.3-2014q1/bin/../lib/gcc/arm-none-eabi/4.8.3/armv6-m/crti.o
LOAD c:/users/corban/appdata/local/arduino15/packages/arduino/tools/arm-none-eabi-gcc/4.8.3-2014q1/bin/../lib/gcc/arm-none-eabi/4.8.3/armv6-m/crtbegin.o
LOAD c:/users/corban/appdata/local/arduino15/packages/arduino/tools/arm-none-eabi-gcc/4.8.3-2014q1/bin/../lib/gcc/arm-none-eabi/4.8.3/../../../../arm-none-eabi/lib/armv6-m/crt0.o
LOAD C:\Users\Corban\AppData\Local\Temp\VMBuilds\AbsorbanceSketch2\adafruit_adafruit_samd_adafruit_feather_m0\Release\AbsorbanceSketch2.cpp.o
LOAD C:\Users\Corban\AppData\Local\Temp\VMBuilds\AbsorbanceSketch2\adafruit_adafruit_samd_adafruit_feather_m0\Release\Adafruit_GFX\glcdfont.c.o
LOAD C:\Users\Corban\AppData\Local\Temp\VMBuilds\AbsorbanceSketch2\adafruit_adafruit_samd_adafruit_feather_m0\Release\Adafruit_GFX\Adafruit_GFX.cpp.o
LOAD C:\Users\Corban\AppData\Local\Temp\VMBuilds\AbsorbanceSketch2\adafruit_adafruit_samd_adafruit_feather_m0\Release\Adafruit_SSD1306\Adafruit_SSD1306.cpp.o
LOAD C:\Users\Corban\AppData\Local\Temp\VMBuilds\AbsorbanceSketch2\adafruit_adafruit_samd_adafruit_feather_m0\Release\SPI\SPI.cpp.o
LOAD C:\Users\Corban\AppData\Local\Temp\VMBuilds\AbsorbanceSketch2\adafruit_adafruit_samd_adafruit_feather_m0\Release\Wire\Wire.cpp.o
LOAD C:\Users\Corban\AppData\Local\Temp\VMBuilds\AbsorbanceSketch2\adafruit_adafruit_samd_adafruit_feather_m0\Release\AbsorbanceAnalyzer.cpp.o
LOAD C:\Users\Corban\AppData\Local\Temp\VMBuilds\AbsorbanceSketch2\adafruit_adafruit_samd_adafruit_feather_m0\Release\Button.cpp.o
LOAD C:\Users\Corban\AppData\Local\Temp\VMBuilds\AbsorbanceSketch2\adafruit_adafruit_samd_adafruit_feather_m0\Release\DisplayHandler.cpp.o
LOAD C:\Users\Corban\AppData\Local\Temp\VMBuilds\AbsorbanceSketch2\adafruit_adafruit_samd_adafruit_feather_m0\Release\LedController.cpp.o
LOAD C:\Users\Corban\AppData\Local\Temp\VMBuilds\AbsorbanceSketch2\adafruit_adafruit_samd_adafruit_feather_m0\Release\Logger.cpp.o
LOAD C:\Users\Corban\AppData\Local\Temp\VMBuilds\AbsorbanceSketch2\adafruit_adafruit_samd_adafruit_feather_m0\Release\MenuHandler.cpp.o
LOAD C:\Users\Corban\AppData\Local\Temp\VMBuilds\AbsorbanceSketch2\adafruit_adafruit_samd_adafruit_feather_m0\Release\SchedulerCNS.cpp.o
LOAD C:\Users\Corban\AppData\Local\Temp\VMBuilds\AbsorbanceSketch2\adafruit_adafruit_samd_adafruit_feather_m0\Release\SensorController.cpp.o
LOAD C:\Users\Corban\AppData\Local\Temp\VMBuilds\AbsorbanceSketch2\adafruit_adafruit_samd_adafruit_feather_m0\Release\variant\variant.cpp.o
START GROUP
LOAD c:/users/corban/appdata/local/arduino15/packages/arduino/tools/arm-none-eabi-gcc/4.8.3-2014q1/bin/../lib/gcc/arm-none-eabi/4.8.3/../../../../arm-none-eabi/lib/armv6-m\libm.a
LOAD C:\Users\Corban\AppData\Local\Temp\VMBuilds\AbsorbanceSketch2\adafruit_adafruit_samd_adafruit_feather_m0\Release/core.a
END GROUP
START GROUP
LOAD c:/users/corban/appdata/local/arduino15/packages/arduino/tools/arm-none-eabi-gcc/4.8.3-2014q1/bin/../lib/gcc/arm-none-eabi/4.8.3/armv6-m\libgcc.a
LOAD c:/users/corban/appdata/local/arduino15/packages/arduino/tools/arm-none-eabi-gcc/4.8.3-2014q1/bin/../lib/gcc/arm-none-eabi/4.8.3/../../../../arm-none-eabi/lib/armv6-m\libc_s.a
END GROUP
START GROUP
LOAD c:/users/corban/appdata/local/arduino15/packages/arduino/tools/arm-none-eabi-gcc/4.8.3-2014q1/bin/../lib/gcc/arm-none-eabi/4.8.3/armv6-m\libgcc.a
LOAD c:/users/corban/appdata/local/arduino15/packages/arduino/tools/arm-none-eabi-gcc/4.8.3-2014q1/bin/../lib/gcc/arm-none-eabi/4.8.3/../../../../arm-none-eabi/lib/armv6-m\libc_s.a
LOAD c:/users/corban/appdata/local/arduino15/packages/arduino/tools/arm-none-eabi-gcc/4.8.3-2014q1/bin/../lib/gcc/arm-none-eabi/4.8.3/../../../../arm-none-eabi/lib/armv6-m\libnosys.a
END GROUP
START GROUP
LOAD c:/users/corban/appdata/local/arduino15/packages/arduino/tools/arm-none-eabi-gcc/4.8.3-2014q1/bin/../lib/gcc/arm-none-eabi/4.8.3/armv6-m\libgcc.a
LOAD c:/users/corban/appdata/local/arduino15/packages/arduino/tools/arm-none-eabi-gcc/4.8.3-2014q1/bin/../lib/gcc/arm-none-eabi/4.8.3/../../../../arm-none-eabi/lib/armv6-m\libc_s.a
LOAD c:/users/corban/appdata/local/arduino15/packages/arduino/tools/arm-none-eabi-gcc/4.8.3-2014q1/bin/../lib/gcc/arm-none-eabi/4.8.3/../../../../arm-none-eabi/lib/armv6-m\libnosys.a
END GROUP
LOAD c:/users/corban/appdata/local/arduino15/packages/arduino/tools/arm-none-eabi-gcc/4.8.3-2014q1/bin/../lib/gcc/arm-none-eabi/4.8.3/armv6-m/crtend.o
LOAD c:/users/corban/appdata/local/arduino15/packages/arduino/tools/arm-none-eabi-gcc/4.8.3-2014q1/bin/../lib/gcc/arm-none-eabi/4.8.3/armv6-m/crtn.o

.text           0x00002000     0xb110
 *(.isr_vector)
 .isr_vector    0x00002000       0xb0 C:\Users\Corban\AppData\Local\Temp\VMBuilds\AbsorbanceSketch2\adafruit_adafruit_samd_adafruit_feather_m0\Release/core.a(cortex_handlers.c.o)
                0x00002000                exception_table
 *(.text*)
 .text          0x000020b0       0x60 c:/users/corban/appdata/local/arduino15/packages/arduino/tools/arm-none-eabi-gcc/4.8.3-2014q1/bin/../lib/gcc/arm-none-eabi/4.8.3/armv6-m/crtbegin.o
 .text._ZN6LoggerD2Ev
                0x00002110        0xc C:\Users\Corban\AppData\Local\Temp\VMBuilds\AbsorbanceSketch2\adafruit_adafruit_samd_adafruit_feather_m0\Release\AbsorbanceSketch2.cpp.o
                0x00002110                Logger::~Logger()
                0x00002110                Logger::~Logger()
 .text._ZN14DisplayHandlerD2Ev
                0x0000211c        0xe C:\Users\Corban\AppData\Local\Temp\VMBuilds\AbsorbanceSketch2\adafruit_adafruit_samd_adafruit_feather_m0\Release\AbsorbanceSketch2.cpp.o
                0x0000211c                DisplayHandler::~DisplayHandler()
                0x0000211c                DisplayHandler::~DisplayHandler()
 .text._ZN6ButtonD2Ev
                0x0000212a        0xe C:\Users\Corban\AppData\Local\Temp\VMBuilds\AbsorbanceSketch2\adafruit_adafruit_samd_adafruit_feather_m0\Release\AbsorbanceSketch2.cpp.o
                0x0000212a                Button::~Button()
                0x0000212a                Button::~Button()
 .text._ZN16SensorControllerD2Ev
                0x00002138        0xe C:\Users\Corban\AppData\Local\Temp\VMBuilds\AbsorbanceSketch2\adafruit_adafruit_samd_adafruit_feather_m0\Release\AbsorbanceSketch2.cpp.o
                0x00002138                SensorController::~SensorController()
                0x00002138                SensorController::~SensorController()
 .text._ZN13LedControllerD2Ev
                0x00002146        0xe C:\Users\Corban\AppData\Local\Temp\VMBuilds\AbsorbanceSketch2\adafruit_adafruit_samd_adafruit_feather_m0\Release\AbsorbanceSketch2.cpp.o
                0x00002146                LedController::~LedController()
                0x00002146                LedController::~LedController()
 .text._ZN18AbsorbanceAnalyzerD2Ev
                0x00002154       0x20 C:\Users\Corban\AppData\Local\Temp\VMBuilds\AbsorbanceSketch2\adafruit_adafruit_samd_adafruit_feather_m0\Release\AbsorbanceSketch2.cpp.o
                0x00002154                AbsorbanceAnalyzer::~AbsorbanceAnalyzer()
                0x00002154                AbsorbanceAnalyzer::~AbsorbanceAnalyzer()
 .text._ZN11MenuHandlerD2Ev
                0x00002174       0x3c C:\Users\Corban\AppData\Local\Temp\VMBuilds\AbsorbanceSketch2\adafruit_adafruit_samd_adafruit_feather_m0\Release\AbsorbanceSketch2.cpp.o
                0x00002174                MenuHandler::~MenuHandler()
                0x00002174                MenuHandler::~MenuHandler()
 .text.__tcf_0  0x000021b0       0x20 C:\Users\Corban\AppData\Local\Temp\VMBuilds\AbsorbanceSketch2\adafruit_adafruit_samd_adafruit_feather_m0\Release\AbsorbanceSketch2.cpp.o
 .text.startup._Z41__static_initialization_and_destruction_0ii.constprop.0
                0x000021d0      0x214 C:\Users\Corban\AppData\Local\Temp\VMBuilds\AbsorbanceSketch2\adafruit_adafruit_samd_adafruit_feather_m0\Release\AbsorbanceSketch2.cpp.o
 .text.setup    0x000023e4      0x134 C:\Users\Corban\AppData\Local\Temp\VMBuilds\AbsorbanceSketch2\adafruit_adafruit_samd_adafruit_feather_m0\Release\AbsorbanceSketch2.cpp.o
                0x000023e4                setup
 .text.loop     0x00002518      0x224 C:\Users\Corban\AppData\Local\Temp\VMBuilds\AbsorbanceSketch2\adafruit_adafruit_samd_adafruit_feather_m0\Release\AbsorbanceSketch2.cpp.o
                0x00002518                loop
 .text.startup._GLOBAL__sub_I_verbose
                0x0000273c        0x8 C:\Users\Corban\AppData\Local\Temp\VMBuilds\AbsorbanceSketch2\adafruit_adafruit_samd_adafruit_feather_m0\Release\AbsorbanceSketch2.cpp.o
 .text._ZN12Adafruit_GFX8drawLineEsssst
                0x00002744       0xd4 C:\Users\Corban\AppData\Local\Temp\VMBuilds\AbsorbanceSketch2\adafruit_adafruit_samd_adafruit_feather_m0\Release\Adafruit_GFX\Adafruit_GFX.cpp.o
                0x00002744                Adafruit_GFX::drawLine(short, short, short, short, unsigned short)
 .text._ZN12Adafruit_GFX8drawRectEsssst
                0x00002818       0x74 C:\Users\Corban\AppData\Local\Temp\VMBuilds\AbsorbanceSketch2\adafruit_adafruit_samd_adafruit_feather_m0\Release\Adafruit_GFX\Adafruit_GFX.cpp.o
                0x00002818                Adafruit_GFX::drawRect(short, short, short, short, unsigned short)
 .text._ZN12Adafruit_GFX13drawFastVLineEssst
                0x0000288c       0x1e C:\Users\Corban\AppData\Local\Temp\VMBuilds\AbsorbanceSketch2\adafruit_adafruit_samd_adafruit_feather_m0\Release\Adafruit_GFX\Adafruit_GFX.cpp.o
                0x0000288c                Adafruit_GFX::drawFastVLine(short, short, short, unsigned short)
 .text._ZN12Adafruit_GFX13drawFastHLineEssst
                0x000028aa       0x18 C:\Users\Corban\AppData\Local\Temp\VMBuilds\AbsorbanceSketch2\adafruit_adafruit_samd_adafruit_feather_m0\Release\Adafruit_GFX\Adafruit_GFX.cpp.o
                0x000028aa                Adafruit_GFX::drawFastHLine(short, short, short, unsigned short)
 .text._ZN12Adafruit_GFX8fillRectEsssst
                0x000028c2       0x42 C:\Users\Corban\AppData\Local\Temp\VMBuilds\AbsorbanceSketch2\adafruit_adafruit_samd_adafruit_feather_m0\Release\Adafruit_GFX\Adafruit_GFX.cpp.o
                0x000028c2                Adafruit_GFX::fillRect(short, short, short, short, unsigned short)
 .text._ZN12Adafruit_GFX10fillScreenEt
                0x00002904       0x1a C:\Users\Corban\AppData\Local\Temp\VMBuilds\AbsorbanceSketch2\adafruit_adafruit_samd_adafruit_feather_m0\Release\Adafruit_GFX\Adafruit_GFX.cpp.o
                0x00002904                Adafruit_GFX::fillScreen(unsigned short)
 .text._ZN12Adafruit_GFX13invertDisplayEb
                0x0000291e        0x2 C:\Users\Corban\AppData\Local\Temp\VMBuilds\AbsorbanceSketch2\adafruit_adafruit_samd_adafruit_feather_m0\Release\Adafruit_GFX\Adafruit_GFX.cpp.o
                0x0000291e                Adafruit_GFX::invertDisplay(bool)
 .text._ZN12Adafruit_GFXC2Ess
                0x00002920       0x30 C:\Users\Corban\AppData\Local\Temp\VMBuilds\AbsorbanceSketch2\adafruit_adafruit_samd_adafruit_feather_m0\Release\Adafruit_GFX\Adafruit_GFX.cpp.o
                0x00002920                Adafruit_GFX::Adafruit_GFX(short, short)
                0x00002920                Adafruit_GFX::Adafruit_GFX(short, short)
 .text._ZN12Adafruit_GFX8drawCharEsshtth
                0x00002950      0x248 C:\Users\Corban\AppData\Local\Temp\VMBuilds\AbsorbanceSketch2\adafruit_adafruit_samd_adafruit_feather_m0\Release\Adafruit_GFX\Adafruit_GFX.cpp.o
                0x00002950                Adafruit_GFX::drawChar(short, short, unsigned char, unsigned short, unsigned short, unsigned char)
 .text._ZN12Adafruit_GFX5writeEh
                0x00002b98       0xfe C:\Users\Corban\AppData\Local\Temp\VMBuilds\AbsorbanceSketch2\adafruit_adafruit_samd_adafruit_feather_m0\Release\Adafruit_GFX\Adafruit_GFX.cpp.o
                0x00002b98                Adafruit_GFX::write(unsigned char)
 .text._ZN12Adafruit_GFX9setCursorEss
                0x00002c96        0x6 C:\Users\Corban\AppData\Local\Temp\VMBuilds\AbsorbanceSketch2\adafruit_adafruit_samd_adafruit_feather_m0\Release\Adafruit_GFX\Adafruit_GFX.cpp.o
                0x00002c96                Adafruit_GFX::setCursor(short, short)
 .text._ZNK12Adafruit_GFX10getCursorXEv
                0x00002c9c        0x6 C:\Users\Corban\AppData\Local\Temp\VMBuilds\AbsorbanceSketch2\adafruit_adafruit_samd_adafruit_feather_m0\Release\Adafruit_GFX\Adafruit_GFX.cpp.o
                0x00002c9c                Adafruit_GFX::getCursorX() const
 .text._ZNK12Adafruit_GFX10getCursorYEv
                0x00002ca2        0x6 C:\Users\Corban\AppData\Local\Temp\VMBuilds\AbsorbanceSketch2\adafruit_adafruit_samd_adafruit_feather_m0\Release\Adafruit_GFX\Adafruit_GFX.cpp.o
                0x00002ca2                Adafruit_GFX::getCursorY() const
 .text._ZN12Adafruit_GFX11setTextSizeEh
                0x00002ca8        0xa C:\Users\Corban\AppData\Local\Temp\VMBuilds\AbsorbanceSketch2\adafruit_adafruit_samd_adafruit_feather_m0\Release\Adafruit_GFX\Adafruit_GFX.cpp.o
                0x00002ca8                Adafruit_GFX::setTextSize(unsigned char)
 .text._ZN12Adafruit_GFX12setTextColorEt
                0x00002cb2        0x6 C:\Users\Corban\AppData\Local\Temp\VMBuilds\AbsorbanceSketch2\adafruit_adafruit_samd_adafruit_feather_m0\Release\Adafruit_GFX\Adafruit_GFX.cpp.o
                0x00002cb2                Adafruit_GFX::setTextColor(unsigned short)
 .text._ZN12Adafruit_GFX11setTextWrapEb
                0x00002cb8        0x4 C:\Users\Corban\AppData\Local\Temp\VMBuilds\AbsorbanceSketch2\adafruit_adafruit_samd_adafruit_feather_m0\Release\Adafruit_GFX\Adafruit_GFX.cpp.o
                0x00002cb8                Adafruit_GFX::setTextWrap(bool)
 .text._ZNK12Adafruit_GFX11getRotationEv
                0x00002cbc        0x4 C:\Users\Corban\AppData\Local\Temp\VMBuilds\AbsorbanceSketch2\adafruit_adafruit_samd_adafruit_feather_m0\Release\Adafruit_GFX\Adafruit_GFX.cpp.o
                0x00002cbc                Adafruit_GFX::getRotation() const
 .text._ZN12Adafruit_GFX11setRotationEh
                0x00002cc0       0x1e C:\Users\Corban\AppData\Local\Temp\VMBuilds\AbsorbanceSketch2\adafruit_adafruit_samd_adafruit_feather_m0\Release\Adafruit_GFX\Adafruit_GFX.cpp.o
                0x00002cc0                Adafruit_GFX::setRotation(unsigned char)
 .text._ZNK12Adafruit_GFX5widthEv
                0x00002cde        0x6 C:\Users\Corban\AppData\Local\Temp\VMBuilds\AbsorbanceSketch2\adafruit_adafruit_samd_adafruit_feather_m0\Release\Adafruit_GFX\Adafruit_GFX.cpp.o
                0x00002cde                Adafruit_GFX::width() const
 .text._ZNK12Adafruit_GFX6heightEv
                0x00002ce4        0x6 C:\Users\Corban\AppData\Local\Temp\VMBuilds\AbsorbanceSketch2\adafruit_adafruit_samd_adafruit_feather_m0\Release\Adafruit_GFX\Adafruit_GFX.cpp.o
                0x00002ce4                Adafruit_GFX::height() const
 *fill*         0x00002cea        0x2 
 .text._ZN16Adafruit_SSD130613drawFastHLineEssst
                0x00002cec      0x1cc C:\Users\Corban\AppData\Local\Temp\VMBuilds\AbsorbanceSketch2\adafruit_adafruit_samd_adafruit_feather_m0\Release\Adafruit_SSD1306\Adafruit_SSD1306.cpp.o
                0x00002cec                Adafruit_SSD1306::drawFastHLine(short, short, short, unsigned short)
 .text._ZN16Adafruit_SSD130613drawFastVLineEssst
                0x00002eb8      0x1cc C:\Users\Corban\AppData\Local\Temp\VMBuilds\AbsorbanceSketch2\adafruit_adafruit_samd_adafruit_feather_m0\Release\Adafruit_SSD1306\Adafruit_SSD1306.cpp.o
                0x00002eb8                Adafruit_SSD1306::drawFastVLine(short, short, short, unsigned short)
 .text._ZN16Adafruit_SSD13069drawPixelEsst
                0x00003084       0xd4 C:\Users\Corban\AppData\Local\Temp\VMBuilds\AbsorbanceSketch2\adafruit_adafruit_samd_adafruit_feather_m0\Release\Adafruit_SSD1306\Adafruit_SSD1306.cpp.o
                0x00003084                Adafruit_SSD1306::drawPixel(short, short, unsigned short)
 .text._ZN16Adafruit_SSD1306C2Ea
                0x00003158       0x34 C:\Users\Corban\AppData\Local\Temp\VMBuilds\AbsorbanceSketch2\adafruit_adafruit_samd_adafruit_feather_m0\Release\Adafruit_SSD1306\Adafruit_SSD1306.cpp.o
                0x00003158                Adafruit_SSD1306::Adafruit_SSD1306(signed char)
                0x00003158                Adafruit_SSD1306::Adafruit_SSD1306(signed char)
 .text._ZN16Adafruit_SSD130612clearDisplayEv
                0x0000318c       0x14 C:\Users\Corban\AppData\Local\Temp\VMBuilds\AbsorbanceSketch2\adafruit_adafruit_samd_adafruit_feather_m0\Release\Adafruit_SSD1306\Adafruit_SSD1306.cpp.o
                0x0000318c                Adafruit_SSD1306::clearDisplay()
 .text._ZN16Adafruit_SSD130612fastSPIwriteEh
                0x000031a0       0x58 C:\Users\Corban\AppData\Local\Temp\VMBuilds\AbsorbanceSketch2\adafruit_adafruit_samd_adafruit_feather_m0\Release\Adafruit_SSD1306\Adafruit_SSD1306.cpp.o
                0x000031a0                Adafruit_SSD1306::fastSPIwrite(unsigned char)
 .text._ZN16Adafruit_SSD130615ssd1306_commandEh
                0x000031f8       0x70 C:\Users\Corban\AppData\Local\Temp\VMBuilds\AbsorbanceSketch2\adafruit_adafruit_samd_adafruit_feather_m0\Release\Adafruit_SSD1306\Adafruit_SSD1306.cpp.o
                0x000031f8                Adafruit_SSD1306::ssd1306_command(unsigned char)
 .text._ZN16Adafruit_SSD13065beginEhhb
                0x00003268      0x1a8 C:\Users\Corban\AppData\Local\Temp\VMBuilds\AbsorbanceSketch2\adafruit_adafruit_samd_adafruit_feather_m0\Release\Adafruit_SSD1306\Adafruit_SSD1306.cpp.o
                0x00003268                Adafruit_SSD1306::begin(unsigned char, unsigned char, bool)
 .text._ZN16Adafruit_SSD13067displayEv
                0x00003410       0xcc C:\Users\Corban\AppData\Local\Temp\VMBuilds\AbsorbanceSketch2\adafruit_adafruit_samd_adafruit_feather_m0\Release\Adafruit_SSD1306\Adafruit_SSD1306.cpp.o
                0x00003410                Adafruit_SSD1306::display()
 .text._ZN8SPIClass4initEv
                0x000034dc       0x12 C:\Users\Corban\AppData\Local\Temp\VMBuilds\AbsorbanceSketch2\adafruit_adafruit_samd_adafruit_feather_m0\Release\SPI\SPI.cpp.o
                0x000034dc                SPIClass::init()
 .text._ZN8SPIClass6configE11SPISettings
                0x000034ee       0x36 C:\Users\Corban\AppData\Local\Temp\VMBuilds\AbsorbanceSketch2\adafruit_adafruit_samd_adafruit_feather_m0\Release\SPI\SPI.cpp.o
                0x000034ee                SPIClass::config(SPISettings)
 .text._ZN8SPIClass5beginEv
                0x00003524       0x50 C:\Users\Corban\AppData\Local\Temp\VMBuilds\AbsorbanceSketch2\adafruit_adafruit_samd_adafruit_feather_m0\Release\SPI\SPI.cpp.o
                0x00003524                SPIClass::begin()
 .text._ZN8SPIClass16beginTransactionE11SPISettings
                0x00003574       0x3c C:\Users\Corban\AppData\Local\Temp\VMBuilds\AbsorbanceSketch2\adafruit_adafruit_samd_adafruit_feather_m0\Release\SPI\SPI.cpp.o
                0x00003574                SPIClass::beginTransaction(SPISettings)
 .text._ZN8SPIClass8transferEh
                0x000035b0       0x14 C:\Users\Corban\AppData\Local\Temp\VMBuilds\AbsorbanceSketch2\adafruit_adafruit_samd_adafruit_feather_m0\Release\SPI\SPI.cpp.o
                0x000035b0                SPIClass::transfer(unsigned char)
 .text.startup._GLOBAL__sub_I__ZN8SPIClassC2EP6SERCOMhhh14SercomSpiTXPad11SercomRXPad
                0x000035c4       0x38 C:\Users\Corban\AppData\Local\Temp\VMBuilds\AbsorbanceSketch2\adafruit_adafruit_samd_adafruit_feather_m0\Release\SPI\SPI.cpp.o
 .text._ZN7TwoWire5writeEPKhj
                0x000035fc       0x24 C:\Users\Corban\AppData\Local\Temp\VMBuilds\AbsorbanceSketch2\adafruit_adafruit_samd_adafruit_feather_m0\Release\Wire\Wire.cpp.o
                0x000035fc                TwoWire::write(unsigned char const*, unsigned int)
 .text._ZN7TwoWire5flushEv
                0x00003620        0x2 C:\Users\Corban\AppData\Local\Temp\VMBuilds\AbsorbanceSketch2\adafruit_adafruit_samd_adafruit_feather_m0\Release\Wire\Wire.cpp.o
                0x00003620                TwoWire::flush()
 .text._ZN7TwoWire4readEv
                0x00003622        0xa C:\Users\Corban\AppData\Local\Temp\VMBuilds\AbsorbanceSketch2\adafruit_adafruit_samd_adafruit_feather_m0\Release\Wire\Wire.cpp.o
                0x00003622                TwoWire::read()
 .text._ZN7TwoWire9availableEv
                0x0000362c        0xa C:\Users\Corban\AppData\Local\Temp\VMBuilds\AbsorbanceSketch2\adafruit_adafruit_samd_adafruit_feather_m0\Release\Wire\Wire.cpp.o
                0x0000362c                TwoWire::available()
 .text._ZN7TwoWire5writeEh
                0x00003636       0x28 C:\Users\Corban\AppData\Local\Temp\VMBuilds\AbsorbanceSketch2\adafruit_adafruit_samd_adafruit_feather_m0\Release\Wire\Wire.cpp.o
                0x00003636                TwoWire::write(unsigned char)
 .text._ZN7TwoWire4peekEv
                0x0000365e        0xa C:\Users\Corban\AppData\Local\Temp\VMBuilds\AbsorbanceSketch2\adafruit_adafruit_samd_adafruit_feather_m0\Release\Wire\Wire.cpp.o
                0x0000365e                TwoWire::peek()
 .text._ZN7TwoWireC2EP6SERCOMhh
                0x00003668       0x3c C:\Users\Corban\AppData\Local\Temp\VMBuilds\AbsorbanceSketch2\adafruit_adafruit_samd_adafruit_feather_m0\Release\Wire\Wire.cpp.o
                0x00003668                TwoWire::TwoWire(SERCOM*, unsigned char, unsigned char)
                0x00003668                TwoWire::TwoWire(SERCOM*, unsigned char, unsigned char)
 .text._ZN7TwoWire5beginEv
                0x000036a4       0x40 C:\Users\Corban\AppData\Local\Temp\VMBuilds\AbsorbanceSketch2\adafruit_adafruit_samd_adafruit_feather_m0\Release\Wire\Wire.cpp.o
                0x000036a4                TwoWire::begin()
 .text._ZN7TwoWire17beginTransmissionEh
                0x000036e4       0x16 C:\Users\Corban\AppData\Local\Temp\VMBuilds\AbsorbanceSketch2\adafruit_adafruit_samd_adafruit_feather_m0\Release\Wire\Wire.cpp.o
                0x000036e4                TwoWire::beginTransmission(unsigned char)
 .text._ZN7TwoWire15endTransmissionEb
                0x000036fa       0x66 C:\Users\Corban\AppData\Local\Temp\VMBuilds\AbsorbanceSketch2\adafruit_adafruit_samd_adafruit_feather_m0\Release\Wire\Wire.cpp.o
                0x000036fa                TwoWire::endTransmission(bool)
 .text._ZN7TwoWire15endTransmissionEv
                0x00003760        0xa C:\Users\Corban\AppData\Local\Temp\VMBuilds\AbsorbanceSketch2\adafruit_adafruit_samd_adafruit_feather_m0\Release\Wire\Wire.cpp.o
                0x00003760                TwoWire::endTransmission()
 .text._ZN7TwoWire9onServiceEv
                0x0000376a      0x104 C:\Users\Corban\AppData\Local\Temp\VMBuilds\AbsorbanceSketch2\adafruit_adafruit_samd_adafruit_feather_m0\Release\Wire\Wire.cpp.o
                0x0000376a                TwoWire::onService()
 *fill*         0x0000386e        0x2 
 .text.SERCOM3_Handler
                0x00003870       0x10 C:\Users\Corban\AppData\Local\Temp\VMBuilds\AbsorbanceSketch2\adafruit_adafruit_samd_adafruit_feather_m0\Release\Wire\Wire.cpp.o
                0x00003870                SERCOM3_Handler
 .text.startup._GLOBAL__sub_I__ZN7TwoWireC2EP6SERCOMhh
                0x00003880       0x18 C:\Users\Corban\AppData\Local\Temp\VMBuilds\AbsorbanceSketch2\adafruit_adafruit_samd_adafruit_feather_m0\Release\Wire\Wire.cpp.o
 .text.__tcf_0  0x00003898       0x20 C:\Users\Corban\AppData\Local\Temp\VMBuilds\AbsorbanceSketch2\adafruit_adafruit_samd_adafruit_feather_m0\Release\AbsorbanceAnalyzer.cpp.o
 .text._ZN18AbsorbanceAnalyzerC2E13LedController16SensorControlleribii
                0x000038b8      0x1c0 C:\Users\Corban\AppData\Local\Temp\VMBuilds\AbsorbanceSketch2\adafruit_adafruit_samd_adafruit_feather_m0\Release\AbsorbanceAnalyzer.cpp.o
                0x000038b8                AbsorbanceAnalyzer::AbsorbanceAnalyzer(LedController, SensorController, int, bool, int, int)
                0x000038b8                AbsorbanceAnalyzer::AbsorbanceAnalyzer(LedController, SensorController, int, bool, int, int)
 .text._ZN18AbsorbanceAnalyzer5setupEv
                0x00003a78       0x1c C:\Users\Corban\AppData\Local\Temp\VMBuilds\AbsorbanceSketch2\adafruit_adafruit_samd_adafruit_feather_m0\Release\AbsorbanceAnalyzer.cpp.o
                0x00003a78                AbsorbanceAnalyzer::setup()
 .text._ZN18AbsorbanceAnalyzer11takeReadingER14DisplayHandlerb
                0x00003a94      0x464 C:\Users\Corban\AppData\Local\Temp\VMBuilds\AbsorbanceSketch2\adafruit_adafruit_samd_adafruit_feather_m0\Release\AbsorbanceAnalyzer.cpp.o
                0x00003a94                AbsorbanceAnalyzer::takeReading(DisplayHandler&, bool)
 .text._ZN18AbsorbanceAnalyzer9takeBlankER14DisplayHandler
                0x00003ef8       0x44 C:\Users\Corban\AppData\Local\Temp\VMBuilds\AbsorbanceSketch2\adafruit_adafruit_samd_adafruit_feather_m0\Release\AbsorbanceAnalyzer.cpp.o
                0x00003ef8                AbsorbanceAnalyzer::takeBlank(DisplayHandler&)
 .text._ZN18AbsorbanceAnalyzer17recordLastReadingEv
                0x00003f3c       0x94 C:\Users\Corban\AppData\Local\Temp\VMBuilds\AbsorbanceSketch2\adafruit_adafruit_samd_adafruit_feather_m0\Release\AbsorbanceAnalyzer.cpp.o
                0x00003f3c                AbsorbanceAnalyzer::recordLastReading()
 .text._ZN18AbsorbanceAnalyzer14getNumReadingsEv
                0x00003fd0        0xc C:\Users\Corban\AppData\Local\Temp\VMBuilds\AbsorbanceSketch2\adafruit_adafruit_samd_adafruit_feather_m0\Release\AbsorbanceAnalyzer.cpp.o
                0x00003fd0                AbsorbanceAnalyzer::getNumReadings()
 *fill*         0x00003fdc        0x4 
 .text._ZN18AbsorbanceAnalyzer16printReadingInfoEiR14DisplayHandler
                0x00003fe0      0x250 C:\Users\Corban\AppData\Local\Temp\VMBuilds\AbsorbanceSketch2\adafruit_adafruit_samd_adafruit_feather_m0\Release\AbsorbanceAnalyzer.cpp.o
                0x00003fe0                AbsorbanceAnalyzer::printReadingInfo(int, DisplayHandler&)
 .text.startup._GLOBAL__sub_I__ZN18AbsorbanceAnalyzerC2E13LedController16SensorControlleribii
                0x00004230       0x60 C:\Users\Corban\AppData\Local\Temp\VMBuilds\AbsorbanceSketch2\adafruit_adafruit_samd_adafruit_feather_m0\Release\AbsorbanceAnalyzer.cpp.o
 .text._ZN6ButtonC2EiPib
                0x00004290       0xc4 C:\Users\Corban\AppData\Local\Temp\VMBuilds\AbsorbanceSketch2\adafruit_adafruit_samd_adafruit_feather_m0\Release\Button.cpp.o
                0x00004290                Button::Button(int, int*, bool)
                0x00004290                Button::Button(int, int*, bool)
 .text._ZN6Button5setupEv
                0x00004354       0x4c C:\Users\Corban\AppData\Local\Temp\VMBuilds\AbsorbanceSketch2\adafruit_adafruit_samd_adafruit_feather_m0\Release\Button.cpp.o
                0x00004354                Button::setup()
 .text._ZN6Button11getPositionEv
                0x000043a0       0x40 C:\Users\Corban\AppData\Local\Temp\VMBuilds\AbsorbanceSketch2\adafruit_adafruit_samd_adafruit_feather_m0\Release\Button.cpp.o
                0x000043a0                Button::getPosition()
 .text._ZN6Button8getStateEv
                0x000043e0      0x1c4 C:\Users\Corban\AppData\Local\Temp\VMBuilds\AbsorbanceSketch2\adafruit_adafruit_samd_adafruit_feather_m0\Release\Button.cpp.o
                0x000043e0                Button::getState()
 .text.__tcf_0  0x000045a4       0x20 C:\Users\Corban\AppData\Local\Temp\VMBuilds\AbsorbanceSketch2\adafruit_adafruit_samd_adafruit_feather_m0\Release\DisplayHandler.cpp.o
 .text._ZN14DisplayHandlerC2Eib
                0x000045c4       0xc8 C:\Users\Corban\AppData\Local\Temp\VMBuilds\AbsorbanceSketch2\adafruit_adafruit_samd_adafruit_feather_m0\Release\DisplayHandler.cpp.o
                0x000045c4                DisplayHandler::DisplayHandler(int, bool)
                0x000045c4                DisplayHandler::DisplayHandler(int, bool)
 .text._ZN14DisplayHandler7refreshEv
                0x0000468c       0x28 C:\Users\Corban\AppData\Local\Temp\VMBuilds\AbsorbanceSketch2\adafruit_adafruit_samd_adafruit_feather_m0\Release\DisplayHandler.cpp.o
                0x0000468c                DisplayHandler::refresh()
 .text._ZN14DisplayHandler10refreshNowEv
                0x000046b4        0xa C:\Users\Corban\AppData\Local\Temp\VMBuilds\AbsorbanceSketch2\adafruit_adafruit_samd_adafruit_feather_m0\Release\DisplayHandler.cpp.o
                0x000046b4                DisplayHandler::refreshNow()
 *fill*         0x000046be        0x2 
 .text._ZN14DisplayHandler24updateQuadrantDimensionsEv
                0x000046c0       0x50 C:\Users\Corban\AppData\Local\Temp\VMBuilds\AbsorbanceSketch2\adafruit_adafruit_samd_adafruit_feather_m0\Release\DisplayHandler.cpp.o
                0x000046c0                DisplayHandler::updateQuadrantDimensions()
 .text._ZN14DisplayHandler11setTextSizeEi
                0x00004710       0x10 C:\Users\Corban\AppData\Local\Temp\VMBuilds\AbsorbanceSketch2\adafruit_adafruit_samd_adafruit_feather_m0\Release\DisplayHandler.cpp.o
                0x00004710                DisplayHandler::setTextSize(int)
 .text._ZN14DisplayHandler11resetCursorEv
                0x00004720       0x58 C:\Users\Corban\AppData\Local\Temp\VMBuilds\AbsorbanceSketch2\adafruit_adafruit_samd_adafruit_feather_m0\Release\DisplayHandler.cpp.o
                0x00004720                DisplayHandler::resetCursor()
 .text._ZN14DisplayHandler15resetAllCursorsEv
                0x00004778       0x64 C:\Users\Corban\AppData\Local\Temp\VMBuilds\AbsorbanceSketch2\adafruit_adafruit_samd_adafruit_feather_m0\Release\DisplayHandler.cpp.o
                0x00004778                DisplayHandler::resetAllCursors()
 .text._ZN14DisplayHandler5setupEv
                0x000047dc       0xd4 C:\Users\Corban\AppData\Local\Temp\VMBuilds\AbsorbanceSketch2\adafruit_adafruit_samd_adafruit_feather_m0\Release\DisplayHandler.cpp.o
                0x000047dc                DisplayHandler::setup()
 .text._ZN14DisplayHandler17getRemainingCharsEv
                0x000048b0      0x12c C:\Users\Corban\AppData\Local\Temp\VMBuilds\AbsorbanceSketch2\adafruit_adafruit_samd_adafruit_feather_m0\Release\DisplayHandler.cpp.o
                0x000048b0                DisplayHandler::getRemainingChars()
 .text._ZN14DisplayHandler16resizeToQuadrantE6String
                0x000049dc      0x148 C:\Users\Corban\AppData\Local\Temp\VMBuilds\AbsorbanceSketch2\adafruit_adafruit_samd_adafruit_feather_m0\Release\DisplayHandler.cpp.o
                0x000049dc                DisplayHandler::resizeToQuadrant(String)
 .text._ZN14DisplayHandler5printE6String
                0x00004b24       0xe0 C:\Users\Corban\AppData\Local\Temp\VMBuilds\AbsorbanceSketch2\adafruit_adafruit_samd_adafruit_feather_m0\Release\DisplayHandler.cpp.o
                0x00004b24                DisplayHandler::print(String)
 .text._ZN14DisplayHandler5printEi
                0x00004c04       0x1c C:\Users\Corban\AppData\Local\Temp\VMBuilds\AbsorbanceSketch2\adafruit_adafruit_samd_adafruit_feather_m0\Release\DisplayHandler.cpp.o
                0x00004c04                DisplayHandler::print(int)
 .text._ZN14DisplayHandler5printEdi
                0x00004c20       0x32 C:\Users\Corban\AppData\Local\Temp\VMBuilds\AbsorbanceSketch2\adafruit_adafruit_samd_adafruit_feather_m0\Release\DisplayHandler.cpp.o
                0x00004c20                DisplayHandler::print(double, int)
 *fill*         0x00004c52        0x2 
 .text.startup._GLOBAL__sub_I__ZN14DisplayHandlerC2Eib
                0x00004c54       0x60 C:\Users\Corban\AppData\Local\Temp\VMBuilds\AbsorbanceSketch2\adafruit_adafruit_samd_adafruit_feather_m0\Release\DisplayHandler.cpp.o
 .text._ZN14DisplayHandler5clearEv
                0x00004cb4       0x78 C:\Users\Corban\AppData\Local\Temp\VMBuilds\AbsorbanceSketch2\adafruit_adafruit_samd_adafruit_feather_m0\Release\DisplayHandler.cpp.o
                0x00004cb4                DisplayHandler::clear()
 .text._ZN14DisplayHandler6invertEiii
                0x00004d2c       0x9c C:\Users\Corban\AppData\Local\Temp\VMBuilds\AbsorbanceSketch2\adafruit_adafruit_samd_adafruit_feather_m0\Release\DisplayHandler.cpp.o
                0x00004d2c                DisplayHandler::invert(int, int, int)
 .text._ZN14DisplayHandler17invertCurrentLineEi
                0x00004dc8       0x4c C:\Users\Corban\AppData\Local\Temp\VMBuilds\AbsorbanceSketch2\adafruit_adafruit_samd_adafruit_feather_m0\Release\DisplayHandler.cpp.o
                0x00004dc8                DisplayHandler::invertCurrentLine(int)
 .text._ZN13LedControllerC2Eib
                0x00004e14       0x64 C:\Users\Corban\AppData\Local\Temp\VMBuilds\AbsorbanceSketch2\adafruit_adafruit_samd_adafruit_feather_m0\Release\LedController.cpp.o
                0x00004e14                LedController::LedController(int, bool)
                0x00004e14                LedController::LedController(int, bool)
 .text._ZN13LedController6turnOnEv
                0x00004e78       0x24 C:\Users\Corban\AppData\Local\Temp\VMBuilds\AbsorbanceSketch2\adafruit_adafruit_samd_adafruit_feather_m0\Release\LedController.cpp.o
                0x00004e78                LedController::turnOn()
 .text._ZN13LedController7turnOffEv
                0x00004e9c       0x24 C:\Users\Corban\AppData\Local\Temp\VMBuilds\AbsorbanceSketch2\adafruit_adafruit_samd_adafruit_feather_m0\Release\LedController.cpp.o
                0x00004e9c                LedController::turnOff()
 .text._ZN13LedController5setupEv
                0x00004ec0       0x34 C:\Users\Corban\AppData\Local\Temp\VMBuilds\AbsorbanceSketch2\adafruit_adafruit_samd_adafruit_feather_m0\Release\LedController.cpp.o
                0x00004ec0                LedController::setup()
 .text._ZN6LoggerC2E6Stringb
                0x00004ef4       0x24 C:\Users\Corban\AppData\Local\Temp\VMBuilds\AbsorbanceSketch2\adafruit_adafruit_samd_adafruit_feather_m0\Release\Logger.cpp.o
                0x00004ef4                Logger::Logger(String, bool)
                0x00004ef4                Logger::Logger(String, bool)
 .text._ZN6Logger12beginFuncLogEv
                0x00004f18       0x10 C:\Users\Corban\AppData\Local\Temp\VMBuilds\AbsorbanceSketch2\adafruit_adafruit_samd_adafruit_feather_m0\Release\Logger.cpp.o
                0x00004f18                Logger::beginFuncLog()
 .text._ZN6Logger10endFuncLogEv
                0x00004f28       0x10 C:\Users\Corban\AppData\Local\Temp\VMBuilds\AbsorbanceSketch2\adafruit_adafruit_samd_adafruit_feather_m0\Release\Logger.cpp.o
                0x00004f28                Logger::endFuncLog()
 .text._ZN6Logger1pE6String
                0x00004f38       0x30 C:\Users\Corban\AppData\Local\Temp\VMBuilds\AbsorbanceSketch2\adafruit_adafruit_samd_adafruit_feather_m0\Release\Logger.cpp.o
                0x00004f38                Logger::p(String)
 .text._ZN6Logger1pEPc
                0x00004f68       0x1a C:\Users\Corban\AppData\Local\Temp\VMBuilds\AbsorbanceSketch2\adafruit_adafruit_samd_adafruit_feather_m0\Release\Logger.cpp.o
                0x00004f68                Logger::p(char*)
 *fill*         0x00004f82        0x2 
 .text._ZN6Logger1tEv
                0x00004f84       0x24 C:\Users\Corban\AppData\Local\Temp\VMBuilds\AbsorbanceSketch2\adafruit_adafruit_samd_adafruit_feather_m0\Release\Logger.cpp.o
                0x00004f84                Logger::t()
 .text._ZN6Logger1pEi
                0x00004fa8       0x1c C:\Users\Corban\AppData\Local\Temp\VMBuilds\AbsorbanceSketch2\adafruit_adafruit_samd_adafruit_feather_m0\Release\Logger.cpp.o
                0x00004fa8                Logger::p(int)
 .text._ZN6Logger2tpE6String
                0x00004fc4       0x38 C:\Users\Corban\AppData\Local\Temp\VMBuilds\AbsorbanceSketch2\adafruit_adafruit_samd_adafruit_feather_m0\Release\Logger.cpp.o
                0x00004fc4                Logger::tp(String)
 .text._ZN6Logger2tpEPc
                0x00004ffc       0x1a C:\Users\Corban\AppData\Local\Temp\VMBuilds\AbsorbanceSketch2\adafruit_adafruit_samd_adafruit_feather_m0\Release\Logger.cpp.o
                0x00004ffc                Logger::tp(char*)
 *fill*         0x00005016        0x2 
 .text._ZN6Logger2plE6String
                0x00005018       0x60 C:\Users\Corban\AppData\Local\Temp\VMBuilds\AbsorbanceSketch2\adafruit_adafruit_samd_adafruit_feather_m0\Release\Logger.cpp.o
                0x00005018                Logger::pl(String)
 .text._ZN6Logger2plEPc
                0x00005078       0x1a C:\Users\Corban\AppData\Local\Temp\VMBuilds\AbsorbanceSketch2\adafruit_adafruit_samd_adafruit_feather_m0\Release\Logger.cpp.o
                0x00005078                Logger::pl(char*)
 *fill*         0x00005092        0x2 
 .text._ZN6Logger2plEv
                0x00005094       0x10 C:\Users\Corban\AppData\Local\Temp\VMBuilds\AbsorbanceSketch2\adafruit_adafruit_samd_adafruit_feather_m0\Release\Logger.cpp.o
                0x00005094                Logger::pl()
 .text._ZN6Logger12beginFuncLogE6String
                0x000050a4       0x68 C:\Users\Corban\AppData\Local\Temp\VMBuilds\AbsorbanceSketch2\adafruit_adafruit_samd_adafruit_feather_m0\Release\Logger.cpp.o
                0x000050a4                Logger::beginFuncLog(String)
 .text._ZN6Logger10endFuncLogE6String
                0x0000510c       0x68 C:\Users\Corban\AppData\Local\Temp\VMBuilds\AbsorbanceSketch2\adafruit_adafruit_samd_adafruit_feather_m0\Release\Logger.cpp.o
                0x0000510c                Logger::endFuncLog(String)
 .text._ZN6Logger2plEi
                0x00005174       0x1c C:\Users\Corban\AppData\Local\Temp\VMBuilds\AbsorbanceSketch2\adafruit_adafruit_samd_adafruit_feather_m0\Release\Logger.cpp.o
                0x00005174                Logger::pl(int)
 .text._ZN6Logger3tplE6String
                0x00005190       0x68 C:\Users\Corban\AppData\Local\Temp\VMBuilds\AbsorbanceSketch2\adafruit_adafruit_samd_adafruit_feather_m0\Release\Logger.cpp.o
                0x00005190                Logger::tpl(String)
 .text._ZN6Logger3tplEPc
                0x000051f8       0x1a C:\Users\Corban\AppData\Local\Temp\VMBuilds\AbsorbanceSketch2\adafruit_adafruit_samd_adafruit_feather_m0\Release\Logger.cpp.o
                0x000051f8                Logger::tpl(char*)
 *fill*         0x00005212        0x2 
 .text.__tcf_0  0x00005214       0x20 C:\Users\Corban\AppData\Local\Temp\VMBuilds\AbsorbanceSketch2\adafruit_adafruit_samd_adafruit_feather_m0\Release\MenuHandler.cpp.o
 .text._ZN11MenuHandlerC2Eb
                0x00005234       0xf0 C:\Users\Corban\AppData\Local\Temp\VMBuilds\AbsorbanceSketch2\adafruit_adafruit_samd_adafruit_feather_m0\Release\MenuHandler.cpp.o
                0x00005234                MenuHandler::MenuHandler(bool)
                0x00005234                MenuHandler::MenuHandler(bool)
 .text._ZN11MenuHandler13highlightItemEiR14DisplayHandler
                0x00005324       0xf8 C:\Users\Corban\AppData\Local\Temp\VMBuilds\AbsorbanceSketch2\adafruit_adafruit_samd_adafruit_feather_m0\Release\MenuHandler.cpp.o
                0x00005324                MenuHandler::highlightItem(int, DisplayHandler&)
 .text._ZN11MenuHandler9printMenuER14DisplayHandler
                0x0000541c       0xb4 C:\Users\Corban\AppData\Local\Temp\VMBuilds\AbsorbanceSketch2\adafruit_adafruit_samd_adafruit_feather_m0\Release\MenuHandler.cpp.o
                0x0000541c                MenuHandler::printMenu(DisplayHandler&)
 .text._ZN11MenuHandler13highlightNextER14DisplayHandler
                0x000054d0       0x48 C:\Users\Corban\AppData\Local\Temp\VMBuilds\AbsorbanceSketch2\adafruit_adafruit_samd_adafruit_feather_m0\Release\MenuHandler.cpp.o
                0x000054d0                MenuHandler::highlightNext(DisplayHandler&)
 .text._ZN11MenuHandler17highlightPreviousER14DisplayHandler
                0x00005518       0x48 C:\Users\Corban\AppData\Local\Temp\VMBuilds\AbsorbanceSketch2\adafruit_adafruit_samd_adafruit_feather_m0\Release\MenuHandler.cpp.o
                0x00005518                MenuHandler::highlightPrevious(DisplayHandler&)
 .text._ZN11MenuHandler9flashItemER14DisplayHandler
                0x00005560       0x46 C:\Users\Corban\AppData\Local\Temp\VMBuilds\AbsorbanceSketch2\adafruit_adafruit_samd_adafruit_feather_m0\Release\MenuHandler.cpp.o
                0x00005560                MenuHandler::flashItem(DisplayHandler&)
 .text._ZN11MenuHandler14getCurrentItemEv
                0x000055a6        0x6 C:\Users\Corban\AppData\Local\Temp\VMBuilds\AbsorbanceSketch2\adafruit_adafruit_samd_adafruit_feather_m0\Release\MenuHandler.cpp.o
                0x000055a6                MenuHandler::getCurrentItem()
 .text.startup._GLOBAL__sub_I__ZN11MenuHandlerC2Eb
                0x000055ac       0x60 C:\Users\Corban\AppData\Local\Temp\VMBuilds\AbsorbanceSketch2\adafruit_adafruit_samd_adafruit_feather_m0\Release\MenuHandler.cpp.o
 .text._ZN12SchedulerCNSC2Ev
                0x0000560c        0xa C:\Users\Corban\AppData\Local\Temp\VMBuilds\AbsorbanceSketch2\adafruit_adafruit_samd_adafruit_feather_m0\Release\SchedulerCNS.cpp.o
                0x0000560c                SchedulerCNS::SchedulerCNS()
                0x0000560c                SchedulerCNS::SchedulerCNS()
 .text._ZN12SchedulerCNSC2EPii
                0x00005616       0x18 C:\Users\Corban\AppData\Local\Temp\VMBuilds\AbsorbanceSketch2\adafruit_adafruit_samd_adafruit_feather_m0\Release\SchedulerCNS.cpp.o
                0x00005616                SchedulerCNS::SchedulerCNS(int*, int)
                0x00005616                SchedulerCNS::SchedulerCNS(int*, int)
 .text._ZN12SchedulerCNSC2Ei
                0x0000562e        0x8 C:\Users\Corban\AppData\Local\Temp\VMBuilds\AbsorbanceSketch2\adafruit_adafruit_samd_adafruit_feather_m0\Release\SchedulerCNS.cpp.o
                0x0000562e                SchedulerCNS::SchedulerCNS(int)
                0x0000562e                SchedulerCNS::SchedulerCNS(int)
 *fill*         0x00005636        0x2 
 .text._ZN12SchedulerCNS5setupEv
                0x00005638       0x44 C:\Users\Corban\AppData\Local\Temp\VMBuilds\AbsorbanceSketch2\adafruit_adafruit_samd_adafruit_feather_m0\Release\SchedulerCNS.cpp.o
                0x00005638                SchedulerCNS::setup()
 .text._ZN12SchedulerCNS6timeUpEi
                0x0000567c       0x24 C:\Users\Corban\AppData\Local\Temp\VMBuilds\AbsorbanceSketch2\adafruit_adafruit_samd_adafruit_feather_m0\Release\SchedulerCNS.cpp.o
                0x0000567c                SchedulerCNS::timeUp(int)
 .text._ZN12SchedulerCNS5resetEi
                0x000056a0       0x14 C:\Users\Corban\AppData\Local\Temp\VMBuilds\AbsorbanceSketch2\adafruit_adafruit_samd_adafruit_feather_m0\Release\SchedulerCNS.cpp.o
                0x000056a0                SchedulerCNS::reset(int)
 .text.__tcf_0  0x000056b4       0x20 C:\Users\Corban\AppData\Local\Temp\VMBuilds\AbsorbanceSketch2\adafruit_adafruit_samd_adafruit_feather_m0\Release\SensorController.cpp.o
 .text._ZN16SensorControllerC2Eiib
                0x000056d4       0xa4 C:\Users\Corban\AppData\Local\Temp\VMBuilds\AbsorbanceSketch2\adafruit_adafruit_samd_adafruit_feather_m0\Release\SensorController.cpp.o
                0x000056d4                SensorController::SensorController(int, int, bool)
                0x000056d4                SensorController::SensorController(int, int, bool)
 .text._ZN16SensorController5setupEv
                0x00005778       0x44 C:\Users\Corban\AppData\Local\Temp\VMBuilds\AbsorbanceSketch2\adafruit_adafruit_samd_adafruit_feather_m0\Release\SensorController.cpp.o
                0x00005778                SensorController::setup()
 .text._ZN16SensorController11updateArrayEv
                0x000057bc       0x38 C:\Users\Corban\AppData\Local\Temp\VMBuilds\AbsorbanceSketch2\adafruit_adafruit_samd_adafruit_feather_m0\Release\SensorController.cpp.o
                0x000057bc                SensorController::updateArray()
 .text._ZN16SensorController16beginOutputArrayEi
                0x000057f4       0x2a C:\Users\Corban\AppData\Local\Temp\VMBuilds\AbsorbanceSketch2\adafruit_adafruit_samd_adafruit_feather_m0\Release\SensorController.cpp.o
                0x000057f4                SensorController::beginOutputArray(int)
 .text._ZN16SensorController21getOutputArrayAverageEv
                0x0000581e       0x20 C:\Users\Corban\AppData\Local\Temp\VMBuilds\AbsorbanceSketch2\adafruit_adafruit_samd_adafruit_feather_m0\Release\SensorController.cpp.o
                0x0000581e                SensorController::getOutputArrayAverage()
 *fill*         0x0000583e        0x2 
 .text._ZN16SensorController17printSensorStatusE14DisplayHandler6String
                0x00005840       0x88 C:\Users\Corban\AppData\Local\Temp\VMBuilds\AbsorbanceSketch2\adafruit_adafruit_samd_adafruit_feather_m0\Release\SensorController.cpp.o
                0x00005840                SensorController::printSensorStatus(DisplayHandler, String)
 .text._ZN16SensorController13setResolutionEi
                0x000058c8        0xc C:\Users\Corban\AppData\Local\Temp\VMBuilds\AbsorbanceSketch2\adafruit_adafruit_samd_adafruit_feather_m0\Release\SensorController.cpp.o
                0x000058c8                SensorController::setResolution(int)
 .text.startup._GLOBAL__sub_I__ZN16SensorControllerC2Eiib
                0x000058d4       0x60 C:\Users\Corban\AppData\Local\Temp\VMBuilds\AbsorbanceSketch2\adafruit_adafruit_samd_adafruit_feather_m0\Release\SensorController.cpp.o
 .text.SERCOM0_Handler
                0x00005934       0x10 C:\Users\Corban\AppData\Local\Temp\VMBuilds\AbsorbanceSketch2\adafruit_adafruit_samd_adafruit_feather_m0\Release\variant\variant.cpp.o
                0x00005934                SERCOM0_Handler
 .text.SERCOM5_Handler
                0x00005944       0x10 C:\Users\Corban\AppData\Local\Temp\VMBuilds\AbsorbanceSketch2\adafruit_adafruit_samd_adafruit_feather_m0\Release\variant\variant.cpp.o
                0x00005944                SERCOM5_Handler
 .text.startup._GLOBAL__sub_I_g_APinDescription
                0x00005954       0x94 C:\Users\Corban\AppData\Local\Temp\VMBuilds\AbsorbanceSketch2\adafruit_adafruit_samd_adafruit_feather_m0\Release\variant\variant.cpp.o
 .text.Dummy_Handler
                0x000059e8        0x2 C:\Users\Corban\AppData\Local\Temp\VMBuilds\AbsorbanceSketch2\adafruit_adafruit_samd_adafruit_feather_m0\Release/core.a(cortex_handlers.c.o)
                0x000059e8                DMAC_Handler
                0x000059e8                HardFault_Handler
                0x000059e8                AC_Handler
                0x000059e8                PendSV_Handler
                0x000059e8                NMI_Handler
                0x000059e8                TC7_Handler
                0x000059e8                SERCOM1_Handler
                0x000059e8                ADC_Handler
                0x000059e8                TCC1_Handler
                0x000059e8                SERCOM2_Handler
                0x000059e8                TCC0_Handler
                0x000059e8                RTC_Handler
                0x000059e8                EIC_Handler
                0x000059e8                TC6_Handler
                0x000059e8                WDT_Handler
                0x000059e8                TC4_Handler
                0x000059e8                TC3_Handler
                0x000059e8                Dummy_Handler
                0x000059e8                PM_Handler
                0x000059e8                SVC_Handler
                0x000059e8                TCC2_Handler
                0x000059e8                EVSYS_Handler
                0x000059e8                SERCOM4_Handler
                0x000059e8                I2S_Handler
                0x000059e8                NVMCTRL_Handler
                0x000059e8                DAC_Handler
                0x000059e8                PTC_Handler
                0x000059e8                SYSCTRL_Handler
 *fill*         0x000059ea        0x2 
 .text.USB_Handler
                0x000059ec       0x14 C:\Users\Corban\AppData\Local\Temp\VMBuilds\AbsorbanceSketch2\adafruit_adafruit_samd_adafruit_feather_m0\Release/core.a(cortex_handlers.c.o)
                0x000059ec                USB_Handler
 .text.Reset_Handler
                0x00005a00       0x58 C:\Users\Corban\AppData\Local\Temp\VMBuilds\AbsorbanceSketch2\adafruit_adafruit_samd_adafruit_feather_m0\Release/core.a(cortex_handlers.c.o)
                0x00005a00                Reset_Handler
 .text.SysTick_Handler
                0x00005a58       0x10 C:\Users\Corban\AppData\Local\Temp\VMBuilds\AbsorbanceSketch2\adafruit_adafruit_samd_adafruit_feather_m0\Release/core.a(cortex_handlers.c.o)
                0x00005a58                SysTick_Handler
 .text.USB_SetHandler
                0x00005a68        0xc C:\Users\Corban\AppData\Local\Temp\VMBuilds\AbsorbanceSketch2\adafruit_adafruit_samd_adafruit_feather_m0\Release/core.a(cortex_handlers.c.o)
                0x00005a68                USB_SetHandler
 .text.millis   0x00005a74        0xc C:\Users\Corban\AppData\Local\Temp\VMBuilds\AbsorbanceSketch2\adafruit_adafruit_samd_adafruit_feather_m0\Release/core.a(delay.c.o)
                0x00005a74                millis
 .text.delay    0x00005a80       0x20 C:\Users\Corban\AppData\Local\Temp\VMBuilds\AbsorbanceSketch2\adafruit_adafruit_samd_adafruit_feather_m0\Release/core.a(delay.c.o)
                0x00005a80                delay
 .text.SysTick_DefaultHandler
                0x00005aa0       0x14 C:\Users\Corban\AppData\Local\Temp\VMBuilds\AbsorbanceSketch2\adafruit_adafruit_samd_adafruit_feather_m0\Release/core.a(delay.c.o)
                0x00005aa0                SysTick_DefaultHandler
 .text.__empty  0x00005ab4        0x2 C:\Users\Corban\AppData\Local\Temp\VMBuilds\AbsorbanceSketch2\adafruit_adafruit_samd_adafruit_feather_m0\Release/core.a(hooks.c.o)
                0x00005ab4                yield
 .text.__false  0x00005ab6        0x4 C:\Users\Corban\AppData\Local\Temp\VMBuilds\AbsorbanceSketch2\adafruit_adafruit_samd_adafruit_feather_m0\Release/core.a(hooks.c.o)
                0x00005ab6                sysTickHook
 *fill*         0x00005aba        0x2 
 .text.SystemInit
                0x00005abc      0x16c C:\Users\Corban\AppData\Local\Temp\VMBuilds\AbsorbanceSketch2\adafruit_adafruit_samd_adafruit_feather_m0\Release/core.a(startup.c.o)
                0x00005abc                SystemInit
 .text.init     0x00005c28       0xe4 C:\Users\Corban\AppData\Local\Temp\VMBuilds\AbsorbanceSketch2\adafruit_adafruit_samd_adafruit_feather_m0\Release/core.a(wiring.c.o)
                0x00005c28                init
 .text.mapResolution
                0x00005d0c       0x12 C:\Users\Corban\AppData\Local\Temp\VMBuilds\AbsorbanceSketch2\adafruit_adafruit_samd_adafruit_feather_m0\Release/core.a(wiring_analog.c.o)
 *fill*         0x00005d1e        0x2 
 .text.analogReadResolution
                0x00005d20       0x4c C:\Users\Corban\AppData\Local\Temp\VMBuilds\AbsorbanceSketch2\adafruit_adafruit_samd_adafruit_feather_m0\Release/core.a(wiring_analog.c.o)
                0x00005d20                analogReadResolution
 .text.analogReference
                0x00005d6c       0x5c C:\Users\Corban\AppData\Local\Temp\VMBuilds\AbsorbanceSketch2\adafruit_adafruit_samd_adafruit_feather_m0\Release/core.a(wiring_analog.c.o)
                0x00005d6c                analogReference
 .text.analogRead
                0x00005dc8       0xe8 C:\Users\Corban\AppData\Local\Temp\VMBuilds\AbsorbanceSketch2\adafruit_adafruit_samd_adafruit_feather_m0\Release/core.a(wiring_analog.c.o)
                0x00005dc8                analogRead
 .text.pinMode  0x00005eb0       0xc0 C:\Users\Corban\AppData\Local\Temp\VMBuilds\AbsorbanceSketch2\adafruit_adafruit_samd_adafruit_feather_m0\Release/core.a(wiring_digital.c.o)
                0x00005eb0                pinMode
 .text.digitalWrite
                0x00005f70       0x60 C:\Users\Corban\AppData\Local\Temp\VMBuilds\AbsorbanceSketch2\adafruit_adafruit_samd_adafruit_feather_m0\Release/core.a(wiring_digital.c.o)
                0x00005f70                digitalWrite
 .text.digitalRead
                0x00005fd0       0x30 C:\Users\Corban\AppData\Local\Temp\VMBuilds\AbsorbanceSketch2\adafruit_adafruit_samd_adafruit_feather_m0\Release/core.a(wiring_digital.c.o)
                0x00005fd0                digitalRead
 .text.pinPeripheral
                0x00006000       0xc4 C:\Users\Corban\AppData\Local\Temp\VMBuilds\AbsorbanceSketch2\adafruit_adafruit_samd_adafruit_feather_m0\Release/core.a(wiring_private.c.o)
                0x00006000                pinPeripheral
 .text.__cxa_pure_virtual
                0x000060c4        0x2 C:\Users\Corban\AppData\Local\Temp\VMBuilds\AbsorbanceSketch2\adafruit_adafruit_samd_adafruit_feather_m0\Release/core.a(abi.cpp.o)
                0x000060c4                __cxa_pure_virtual
 .text._Z11initVariantv
                0x000060c6        0x2 C:\Users\Corban\AppData\Local\Temp\VMBuilds\AbsorbanceSketch2\adafruit_adafruit_samd_adafruit_feather_m0\Release/core.a(main.cpp.o)
                0x000060c6                initVariant()
 .text.startup.main
                0x000060c8       0x3c C:\Users\Corban\AppData\Local\Temp\VMBuilds\AbsorbanceSketch2\adafruit_adafruit_samd_adafruit_feather_m0\Release/core.a(main.cpp.o)
                0x000060c8                main
 .text._ZN5Print5writeEPKhj
                0x00006104       0x28 C:\Users\Corban\AppData\Local\Temp\VMBuilds\AbsorbanceSketch2\adafruit_adafruit_samd_adafruit_feather_m0\Release/core.a(Print.cpp.o)
                0x00006104                Print::write(unsigned char const*, unsigned int)
 .text._ZN5Print5writeEPKc
                0x0000612c       0x1c C:\Users\Corban\AppData\Local\Temp\VMBuilds\AbsorbanceSketch2\adafruit_adafruit_samd_adafruit_feather_m0\Release/core.a(Print.cpp.o)
                0x0000612c                Print::write(char const*)
 .text._ZN5Print5printERK6String
                0x00006148       0x10 C:\Users\Corban\AppData\Local\Temp\VMBuilds\AbsorbanceSketch2\adafruit_adafruit_samd_adafruit_feather_m0\Release/core.a(Print.cpp.o)
                0x00006148                Print::print(String const&)
 .text._ZN5Print5printEPKc
                0x00006158        0x8 C:\Users\Corban\AppData\Local\Temp\VMBuilds\AbsorbanceSketch2\adafruit_adafruit_samd_adafruit_feather_m0\Release/core.a(Print.cpp.o)
                0x00006158                Print::print(char const*)
 .text._ZN5Print5printEc
                0x00006160        0xa C:\Users\Corban\AppData\Local\Temp\VMBuilds\AbsorbanceSketch2\adafruit_adafruit_samd_adafruit_feather_m0\Release/core.a(Print.cpp.o)
                0x00006160                Print::print(char)
 *fill*         0x0000616a        0x2 
 .text._ZN5Print7printlnEv
                0x0000616c       0x10 C:\Users\Corban\AppData\Local\Temp\VMBuilds\AbsorbanceSketch2\adafruit_adafruit_samd_adafruit_feather_m0\Release/core.a(Print.cpp.o)
                0x0000616c                Print::println()
 .text._ZN5Print7printlnERK6String
                0x0000617c       0x14 C:\Users\Corban\AppData\Local\Temp\VMBuilds\AbsorbanceSketch2\adafruit_adafruit_samd_adafruit_feather_m0\Release/core.a(Print.cpp.o)
                0x0000617c                Print::println(String const&)
 .text._ZN5Print7printlnEPKc
                0x00006190       0x14 C:\Users\Corban\AppData\Local\Temp\VMBuilds\AbsorbanceSketch2\adafruit_adafruit_samd_adafruit_feather_m0\Release/core.a(Print.cpp.o)
                0x00006190                Print::println(char const*)
 .text._ZN5Print11printNumberEmh
                0x000061a4       0x4e C:\Users\Corban\AppData\Local\Temp\VMBuilds\AbsorbanceSketch2\adafruit_adafruit_samd_adafruit_feather_m0\Release/core.a(Print.cpp.o)
                0x000061a4                Print::printNumber(unsigned long, unsigned char)
 .text._ZN5Print5printEli
                0x000061f2       0x3c C:\Users\Corban\AppData\Local\Temp\VMBuilds\AbsorbanceSketch2\adafruit_adafruit_samd_adafruit_feather_m0\Release/core.a(Print.cpp.o)
                0x000061f2                Print::print(long, int)
 .text._ZN5Print5printEii
                0x0000622e        0x8 C:\Users\Corban\AppData\Local\Temp\VMBuilds\AbsorbanceSketch2\adafruit_adafruit_samd_adafruit_feather_m0\Release/core.a(Print.cpp.o)
                0x0000622e                Print::print(int, int)
 *fill*         0x00006236        0x2 
 .text.initiateReset
                0x00006238        0xc C:\Users\Corban\AppData\Local\Temp\VMBuilds\AbsorbanceSketch2\adafruit_adafruit_samd_adafruit_feather_m0\Release/core.a(Reset.cpp.o)
                0x00006238                initiateReset
 .text.cancelReset
                0x00006244       0x10 C:\Users\Corban\AppData\Local\Temp\VMBuilds\AbsorbanceSketch2\adafruit_adafruit_samd_adafruit_feather_m0\Release/core.a(Reset.cpp.o)
                0x00006244                cancelReset
 .text.tickReset
                0x00006254       0x5c C:\Users\Corban\AppData\Local\Temp\VMBuilds\AbsorbanceSketch2\adafruit_adafruit_samd_adafruit_feather_m0\Release/core.a(Reset.cpp.o)
                0x00006254                tickReset
 .text._ZN10RingBufferC2Ev
                0x000062b0       0x16 C:\Users\Corban\AppData\Local\Temp\VMBuilds\AbsorbanceSketch2\adafruit_adafruit_samd_adafruit_feather_m0\Release/core.a(RingBuffer.cpp.o)
                0x000062b0                RingBuffer::RingBuffer()
                0x000062b0                RingBuffer::RingBuffer()
 .text._ZN10RingBuffer10store_charEh
                0x000062c6       0x16 C:\Users\Corban\AppData\Local\Temp\VMBuilds\AbsorbanceSketch2\adafruit_adafruit_samd_adafruit_feather_m0\Release/core.a(RingBuffer.cpp.o)
                0x000062c6                RingBuffer::store_char(unsigned char)
 .text._ZN10RingBuffer5clearEv
                0x000062dc        0x8 C:\Users\Corban\AppData\Local\Temp\VMBuilds\AbsorbanceSketch2\adafruit_adafruit_samd_adafruit_feather_m0\Release/core.a(RingBuffer.cpp.o)
                0x000062dc                RingBuffer::clear()
 .text._ZN10RingBuffer9read_charEv
                0x000062e4       0x1c C:\Users\Corban\AppData\Local\Temp\VMBuilds\AbsorbanceSketch2\adafruit_adafruit_samd_adafruit_feather_m0\Release/core.a(RingBuffer.cpp.o)
                0x000062e4                RingBuffer::read_char()
 .text._ZN10RingBuffer9availableEv
                0x00006300        0xc C:\Users\Corban\AppData\Local\Temp\VMBuilds\AbsorbanceSketch2\adafruit_adafruit_samd_adafruit_feather_m0\Release/core.a(RingBuffer.cpp.o)
                0x00006300                RingBuffer::available()
 .text._ZN10RingBuffer4peekEv
                0x0000630c       0x12 C:\Users\Corban\AppData\Local\Temp\VMBuilds\AbsorbanceSketch2\adafruit_adafruit_samd_adafruit_feather_m0\Release/core.a(RingBuffer.cpp.o)
                0x0000630c                RingBuffer::peek()
 .text._ZN10RingBuffer6isFullEv
                0x0000631e       0x14 C:\Users\Corban\AppData\Local\Temp\VMBuilds\AbsorbanceSketch2\adafruit_adafruit_samd_adafruit_feather_m0\Release/core.a(RingBuffer.cpp.o)
                0x0000631e                RingBuffer::isFull()
 .text._ZN6SERCOMC2EP6Sercom
                0x00006332        0x4 C:\Users\Corban\AppData\Local\Temp\VMBuilds\AbsorbanceSketch2\adafruit_adafruit_samd_adafruit_feather_m0\Release/core.a(SERCOM.cpp.o)
                0x00006332                SERCOM::SERCOM(Sercom*)
                0x00006332                SERCOM::SERCOM(Sercom*)
 .text._ZN6SERCOM9initFrameE18SercomUartCharSize15SercomDataOrder16SercomParityMode19SercomNumberStopBit
                0x00006336       0x38 C:\Users\Corban\AppData\Local\Temp\VMBuilds\AbsorbanceSketch2\adafruit_adafruit_samd_adafruit_feather_m0\Release/core.a(SERCOM.cpp.o)
                0x00006336                SERCOM::initFrame(SercomUartCharSize, SercomDataOrder, SercomParityMode, SercomNumberStopBit)
 .text._ZN6SERCOM8initPadsE15SercomUartTXPad11SercomRXPad
                0x0000636e       0x26 C:\Users\Corban\AppData\Local\Temp\VMBuilds\AbsorbanceSketch2\adafruit_adafruit_samd_adafruit_feather_m0\Release/core.a(SERCOM.cpp.o)
                0x0000636e                SERCOM::initPads(SercomUartTXPad, SercomRXPad)
 .text._ZN6SERCOM9resetUARTEv
                0x00006394       0x1c C:\Users\Corban\AppData\Local\Temp\VMBuilds\AbsorbanceSketch2\adafruit_adafruit_samd_adafruit_feather_m0\Release/core.a(SERCOM.cpp.o)
                0x00006394                SERCOM::resetUART()
 .text._ZN6SERCOM10enableUARTEv
                0x000063b0       0x14 C:\Users\Corban\AppData\Local\Temp\VMBuilds\AbsorbanceSketch2\adafruit_adafruit_samd_adafruit_feather_m0\Release/core.a(SERCOM.cpp.o)
                0x000063b0                SERCOM::enableUART()
 .text._ZN6SERCOM9flushUARTEv
                0x000063c4       0x10 C:\Users\Corban\AppData\Local\Temp\VMBuilds\AbsorbanceSketch2\adafruit_adafruit_samd_adafruit_feather_m0\Release/core.a(SERCOM.cpp.o)
                0x000063c4                SERCOM::flushUART()
 .text._ZN6SERCOM15clearStatusUARTEv
                0x000063d4        0x8 C:\Users\Corban\AppData\Local\Temp\VMBuilds\AbsorbanceSketch2\adafruit_adafruit_samd_adafruit_feather_m0\Release/core.a(SERCOM.cpp.o)
                0x000063d4                SERCOM::clearStatusUART()
 .text._ZN6SERCOM17availableDataUARTEv
                0x000063dc        0xa C:\Users\Corban\AppData\Local\Temp\VMBuilds\AbsorbanceSketch2\adafruit_adafruit_samd_adafruit_feather_m0\Release/core.a(SERCOM.cpp.o)
                0x000063dc                SERCOM::availableDataUART()
 .text._ZN6SERCOM11isUARTErrorEv
                0x000063e6        0x8 C:\Users\Corban\AppData\Local\Temp\VMBuilds\AbsorbanceSketch2\adafruit_adafruit_samd_adafruit_feather_m0\Release/core.a(SERCOM.cpp.o)
                0x000063e6                SERCOM::isUARTError()
 .text._ZN6SERCOM20acknowledgeUARTErrorEv
                0x000063ee        0xe C:\Users\Corban\AppData\Local\Temp\VMBuilds\AbsorbanceSketch2\adafruit_adafruit_samd_adafruit_feather_m0\Release/core.a(SERCOM.cpp.o)
                0x000063ee                SERCOM::acknowledgeUARTError()
 .text._ZN6SERCOM12readDataUARTEv
                0x000063fc        0x8 C:\Users\Corban\AppData\Local\Temp\VMBuilds\AbsorbanceSketch2\adafruit_adafruit_samd_adafruit_feather_m0\Release/core.a(SERCOM.cpp.o)
                0x000063fc                SERCOM::readDataUART()
 .text._ZN6SERCOM13writeDataUARTEh
                0x00006404        0xe C:\Users\Corban\AppData\Local\Temp\VMBuilds\AbsorbanceSketch2\adafruit_adafruit_samd_adafruit_feather_m0\Release/core.a(SERCOM.cpp.o)
                0x00006404                SERCOM::writeDataUART(unsigned char)
 *fill*         0x00006412        0x2 
 .text._ZN6SERCOM12initSPIClockE18SercomSpiClockModem
                0x00006414       0x30 C:\Users\Corban\AppData\Local\Temp\VMBuilds\AbsorbanceSketch2\adafruit_adafruit_samd_adafruit_feather_m0\Release/core.a(SERCOM.cpp.o)
                0x00006414                SERCOM::initSPIClock(SercomSpiClockMode, unsigned long)
 .text._ZN6SERCOM8resetSPIEv
                0x00006444       0x1c C:\Users\Corban\AppData\Local\Temp\VMBuilds\AbsorbanceSketch2\adafruit_adafruit_samd_adafruit_feather_m0\Release/core.a(SERCOM.cpp.o)
                0x00006444                SERCOM::resetSPI()
 .text._ZN6SERCOM9enableSPIEv
                0x00006460       0x14 C:\Users\Corban\AppData\Local\Temp\VMBuilds\AbsorbanceSketch2\adafruit_adafruit_samd_adafruit_feather_m0\Release/core.a(SERCOM.cpp.o)
                0x00006460                SERCOM::enableSPI()
 .text._ZN6SERCOM10disableSPIEv
                0x00006474       0x14 C:\Users\Corban\AppData\Local\Temp\VMBuilds\AbsorbanceSketch2\adafruit_adafruit_samd_adafruit_feather_m0\Release/core.a(SERCOM.cpp.o)
                0x00006474                SERCOM::disableSPI()
 .text._ZN6SERCOM12writeDataSPIEh
                0x00006488       0x26 C:\Users\Corban\AppData\Local\Temp\VMBuilds\AbsorbanceSketch2\adafruit_adafruit_samd_adafruit_feather_m0\Release/core.a(SERCOM.cpp.o)
                0x00006488                SERCOM::writeDataSPI(unsigned char)
 .text._ZN6SERCOM11readDataSPIEv
                0x000064ae       0x1a C:\Users\Corban\AppData\Local\Temp\VMBuilds\AbsorbanceSketch2\adafruit_adafruit_samd_adafruit_feather_m0\Release/core.a(SERCOM.cpp.o)
                0x000064ae                SERCOM::readDataSPI()
 .text._ZN6SERCOM9resetWIREEv
                0x000064c8       0x1c C:\Users\Corban\AppData\Local\Temp\VMBuilds\AbsorbanceSketch2\adafruit_adafruit_samd_adafruit_feather_m0\Release/core.a(SERCOM.cpp.o)
                0x000064c8                SERCOM::resetWIRE()
 .text._ZN6SERCOM10enableWIREEv
                0x000064e4       0x28 C:\Users\Corban\AppData\Local\Temp\VMBuilds\AbsorbanceSketch2\adafruit_adafruit_samd_adafruit_feather_m0\Release/core.a(SERCOM.cpp.o)
                0x000064e4                SERCOM::enableWIRE()
 .text._ZN6SERCOM18prepareNackBitWIREEv
                0x0000650c       0x10 C:\Users\Corban\AppData\Local\Temp\VMBuilds\AbsorbanceSketch2\adafruit_adafruit_samd_adafruit_feather_m0\Release/core.a(SERCOM.cpp.o)
                0x0000650c                SERCOM::prepareNackBitWIRE()
 .text._ZN6SERCOM17prepareAckBitWIREEv
                0x0000651c       0x14 C:\Users\Corban\AppData\Local\Temp\VMBuilds\AbsorbanceSketch2\adafruit_adafruit_samd_adafruit_feather_m0\Release/core.a(SERCOM.cpp.o)
                0x0000651c                SERCOM::prepareAckBitWIRE()
 .text._ZN6SERCOM22prepareCommandBitsWireEh
                0x00006530       0x2c C:\Users\Corban\AppData\Local\Temp\VMBuilds\AbsorbanceSketch2\adafruit_adafruit_samd_adafruit_feather_m0\Release/core.a(SERCOM.cpp.o)
                0x00006530                SERCOM::prepareCommandBitsWire(unsigned char)
 .text._ZN6SERCOM21startTransmissionWIREEh23SercomWireReadWriteFlag
                0x0000655c       0x5e C:\Users\Corban\AppData\Local\Temp\VMBuilds\AbsorbanceSketch2\adafruit_adafruit_samd_adafruit_feather_m0\Release/core.a(SERCOM.cpp.o)
                0x0000655c                SERCOM::startTransmissionWIRE(unsigned char, SercomWireReadWriteFlag)
 .text._ZN6SERCOM18sendDataMasterWIREEh
                0x000065ba       0x22 C:\Users\Corban\AppData\Local\Temp\VMBuilds\AbsorbanceSketch2\adafruit_adafruit_samd_adafruit_feather_m0\Release/core.a(SERCOM.cpp.o)
                0x000065ba                SERCOM::sendDataMasterWIRE(unsigned char)
 .text._ZN6SERCOM17sendDataSlaveWIREEh
                0x000065dc       0x1a C:\Users\Corban\AppData\Local\Temp\VMBuilds\AbsorbanceSketch2\adafruit_adafruit_samd_adafruit_feather_m0\Release/core.a(SERCOM.cpp.o)
                0x000065dc                SERCOM::sendDataSlaveWIRE(unsigned char)
 .text._ZN6SERCOM11isSlaveWIREEv
                0x000065f6       0x12 C:\Users\Corban\AppData\Local\Temp\VMBuilds\AbsorbanceSketch2\adafruit_adafruit_samd_adafruit_feather_m0\Release/core.a(SERCOM.cpp.o)
                0x000065f6                SERCOM::isSlaveWIRE()
 .text._ZN6SERCOM15isDataReadyWIREEv
                0x00006608        0xa C:\Users\Corban\AppData\Local\Temp\VMBuilds\AbsorbanceSketch2\adafruit_adafruit_samd_adafruit_feather_m0\Release/core.a(SERCOM.cpp.o)
                0x00006608                SERCOM::isDataReadyWIRE()
 .text._ZN6SERCOM18isStopDetectedWIREEv
                0x00006612        0xa C:\Users\Corban\AppData\Local\Temp\VMBuilds\AbsorbanceSketch2\adafruit_adafruit_samd_adafruit_feather_m0\Release/core.a(SERCOM.cpp.o)
                0x00006612                SERCOM::isStopDetectedWIRE()
 .text._ZN6SERCOM21isRestartDetectedWIREEv
                0x0000661c        0xa C:\Users\Corban\AppData\Local\Temp\VMBuilds\AbsorbanceSketch2\adafruit_adafruit_samd_adafruit_feather_m0\Release/core.a(SERCOM.cpp.o)
                0x0000661c                SERCOM::isRestartDetectedWIRE()
 .text._ZN6SERCOM14isAddressMatchEv
                0x00006626        0xa C:\Users\Corban\AppData\Local\Temp\VMBuilds\AbsorbanceSketch2\adafruit_adafruit_samd_adafruit_feather_m0\Release/core.a(SERCOM.cpp.o)
                0x00006626                SERCOM::isAddressMatch()
 .text._ZN6SERCOM25isMasterReadOperationWIREEv
                0x00006630        0xa C:\Users\Corban\AppData\Local\Temp\VMBuilds\AbsorbanceSketch2\adafruit_adafruit_samd_adafruit_feather_m0\Release/core.a(SERCOM.cpp.o)
                0x00006630                SERCOM::isMasterReadOperationWIRE()
 .text._ZN6SERCOM12readDataWIREEv
                0x0000663a       0x1a C:\Users\Corban\AppData\Local\Temp\VMBuilds\AbsorbanceSketch2\adafruit_adafruit_samd_adafruit_feather_m0\Release/core.a(SERCOM.cpp.o)
                0x0000663a                SERCOM::readDataWIRE()
 .text._ZN6SERCOM13initClockNVICEv
                0x00006654       0xac C:\Users\Corban\AppData\Local\Temp\VMBuilds\AbsorbanceSketch2\adafruit_adafruit_samd_adafruit_feather_m0\Release/core.a(SERCOM.cpp.o)
                0x00006654                SERCOM::initClockNVIC()
 .text._ZN6SERCOM8initUARTE14SercomUartMode20SercomUartSampleRatem
                0x00006700       0x6c C:\Users\Corban\AppData\Local\Temp\VMBuilds\AbsorbanceSketch2\adafruit_adafruit_samd_adafruit_feather_m0\Release/core.a(SERCOM.cpp.o)
                0x00006700                SERCOM::initUART(SercomUartMode, SercomUartSampleRate, unsigned long)
 .text._ZN6SERCOM7initSPIE14SercomSpiTXPad11SercomRXPad17SercomSpiCharSize15SercomDataOrder
                0x0000676c       0x48 C:\Users\Corban\AppData\Local\Temp\VMBuilds\AbsorbanceSketch2\adafruit_adafruit_samd_adafruit_feather_m0\Release/core.a(SERCOM.cpp.o)
                0x0000676c                SERCOM::initSPI(SercomSpiTXPad, SercomRXPad, SercomSpiCharSize, SercomDataOrder)
 .text._ZN6SERCOM14initMasterWIREEm
                0x000067b4       0x38 C:\Users\Corban\AppData\Local\Temp\VMBuilds\AbsorbanceSketch2\adafruit_adafruit_samd_adafruit_feather_m0\Release/core.a(SERCOM.cpp.o)
                0x000067b4                SERCOM::initMasterWIRE(unsigned long)
 .text._ZN4UartcvbEv
                0x000067ec        0x4 C:\Users\Corban\AppData\Local\Temp\VMBuilds\AbsorbanceSketch2\adafruit_adafruit_samd_adafruit_feather_m0\Release/core.a(Uart.cpp.o)
                0x000067ec                Uart::operator bool()
 .text._ZN4Uart5beginEm
                0x000067f0        0xc C:\Users\Corban\AppData\Local\Temp\VMBuilds\AbsorbanceSketch2\adafruit_adafruit_samd_adafruit_feather_m0\Release/core.a(Uart.cpp.o)
                0x000067f0                Uart::begin(unsigned long)
 .text._ZN4Uart3endEv
                0x000067fc       0x14 C:\Users\Corban\AppData\Local\Temp\VMBuilds\AbsorbanceSketch2\adafruit_adafruit_samd_adafruit_feather_m0\Release/core.a(Uart.cpp.o)
                0x000067fc                Uart::end()
 .text._ZN4Uart5flushEv
                0x00006810        0xa C:\Users\Corban\AppData\Local\Temp\VMBuilds\AbsorbanceSketch2\adafruit_adafruit_samd_adafruit_feather_m0\Release/core.a(Uart.cpp.o)
                0x00006810                Uart::flush()
 .text._ZN4Uart9availableEv
                0x0000681a        0xa C:\Users\Corban\AppData\Local\Temp\VMBuilds\AbsorbanceSketch2\adafruit_adafruit_samd_adafruit_feather_m0\Release/core.a(Uart.cpp.o)
                0x0000681a                Uart::available()
 .text._ZN4Uart4peekEv
                0x00006824        0xa C:\Users\Corban\AppData\Local\Temp\VMBuilds\AbsorbanceSketch2\adafruit_adafruit_samd_adafruit_feather_m0\Release/core.a(Uart.cpp.o)
                0x00006824                Uart::peek()
 .text._ZN4Uart4readEv
                0x0000682e        0xa C:\Users\Corban\AppData\Local\Temp\VMBuilds\AbsorbanceSketch2\adafruit_adafruit_samd_adafruit_feather_m0\Release/core.a(Uart.cpp.o)
                0x0000682e                Uart::read()
 .text._ZN4Uart5writeEh
                0x00006838        0xc C:\Users\Corban\AppData\Local\Temp\VMBuilds\AbsorbanceSketch2\adafruit_adafruit_samd_adafruit_feather_m0\Release/core.a(Uart.cpp.o)
                0x00006838                Uart::write(unsigned char)
 .text._ZN4UartC2EP6SERCOMhh11SercomRXPad15SercomUartTXPad
                0x00006844       0x48 C:\Users\Corban\AppData\Local\Temp\VMBuilds\AbsorbanceSketch2\adafruit_adafruit_samd_adafruit_feather_m0\Release/core.a(Uart.cpp.o)
                0x00006844                Uart::Uart(SERCOM*, unsigned char, unsigned char, SercomRXPad, SercomUartTXPad)
                0x00006844                Uart::Uart(SERCOM*, unsigned char, unsigned char, SercomRXPad, SercomUartTXPad)
 .text._ZN4Uart10IrqHandlerEv
                0x0000688c       0x36 C:\Users\Corban\AppData\Local\Temp\VMBuilds\AbsorbanceSketch2\adafruit_adafruit_samd_adafruit_feather_m0\Release/core.a(Uart.cpp.o)
                0x0000688c                Uart::IrqHandler()
 .text._ZN4Uart16extractNbStopBitEt
                0x000068c2        0xe C:\Users\Corban\AppData\Local\Temp\VMBuilds\AbsorbanceSketch2\adafruit_adafruit_samd_adafruit_feather_m0\Release/core.a(Uart.cpp.o)
                0x000068c2                Uart::extractNbStopBit(unsigned short)
 .text._ZN4Uart15extractCharSizeEt
                0x000068d0       0x2c C:\Users\Corban\AppData\Local\Temp\VMBuilds\AbsorbanceSketch2\adafruit_adafruit_samd_adafruit_feather_m0\Release/core.a(Uart.cpp.o)
                0x000068d0                Uart::extractCharSize(unsigned short)
 .text._ZN4Uart13extractParityEt
                0x000068fc       0x18 C:\Users\Corban\AppData\Local\Temp\VMBuilds\AbsorbanceSketch2\adafruit_adafruit_samd_adafruit_feather_m0\Release/core.a(Uart.cpp.o)
                0x000068fc                Uart::extractParity(unsigned short)
 .text._ZN4Uart5beginEmt
                0x00006914       0x88 C:\Users\Corban\AppData\Local\Temp\VMBuilds\AbsorbanceSketch2\adafruit_adafruit_samd_adafruit_feather_m0\Release/core.a(Uart.cpp.o)
                0x00006914                Uart::begin(unsigned long, unsigned short)
 .text._ZNK6String14StringIfHelperEv
                0x0000699c        0x2 C:\Users\Corban\AppData\Local\Temp\VMBuilds\AbsorbanceSketch2\adafruit_adafruit_samd_adafruit_feather_m0\Release/core.a(WString.cpp.o)
                0x0000699c                String::StringIfHelper() const
 .text._ZN6StringC2EOS_
                0x0000699e       0x1c C:\Users\Corban\AppData\Local\Temp\VMBuilds\AbsorbanceSketch2\adafruit_adafruit_samd_adafruit_feather_m0\Release/core.a(WString.cpp.o)
                0x0000699e                String::String(String&&)
                0x0000699e                String::String(String&&)
 .text._ZN6StringD2Ev
                0x000069ba        0xe C:\Users\Corban\AppData\Local\Temp\VMBuilds\AbsorbanceSketch2\adafruit_adafruit_samd_adafruit_feather_m0\Release/core.a(WString.cpp.o)
                0x000069ba                String::~String()
                0x000069ba                String::~String()
 .text._ZN6String10invalidateEv
                0x000069c8       0x18 C:\Users\Corban\AppData\Local\Temp\VMBuilds\AbsorbanceSketch2\adafruit_adafruit_samd_adafruit_feather_m0\Release/core.a(WString.cpp.o)
                0x000069c8                String::invalidate()
 .text._ZN6String12changeBufferEj
                0x000069e0       0x18 C:\Users\Corban\AppData\Local\Temp\VMBuilds\AbsorbanceSketch2\adafruit_adafruit_samd_adafruit_feather_m0\Release/core.a(WString.cpp.o)
                0x000069e0                String::changeBuffer(unsigned int)
 .text._ZN6String7reserveEj
                0x000069f8       0x28 C:\Users\Corban\AppData\Local\Temp\VMBuilds\AbsorbanceSketch2\adafruit_adafruit_samd_adafruit_feather_m0\Release/core.a(WString.cpp.o)
                0x000069f8                String::reserve(unsigned int)
 .text._ZN6String4copyEPKcj
                0x00006a20       0x28 C:\Users\Corban\AppData\Local\Temp\VMBuilds\AbsorbanceSketch2\adafruit_adafruit_samd_adafruit_feather_m0\Release/core.a(WString.cpp.o)
                0x00006a20                String::copy(char const*, unsigned int)
 .text._ZN6StringC2EPKc
                0x00006a48       0x26 C:\Users\Corban\AppData\Local\Temp\VMBuilds\AbsorbanceSketch2\adafruit_adafruit_samd_adafruit_feather_m0\Release/core.a(WString.cpp.o)
                0x00006a48                String::String(char const*)
                0x00006a48                String::String(char const*)
 *fill*         0x00006a6e        0x2 
 .text._ZN6String4moveERS_
                0x00006a70       0x4c C:\Users\Corban\AppData\Local\Temp\VMBuilds\AbsorbanceSketch2\adafruit_adafruit_samd_adafruit_feather_m0\Release/core.a(WString.cpp.o)
                0x00006a70                String::move(String&)
 .text._ZN6StringaSERKS_
                0x00006abc       0x20 C:\Users\Corban\AppData\Local\Temp\VMBuilds\AbsorbanceSketch2\adafruit_adafruit_samd_adafruit_feather_m0\Release/core.a(WString.cpp.o)
                0x00006abc                String::operator=(String const&)
 .text._ZN6StringC2ERKS_
                0x00006adc       0x14 C:\Users\Corban\AppData\Local\Temp\VMBuilds\AbsorbanceSketch2\adafruit_adafruit_samd_adafruit_feather_m0\Release/core.a(WString.cpp.o)
                0x00006adc                String::String(String const&)
                0x00006adc                String::String(String const&)
 .text._ZN6StringaSEOS_
                0x00006af0       0x10 C:\Users\Corban\AppData\Local\Temp\VMBuilds\AbsorbanceSketch2\adafruit_adafruit_samd_adafruit_feather_m0\Release/core.a(WString.cpp.o)
                0x00006af0                String::operator=(String&&)
 .text._ZN6StringaSEPKc
                0x00006b00       0x22 C:\Users\Corban\AppData\Local\Temp\VMBuilds\AbsorbanceSketch2\adafruit_adafruit_samd_adafruit_feather_m0\Release/core.a(WString.cpp.o)
                0x00006b00                String::operator=(char const*)
 .text._ZN6StringC2Eih
                0x00006b22       0x24 C:\Users\Corban\AppData\Local\Temp\VMBuilds\AbsorbanceSketch2\adafruit_adafruit_samd_adafruit_feather_m0\Release/core.a(WString.cpp.o)
                0x00006b22                String::String(int, unsigned char)
                0x00006b22                String::String(int, unsigned char)
 .text._ZN6StringC2Edh
                0x00006b46       0x34 C:\Users\Corban\AppData\Local\Temp\VMBuilds\AbsorbanceSketch2\adafruit_adafruit_samd_adafruit_feather_m0\Release/core.a(WString.cpp.o)
                0x00006b46                String::String(double, unsigned char)
                0x00006b46                String::String(double, unsigned char)
 .text._ZN6String6concatEPKcj
                0x00006b7a       0x32 C:\Users\Corban\AppData\Local\Temp\VMBuilds\AbsorbanceSketch2\adafruit_adafruit_samd_adafruit_feather_m0\Release/core.a(WString.cpp.o)
                0x00006b7a                String::concat(char const*, unsigned int)
 .text._ZplRK15StringSumHelperRK6String
                0x00006bac       0x1c C:\Users\Corban\AppData\Local\Temp\VMBuilds\AbsorbanceSketch2\adafruit_adafruit_samd_adafruit_feather_m0\Release/core.a(WString.cpp.o)
                0x00006bac                operator+(StringSumHelper const&, String const&)
 .text._ZplRK15StringSumHelperPKc
                0x00006bc8       0x26 C:\Users\Corban\AppData\Local\Temp\VMBuilds\AbsorbanceSketch2\adafruit_adafruit_samd_adafruit_feather_m0\Release/core.a(WString.cpp.o)
                0x00006bc8                operator+(StringSumHelper const&, char const*)
 *fill*         0x00006bee        0x2 
 .text._ZNK6String9substringEjj
                0x00006bf0       0x4c C:\Users\Corban\AppData\Local\Temp\VMBuilds\AbsorbanceSketch2\adafruit_adafruit_samd_adafruit_feather_m0\Release/core.a(WString.cpp.o)
                0x00006bf0                String::substring(unsigned int, unsigned int) const
 .text._ZN7Serial_17availableForWriteEv
                0x00006c3c        0x4 C:\Users\Corban\AppData\Local\Temp\VMBuilds\AbsorbanceSketch2\adafruit_adafruit_samd_adafruit_feather_m0\Release/core.a(CDC.cpp.o)
                0x00006c3c                Serial_::availableForWrite()
 .text._ZN7Serial_4peekEv
                0x00006c40       0x2c C:\Users\Corban\AppData\Local\Temp\VMBuilds\AbsorbanceSketch2\adafruit_adafruit_samd_adafruit_feather_m0\Release/core.a(CDC.cpp.o)
                0x00006c40                Serial_::peek()
 .text._ZN7Serial_5writeEh
                0x00006c6c       0x14 C:\Users\Corban\AppData\Local\Temp\VMBuilds\AbsorbanceSketch2\adafruit_adafruit_samd_adafruit_feather_m0\Release/core.a(CDC.cpp.o)
                0x00006c6c                Serial_::write(unsigned char)
 .text._ZN7Serial_6acceptEv
                0x00006c80       0x68 C:\Users\Corban\AppData\Local\Temp\VMBuilds\AbsorbanceSketch2\adafruit_adafruit_samd_adafruit_feather_m0\Release/core.a(CDC.cpp.o)
                0x00006c80                Serial_::accept()
 .text._ZN7Serial_4readEv
                0x00006ce8       0x68 C:\Users\Corban\AppData\Local\Temp\VMBuilds\AbsorbanceSketch2\adafruit_adafruit_samd_adafruit_feather_m0\Release/core.a(CDC.cpp.o)
                0x00006ce8                Serial_::read()
 .text._ZN7Serial_5flushEv
                0x00006d50        0xc C:\Users\Corban\AppData\Local\Temp\VMBuilds\AbsorbanceSketch2\adafruit_adafruit_samd_adafruit_feather_m0\Release/core.a(CDC.cpp.o)
                0x00006d50                Serial_::flush()
 .text._ZN7Serial_9availableEv
                0x00006d5c       0x3c C:\Users\Corban\AppData\Local\Temp\VMBuilds\AbsorbanceSketch2\adafruit_adafruit_samd_adafruit_feather_m0\Release/core.a(CDC.cpp.o)
                0x00006d5c                Serial_::available()
 .text._ZN7Serial_5writeEPKhj
                0x00006d98       0x2c C:\Users\Corban\AppData\Local\Temp\VMBuilds\AbsorbanceSketch2\adafruit_adafruit_samd_adafruit_feather_m0\Release/core.a(CDC.cpp.o)
                0x00006d98                Serial_::write(unsigned char const*, unsigned int)
 .text._Z16CDC_GetInterfacePh
                0x00006dc4       0x1c C:\Users\Corban\AppData\Local\Temp\VMBuilds\AbsorbanceSketch2\adafruit_adafruit_samd_adafruit_feather_m0\Release/core.a(CDC.cpp.o)
                0x00006dc4                CDC_GetInterface(unsigned char*)
 .text._Z9CDC_SetupR8USBSetup
                0x00006de0       0x80 C:\Users\Corban\AppData\Local\Temp\VMBuilds\AbsorbanceSketch2\adafruit_adafruit_samd_adafruit_feather_m0\Release/core.a(CDC.cpp.o)
                0x00006de0                CDC_Setup(USBSetup&)
 .text._ZN7Serial_5beginEm
                0x00006e60        0x2 C:\Users\Corban\AppData\Local\Temp\VMBuilds\AbsorbanceSketch2\adafruit_adafruit_samd_adafruit_feather_m0\Release/core.a(CDC.cpp.o)
                0x00006e60                Serial_::begin(unsigned long)
 *fill*         0x00006e62        0x2 
 .text._ZN7Serial_cvbEv
                0x00006e64       0x28 C:\Users\Corban\AppData\Local\Temp\VMBuilds\AbsorbanceSketch2\adafruit_adafruit_samd_adafruit_feather_m0\Release/core.a(CDC.cpp.o)
                0x00006e64                Serial_::operator bool()
 .text.startup._GLOBAL__sub_I_cdc_rx_buffer
                0x00006e8c       0x24 C:\Users\Corban\AppData\Local\Temp\VMBuilds\AbsorbanceSketch2\adafruit_adafruit_samd_adafruit_feather_m0\Release/core.a(CDC.cpp.o)
 .text._ZN14USBDeviceClass6initEPEmm.part.1
                0x00006eb0       0x80 C:\Users\Corban\AppData\Local\Temp\VMBuilds\AbsorbanceSketch2\adafruit_adafruit_samd_adafruit_feather_m0\Release/core.a(USBCore.cpp.o)
 .text._ZN20USBDevice_SAMD21G18x5resetEv
                0x00006f30       0x28 C:\Users\Corban\AppData\Local\Temp\VMBuilds\AbsorbanceSketch2\adafruit_adafruit_samd_adafruit_feather_m0\Release/core.a(USBCore.cpp.o)
                0x00006f30                USBDevice_SAMD21G18x::reset()
 .text._ZN20USBDevice_SAMD21G18x9calibrateEv
                0x00006f58       0x5c C:\Users\Corban\AppData\Local\Temp\VMBuilds\AbsorbanceSketch2\adafruit_adafruit_samd_adafruit_feather_m0\Release/core.a(USBCore.cpp.o)
                0x00006f58                USBDevice_SAMD21G18x::calibrate()
 .text._ZN14USBDeviceClass14SendInterfacesEPm
                0x00006fb4       0x2c C:\Users\Corban\AppData\Local\Temp\VMBuilds\AbsorbanceSketch2\adafruit_adafruit_samd_adafruit_feather_m0\Release/core.a(USBCore.cpp.o)
                0x00006fb4                USBDeviceClass::SendInterfaces(unsigned long*)
 .text._ZN14USBDeviceClass4initEv
                0x00006fe0       0xf0 C:\Users\Corban\AppData\Local\Temp\VMBuilds\AbsorbanceSketch2\adafruit_adafruit_samd_adafruit_feather_m0\Release/core.a(USBCore.cpp.o)
                0x00006fe0                USBDeviceClass::init()
 .text._ZN14USBDeviceClass6attachEv
                0x000070d0       0x34 C:\Users\Corban\AppData\Local\Temp\VMBuilds\AbsorbanceSketch2\adafruit_adafruit_samd_adafruit_feather_m0\Release/core.a(USBCore.cpp.o)
                0x000070d0                USBDeviceClass::attach()
 .text._ZN14USBDeviceClass10setAddressEm
                0x00007104       0x48 C:\Users\Corban\AppData\Local\Temp\VMBuilds\AbsorbanceSketch2\adafruit_adafruit_samd_adafruit_feather_m0\Release/core.a(USBCore.cpp.o)
                0x00007104                USBDeviceClass::setAddress(unsigned long)
 .text._ZN14USBDeviceClass25handleClassInterfaceSetupER8USBSetup
                0x0000714c       0x40 C:\Users\Corban\AppData\Local\Temp\VMBuilds\AbsorbanceSketch2\adafruit_adafruit_samd_adafruit_feather_m0\Release/core.a(USBCore.cpp.o)
                0x0000714c                USBDeviceClass::handleClassInterfaceSetup(USBSetup&)
 .text._ZN14USBDeviceClass6initEPEmm
                0x0000718c       0xe4 C:\Users\Corban\AppData\Local\Temp\VMBuilds\AbsorbanceSketch2\adafruit_adafruit_samd_adafruit_feather_m0\Release/core.a(USBCore.cpp.o)
                0x0000718c                USBDeviceClass::initEP(unsigned long, unsigned long)
 .text._ZN14USBDeviceClass13initEndpointsEv
                0x00007270       0x24 C:\Users\Corban\AppData\Local\Temp\VMBuilds\AbsorbanceSketch2\adafruit_adafruit_samd_adafruit_feather_m0\Release/core.a(USBCore.cpp.o)
                0x00007270                USBDeviceClass::initEndpoints()
 .text._ZN14USBDeviceClass5flushEm
                0x00007294       0x2c C:\Users\Corban\AppData\Local\Temp\VMBuilds\AbsorbanceSketch2\adafruit_adafruit_samd_adafruit_feather_m0\Release/core.a(USBCore.cpp.o)
                0x00007294                USBDeviceClass::flush(unsigned long)
 .text._ZN14USBDeviceClass9availableEm
                0x000072c0       0x14 C:\Users\Corban\AppData\Local\Temp\VMBuilds\AbsorbanceSketch2\adafruit_adafruit_samd_adafruit_feather_m0\Release/core.a(USBCore.cpp.o)
                0x000072c0                USBDeviceClass::available(unsigned long)
 .text._ZN14USBDeviceClass14armRecvCtrlOUTEm
                0x000072d4       0x60 C:\Users\Corban\AppData\Local\Temp\VMBuilds\AbsorbanceSketch2\adafruit_adafruit_samd_adafruit_feather_m0\Release/core.a(USBCore.cpp.o)
                0x000072d4                USBDeviceClass::armRecvCtrlOUT(unsigned long)
 .text._ZN14USBDeviceClass11recvControlEPvm
                0x00007334       0x3c C:\Users\Corban\AppData\Local\Temp\VMBuilds\AbsorbanceSketch2\adafruit_adafruit_samd_adafruit_feather_m0\Release/core.a(USBCore.cpp.o)
                0x00007334                USBDeviceClass::recvControl(void*, unsigned long)
 .text._ZN14USBDeviceClass7armRecvEm
                0x00007370       0x3c C:\Users\Corban\AppData\Local\Temp\VMBuilds\AbsorbanceSketch2\adafruit_adafruit_samd_adafruit_feather_m0\Release/core.a(USBCore.cpp.o)
                0x00007370                USBDeviceClass::armRecv(unsigned long)
 .text._ZN14USBDeviceClass4recvEmPvm
                0x000073ac       0xa8 C:\Users\Corban\AppData\Local\Temp\VMBuilds\AbsorbanceSketch2\adafruit_adafruit_samd_adafruit_feather_m0\Release/core.a(USBCore.cpp.o)
                0x000073ac                USBDeviceClass::recv(unsigned long, void*, unsigned long)
 .text._ZN14USBDeviceClass4sendEmPKvm
                0x00007454       0xb0 C:\Users\Corban\AppData\Local\Temp\VMBuilds\AbsorbanceSketch2\adafruit_adafruit_samd_adafruit_feather_m0\Release/core.a(USBCore.cpp.o)
                0x00007454                USBDeviceClass::send(unsigned long, void const*, unsigned long)
 .text._ZN14USBDeviceClass7armSendEmPKvm
                0x00007504       0x48 C:\Users\Corban\AppData\Local\Temp\VMBuilds\AbsorbanceSketch2\adafruit_adafruit_samd_adafruit_feather_m0\Release/core.a(USBCore.cpp.o)
                0x00007504                USBDeviceClass::armSend(unsigned long, void const*, unsigned long)
 .text._ZN14USBDeviceClass11sendControlEPKvm
                0x0000754c       0x58 C:\Users\Corban\AppData\Local\Temp\VMBuilds\AbsorbanceSketch2\adafruit_adafruit_samd_adafruit_feather_m0\Release/core.a(USBCore.cpp.o)
                0x0000754c                USBDeviceClass::sendControl(void const*, unsigned long)
 .text._ZN14USBDeviceClass20sendStringDescriptorEPKhh
                0x000075a4       0x68 C:\Users\Corban\AppData\Local\Temp\VMBuilds\AbsorbanceSketch2\adafruit_adafruit_samd_adafruit_feather_m0\Release/core.a(USBCore.cpp.o)
                0x000075a4                USBDeviceClass::sendStringDescriptor(unsigned char const*, unsigned char)
 .text._ZN14USBDeviceClass12packMessagesEb.part.3
                0x0000760c       0x20 C:\Users\Corban\AppData\Local\Temp\VMBuilds\AbsorbanceSketch2\adafruit_adafruit_samd_adafruit_feather_m0\Release/core.a(USBCore.cpp.o)
 .text._ZN14USBDeviceClass17sendConfigurationEm
                0x0000762c       0x90 C:\Users\Corban\AppData\Local\Temp\VMBuilds\AbsorbanceSketch2\adafruit_adafruit_samd_adafruit_feather_m0\Release/core.a(USBCore.cpp.o)
                0x0000762c                USBDeviceClass::sendConfiguration(unsigned long)
 .text._ZN14USBDeviceClass14sendDescriptorER8USBSetup
                0x000076bc       0xb4 C:\Users\Corban\AppData\Local\Temp\VMBuilds\AbsorbanceSketch2\adafruit_adafruit_samd_adafruit_feather_m0\Release/core.a(USBCore.cpp.o)
                0x000076bc                USBDeviceClass::sendDescriptor(USBSetup&)
 .text._ZN14USBDeviceClass19handleStandardSetupER8USBSetup
                0x00007770      0x11c C:\Users\Corban\AppData\Local\Temp\VMBuilds\AbsorbanceSketch2\adafruit_adafruit_samd_adafruit_feather_m0\Release/core.a(USBCore.cpp.o)
                0x00007770                USBDeviceClass::handleStandardSetup(USBSetup&)
 .text.startup._GLOBAL__sub_I__ZN20USBDevice_SAMD21G18x5resetEv
                0x0000788c       0x10 C:\Users\Corban\AppData\Local\Temp\VMBuilds\AbsorbanceSketch2\adafruit_adafruit_samd_adafruit_feather_m0\Release/core.a(USBCore.cpp.o)
 .text._ZN14USBDeviceClass14handleEndpointEh
                0x0000789c       0x5c C:\Users\Corban\AppData\Local\Temp\VMBuilds\AbsorbanceSketch2\adafruit_adafruit_samd_adafruit_feather_m0\Release/core.a(USBCore.cpp.o)
                0x0000789c                USBDeviceClass::handleEndpoint(unsigned char)
 .text._ZN14USBDeviceClass10ISRHandlerEv
                0x000078f8      0x140 C:\Users\Corban\AppData\Local\Temp\VMBuilds\AbsorbanceSketch2\adafruit_adafruit_samd_adafruit_feather_m0\Release/core.a(USBCore.cpp.o)
                0x000078f8                USBDeviceClass::ISRHandler()
 .text.UDD_Handler
                0x00007a38       0x10 C:\Users\Corban\AppData\Local\Temp\VMBuilds\AbsorbanceSketch2\adafruit_adafruit_samd_adafruit_feather_m0\Release/core.a(USBCore.cpp.o)
                0x00007a38                UDD_Handler
 .text.ltoa     0x00007a48       0x8a C:\Users\Corban\AppData\Local\Temp\VMBuilds\AbsorbanceSketch2\adafruit_adafruit_samd_adafruit_feather_m0\Release/core.a(itoa.c.o)
                0x00007a48                ltoa
 .text.itoa     0x00007ad2        0x8 C:\Users\Corban\AppData\Local\Temp\VMBuilds\AbsorbanceSketch2\adafruit_adafruit_samd_adafruit_feather_m0\Release/core.a(itoa.c.o)
                0x00007ad2                itoa
 *fill*         0x00007ada        0x2 
 .text.dtostrf  0x00007adc       0x28 C:\Users\Corban\AppData\Local\Temp\VMBuilds\AbsorbanceSketch2\adafruit_adafruit_samd_adafruit_feather_m0\Release/core.a(dtostrf.c.o)
                0x00007adc                dtostrf
 .text._ZN13PluggableUSB_12getInterfaceEPh
                0x00007b04       0x2a C:\Users\Corban\AppData\Local\Temp\VMBuilds\AbsorbanceSketch2\adafruit_adafruit_samd_adafruit_feather_m0\Release/core.a(PluggableUSB.cpp.o)
                0x00007b04                PluggableUSB_::getInterface(unsigned char*)
 .text._ZN13PluggableUSB_13getDescriptorER8USBSetup
                0x00007b2e       0x20 C:\Users\Corban\AppData\Local\Temp\VMBuilds\AbsorbanceSketch2\adafruit_adafruit_samd_adafruit_feather_m0\Release/core.a(PluggableUSB.cpp.o)
                0x00007b2e                PluggableUSB_::getDescriptor(USBSetup&)
 .text._ZN13PluggableUSB_12getShortNameEPc
                0x00007b4e       0x1e C:\Users\Corban\AppData\Local\Temp\VMBuilds\AbsorbanceSketch2\adafruit_adafruit_samd_adafruit_feather_m0\Release/core.a(PluggableUSB.cpp.o)
                0x00007b4e                PluggableUSB_::getShortName(char*)
 .text._ZN13PluggableUSB_5setupER8USBSetup
                0x00007b6c       0x24 C:\Users\Corban\AppData\Local\Temp\VMBuilds\AbsorbanceSketch2\adafruit_adafruit_samd_adafruit_feather_m0\Release/core.a(PluggableUSB.cpp.o)
                0x00007b6c                PluggableUSB_::setup(USBSetup&)
 .text._Z12PluggableUSBv
                0x00007b90       0x24 C:\Users\Corban\AppData\Local\Temp\VMBuilds\AbsorbanceSketch2\adafruit_adafruit_samd_adafruit_feather_m0\Release/core.a(PluggableUSB.cpp.o)
                0x00007b90                PluggableUSB()
 .text.__fpclassifyd