Archive member included because of file (symbol)

C:\Users\Corban\AppData\Local\Temp\VMBuilds\AbsorbanceSketch2\adafruit_adafruit_samd_adafruit_feather_m0\Debug/core.a(cortex_handlers.c.o)
                              (Reset_Handler)
C:\Users\Corban\AppData\Local\Temp\VMBuilds\AbsorbanceSketch2\adafruit_adafruit_samd_adafruit_feather_m0\Debug/core.a(delay.c.o)
                              C:\Users\Corban\AppData\Local\Temp\VMBuilds\AbsorbanceSketch2\adafruit_adafruit_samd_adafruit_feather_m0\Debug\Adafruit_BluefruitLE_nRF51\Adafruit_BLE.cpp.o (millis)
C:\Users\Corban\AppData\Local\Temp\VMBuilds\AbsorbanceSketch2\adafruit_adafruit_samd_adafruit_feather_m0\Debug/core.a(hooks.c.o)
                              C:\Users\Corban\AppData\Local\Temp\VMBuilds\AbsorbanceSketch2\adafruit_adafruit_samd_adafruit_feather_m0\Debug/core.a(delay.c.o) (yield)
C:\Users\Corban\AppData\Local\Temp\VMBuilds\AbsorbanceSketch2\adafruit_adafruit_samd_adafruit_feather_m0\Debug/core.a(startup.c.o)
                              C:\Users\Corban\AppData\Local\Temp\VMBuilds\AbsorbanceSketch2\adafruit_adafruit_samd_adafruit_feather_m0\Debug/core.a(cortex_handlers.c.o) (SystemInit)
C:\Users\Corban\AppData\Local\Temp\VMBuilds\AbsorbanceSketch2\adafruit_adafruit_samd_adafruit_feather_m0\Debug/core.a(wiring.c.o)
                              C:\Users\Corban\AppData\Local\Temp\VMBuilds\AbsorbanceSketch2\adafruit_adafruit_samd_adafruit_feather_m0\Debug/core.a(startup.c.o) (SystemCoreClock)
C:\Users\Corban\AppData\Local\Temp\VMBuilds\AbsorbanceSketch2\adafruit_adafruit_samd_adafruit_feather_m0\Debug/core.a(wiring_analog.c.o)
                              C:\Users\Corban\AppData\Local\Temp\VMBuilds\AbsorbanceSketch2\adafruit_adafruit_samd_adafruit_feather_m0\Debug\SensorController.cpp.o (analogReadResolution)
C:\Users\Corban\AppData\Local\Temp\VMBuilds\AbsorbanceSketch2\adafruit_adafruit_samd_adafruit_feather_m0\Debug/core.a(wiring_digital.c.o)
                              C:\Users\Corban\AppData\Local\Temp\VMBuilds\AbsorbanceSketch2\adafruit_adafruit_samd_adafruit_feather_m0\Debug\Adafruit_BluefruitLE_nRF51\Adafruit_BluefruitLE_SPI.cpp.o (pinMode)
C:\Users\Corban\AppData\Local\Temp\VMBuilds\AbsorbanceSketch2\adafruit_adafruit_samd_adafruit_feather_m0\Debug/core.a(wiring_private.c.o)
                              C:\Users\Corban\AppData\Local\Temp\VMBuilds\AbsorbanceSketch2\adafruit_adafruit_samd_adafruit_feather_m0\Debug\SPI\SPI.cpp.o (pinPeripheral)
C:\Users\Corban\AppData\Local\Temp\VMBuilds\AbsorbanceSketch2\adafruit_adafruit_samd_adafruit_feather_m0\Debug/core.a(abi.cpp.o)
                              C:\Users\Corban\AppData\Local\Temp\VMBuilds\AbsorbanceSketch2\adafruit_adafruit_samd_adafruit_feather_m0\Debug\Adafruit_BluefruitLE_nRF51\Adafruit_ATParser.cpp.o (__cxa_pure_virtual)
C:\Users\Corban\AppData\Local\Temp\VMBuilds\AbsorbanceSketch2\adafruit_adafruit_samd_adafruit_feather_m0\Debug/core.a(main.cpp.o)
                              c:/users/corban/appdata/local/arduino15/packages/arduino/tools/arm-none-eabi-gcc/4.8.3-2014q1/bin/../lib/gcc/arm-none-eabi/4.8.3/../../../../arm-none-eabi/lib/armv6-m/crt0.o (main)
C:\Users\Corban\AppData\Local\Temp\VMBuilds\AbsorbanceSketch2\adafruit_adafruit_samd_adafruit_feather_m0\Debug/core.a(new.cpp.o)
                              C:\Users\Corban\AppData\Local\Temp\VMBuilds\AbsorbanceSketch2\adafruit_adafruit_samd_adafruit_feather_m0\Debug\Adafruit_BluefruitLE_nRF51\Adafruit_BluefruitLE_UART.cpp.o (operator delete(void*))
C:\Users\Corban\AppData\Local\Temp\VMBuilds\AbsorbanceSketch2\adafruit_adafruit_samd_adafruit_feather_m0\Debug/core.a(Print.cpp.o)
                              C:\Users\Corban\AppData\Local\Temp\VMBuilds\AbsorbanceSketch2\adafruit_adafruit_samd_adafruit_feather_m0\Debug\Adafruit_BluefruitLE_nRF51\Adafruit_ATParser.cpp.o (Print::write(unsigned char const*, unsigned int))
C:\Users\Corban\AppData\Local\Temp\VMBuilds\AbsorbanceSketch2\adafruit_adafruit_samd_adafruit_feather_m0\Debug/core.a(Reset.cpp.o)
                              C:\Users\Corban\AppData\Local\Temp\VMBuilds\AbsorbanceSketch2\adafruit_adafruit_samd_adafruit_feather_m0\Debug/core.a(delay.c.o) (tickReset)
C:\Users\Corban\AppData\Local\Temp\VMBuilds\AbsorbanceSketch2\adafruit_adafruit_samd_adafruit_feather_m0\Debug/core.a(RingBuffer.cpp.o)
                              C:\Users\Corban\AppData\Local\Temp\VMBuilds\AbsorbanceSketch2\adafruit_adafruit_samd_adafruit_feather_m0\Debug\Wire\Wire.cpp.o (RingBuffer::RingBuffer())
C:\Users\Corban\AppData\Local\Temp\VMBuilds\AbsorbanceSketch2\adafruit_adafruit_samd_adafruit_feather_m0\Debug/core.a(SERCOM.cpp.o)
                              C:\Users\Corban\AppData\Local\Temp\VMBuilds\AbsorbanceSketch2\adafruit_adafruit_samd_adafruit_feather_m0\Debug\variant\variant.cpp.o (SERCOM::SERCOM(Sercom*))
C:\Users\Corban\AppData\Local\Temp\VMBuilds\AbsorbanceSketch2\adafruit_adafruit_samd_adafruit_feather_m0\Debug/core.a(Stream.cpp.o)
[...]
Memory Configuration

Name             Origin             Length             Attributes
FLASH            0x00002000         0x0003e000         xr
RAM              0x20000000         0x00008000         xrw
*default*        0x00000000         0xffffffff

Linker script and memory map

LOAD c:/users/corban/appdata/local/arduino15/packages/arduino/tools/arm-none-eabi-gcc/4.8.3-2014q1/bin/../lib/gcc/arm-none-eabi/4.8.3/armv6-m/crti.o
LOAD c:/users/corban/appdata/local/arduino15/packages/arduino/tools/arm-none-eabi-gcc/4.8.3-2014q1/bin/../lib/gcc/arm-none-eabi/4.8.3/armv6-m/crtbegin.o
LOAD c:/users/corban/appdata/local/arduino15/packages/arduino/tools/arm-none-eabi-gcc/4.8.3-2014q1/bin/../lib/gcc/arm-none-eabi/4.8.3/../../../../arm-none-eabi/lib/armv6-m/crt0.o
LOAD C:\Users\Corban\AppData\Local\Temp\VMBuilds\AbsorbanceSketch2\adafruit_adafruit_samd_adafruit_feather_m0\Debug\AbsorbanceSketch2.cpp.o
LOAD C:\Users\Corban\AppData\Local\Temp\VMBuilds\AbsorbanceSketch2\adafruit_adafruit_samd_adafruit_feather_m0\Debug\Adafruit_BluefruitLE_nRF51\Adafruit_ATParser.cpp.o
LOAD C:\Users\Corban\AppData\Local\Temp\VMBuilds\AbsorbanceSketch2\adafruit_adafruit_samd_adafruit_feather_m0\Debug\Adafruit_BluefruitLE_nRF51\Adafruit_BLE.cpp.o
LOAD C:\Users\Corban\AppData\Local\Temp\VMBuilds\AbsorbanceSketch2\adafruit_adafruit_samd_adafruit_feather_m0\Debug\Adafruit_BluefruitLE_nRF51\Adafruit_BLEBattery.cpp.o
LOAD C:\Users\Corban\AppData\Local\Temp\VMBuilds\AbsorbanceSketch2\adafruit_adafruit_samd_adafruit_feather_m0\Debug\Adafruit_BluefruitLE_nRF51\Adafruit_BLEEddystone.cpp.o
LOAD C:\Users\Corban\AppData\Local\Temp\VMBuilds\AbsorbanceSketch2\adafruit_adafruit_samd_adafruit_feather_m0\Debug\Adafruit_BluefruitLE_nRF51\Adafruit_BLEGatt.cpp.o
LOAD C:\Users\Corban\AppData\Local\Temp\VMBuilds\AbsorbanceSketch2\adafruit_adafruit_samd_adafruit_feather_m0\Debug\Adafruit_BluefruitLE_nRF51\Adafruit_BLEMIDI.cpp.o
LOAD C:\Users\Corban\AppData\Local\Temp\VMBuilds\AbsorbanceSketch2\adafruit_adafruit_samd_adafruit_feather_m0\Debug\Adafruit_BluefruitLE_nRF51\Adafruit_BluefruitLE_SPI.cpp.o
LOAD C:\Users\Corban\AppData\Local\Temp\VMBuilds\AbsorbanceSketch2\adafruit_adafruit_samd_adafruit_feather_m0\Debug\Adafruit_BluefruitLE_nRF51\Adafruit_BluefruitLE_UART.cpp.o
LOAD C:\Users\Corban\AppData\Local\Temp\VMBuilds\AbsorbanceSketch2\adafruit_adafruit_samd_adafruit_feather_m0\Debug\Adafruit_BluefruitLE_nRF51\utility\Adafruit_FIFO.cpp.o
LOAD C:\Users\Corban\AppData\Local\Temp\VMBuilds\AbsorbanceSketch2\adafruit_adafruit_samd_adafruit_feather_m0\Debug\Adafruit_GFX\glcdfont.c.o
LOAD C:\Users\Corban\AppData\Local\Temp\VMBuilds\AbsorbanceSketch2\adafruit_adafruit_samd_adafruit_feather_m0\Debug\Adafruit_GFX\Adafruit_GFX.cpp.o
LOAD C:\Users\Corban\AppData\Local\Temp\VMBuilds\AbsorbanceSketch2\adafruit_adafruit_samd_adafruit_feather_m0\Debug\Adafruit_SSD1306\Adafruit_SSD1306.cpp.o
LOAD C:\Users\Corban\AppData\Local\Temp\VMBuilds\AbsorbanceSketch2\adafruit_adafruit_samd_adafruit_feather_m0\Debug\SPI\SPI.cpp.o
LOAD C:\Users\Corban\AppData\Local\Temp\VMBuilds\AbsorbanceSketch2\adafruit_adafruit_samd_adafruit_feather_m0\Debug\Wire\Wire.cpp.o
LOAD C:\Users\Corban\AppData\Local\Temp\VMBuilds\AbsorbanceSketch2\adafruit_adafruit_samd_adafruit_feather_m0\Debug\AbsorbanceAnalyzer.cpp.o
LOAD C:\Users\Corban\AppData\Local\Temp\VMBuilds\AbsorbanceSketch2\adafruit_adafruit_samd_adafruit_feather_m0\Debug\BluefruitConfig.cpp.o
LOAD C:\Users\Corban\AppData\Local\Temp\VMBuilds\AbsorbanceSketch2\adafruit_adafruit_samd_adafruit_feather_m0\Debug\Button.cpp.o
LOAD C:\Users\Corban\AppData\Local\Temp\VMBuilds\AbsorbanceSketch2\adafruit_adafruit_samd_adafruit_feather_m0\Debug\DisplayHandler.cpp.o
LOAD C:\Users\Corban\AppData\Local\Temp\VMBuilds\AbsorbanceSketch2\adafruit_adafruit_samd_adafruit_feather_m0\Debug\IDGenerator.cpp.o
LOAD C:\Users\Corban\AppData\Local\Temp\VMBuilds\AbsorbanceSketch2\adafruit_adafruit_samd_adafruit_feather_m0\Debug\JSON.cpp.o
LOAD C:\Users\Corban\AppData\Local\Temp\VMBuilds\AbsorbanceSketch2\adafruit_adafruit_samd_adafruit_feather_m0\Debug\LedController.cpp.o
LOAD C:\Users\Corban\AppData\Local\Temp\VMBuilds\AbsorbanceSketch2\adafruit_adafruit_samd_adafruit_feather_m0\Debug\Logger.cpp.o
LOAD C:\Users\Corban\AppData\Local\Temp\VMBuilds\AbsorbanceSketch2\adafruit_adafruit_samd_adafruit_feather_m0\Debug\MenuHandler.cpp.o
LOAD C:\Users\Corban\AppData\Local\Temp\VMBuilds\AbsorbanceSketch2\adafruit_adafruit_samd_adafruit_feather_m0\Debug\SchedulerCNS.cpp.o
LOAD C:\Users\Corban\AppData\Local\Temp\VMBuilds\AbsorbanceSketch2\adafruit_adafruit_samd_adafruit_feather_m0\Debug\SensorController.cpp.o
LOAD C:\Users\Corban\AppData\Local\Temp\VMBuilds\AbsorbanceSketch2\adafruit_adafruit_samd_adafruit_feather_m0\Debug\variant\variant.cpp.o
START GROUP
LOAD c:/users/corban/appdata/local/arduino15/packages/arduino/tools/arm-none-eabi-gcc/4.8.3-2014q1/bin/../lib/gcc/arm-none-eabi/4.8.3/../../../../arm-none-eabi/lib/armv6-m\libm.a
LOAD C:\Users\Corban\AppData\Local\Temp\VMBuilds\AbsorbanceSketch2\adafruit_adafruit_samd_adafruit_feather_m0\Debug/core.a
END GROUP
START GROUP
LOAD c:/users/corban/appdata/local/arduino15/packages/arduino/tools/arm-none-eabi-gcc/4.8.3-2014q1/bin/../lib/gcc/arm-none-eabi/4.8.3/armv6-m\libgcc.a
LOAD c:/users/corban/appdata/local/arduino15/packages/arduino/tools/arm-none-eabi-gcc/4.8.3-2014q1/bin/../lib/gcc/arm-none-eabi/4.8.3/../../../../arm-none-eabi/lib/armv6-m\libc_s.a
END GROUP
START GROUP
LOAD c:/users/corban/appdata/local/arduino15/packages/arduino/tools/arm-none-eabi-gcc/4.8.3-2014q1/bin/../lib/gcc/arm-none-eabi/4.8.3/armv6-m\libgcc.a
LOAD c:/users/corban/appdata/local/arduino15/packages/arduino/tools/arm-none-eabi-gcc/4.8.3-2014q1/bin/../lib/gcc/arm-none-eabi/4.8.3/../../../../arm-none-eabi/lib/armv6-m\libc_s.a
LOAD c:/users/corban/appdata/local/arduino15/packages/arduino/tools/arm-none-eabi-gcc/4.8.3-2014q1/bin/../lib/gcc/arm-none-eabi/4.8.3/../../../../arm-none-eabi/lib/armv6-m\libnosys.a
END GROUP
START GROUP
LOAD c:/users/corban/appdata/local/arduino15/packages/arduino/tools/arm-none-eabi-gcc/4.8.3-2014q1/bin/../lib/gcc/arm-none-eabi/4.8.3/armv6-m\libgcc.a
LOAD c:/users/corban/appdata/local/arduino15/packages/arduino/tools/arm-none-eabi-gcc/4.8.3-2014q1/bin/../lib/gcc/arm-none-eabi/4.8.3/../../../../arm-none-eabi/lib/armv6-m\libc_s.a
LOAD c:/users/corban/appdata/local/arduino15/packages/arduino/tools/arm-none-eabi-gcc/4.8.3-2014q1/bin/../lib/gcc/arm-none-eabi/4.8.3/../../../../arm-none-eabi/lib/armv6-m\libnosys.a
END GROUP
LOAD c:/users/corban/appdata/local/arduino15/packages/arduino/tools/arm-none-eabi-gcc/4.8.3-2014q1/bin/../lib/gcc/arm-none-eabi/4.8.3/armv6-m/crtend.o
LOAD c:/users/corban/appdata/local/arduino15/packages/arduino/tools/arm-none-eabi-gcc/4.8.3-2014q1/bin/../lib/gcc/arm-none-eabi/4.8.3/armv6-m/crtn.o

.text           0x00002000     0xd878
 *(.isr_vector)
 .isr_vector    0x00002000       0xb0 C:\Users\Corban\AppData\Local\Temp\VMBuilds\AbsorbanceSketch2\adafruit_adafruit_samd_adafruit_feather_m0\Debug/core.a(cortex_handlers.c.o)
                0x00002000                exception_table
 *(.text*)
 .text          0x000020b0       0x60 c:/users/corban/appdata/local/arduino15/packages/arduino/tools/arm-none-eabi-gcc/4.8.3-2014q1/bin/../lib/gcc/arm-none-eabi/4.8.3/armv6-m/crtbegin.o
 .text._ZN6LoggerD2Ev
                0x00002110        0xc C:\Users\Corban\AppData\Local\Temp\VMBuilds\AbsorbanceSketch2\adafruit_adafruit_samd_adafruit_feather_m0\Debug\AbsorbanceSketch2.cpp.o
                0x00002110                Logger::~Logger()
                0x00002110                Logger::~Logger()
 .text._ZN14DisplayHandlerD2Ev
                0x0000211c        0xe C:\Users\Corban\AppData\Local\Temp\VMBuilds\AbsorbanceSketch2\adafruit_adafruit_samd_adafruit_feather_m0\Debug\AbsorbanceSketch2.cpp.o
                0x0000211c                DisplayHandler::~DisplayHandler()
                0x0000211c                DisplayHandler::~DisplayHandler()
 .text._ZN6ButtonD2Ev
                0x0000212a        0xe C:\Users\Corban\AppData\Local\Temp\VMBuilds\AbsorbanceSketch2\adafruit_adafruit_samd_adafruit_feather_m0\Debug\AbsorbanceSketch2.cpp.o
                0x0000212a                Button::~Button()
                0x0000212a                Button::~Button()
 .text._ZN16SensorControllerD2Ev
                0x00002138        0xe C:\Users\Corban\AppData\Local\Temp\VMBuilds\AbsorbanceSketch2\adafruit_adafruit_samd_adafruit_feather_m0\Debug\AbsorbanceSketch2.cpp.o
                0x00002138                SensorController::~SensorController()
                0x00002138                SensorController::~SensorController()
 .text._ZN13LedControllerD2Ev
                0x00002146        0xe C:\Users\Corban\AppData\Local\Temp\VMBuilds\AbsorbanceSketch2\adafruit_adafruit_samd_adafruit_feather_m0\Debug\AbsorbanceSketch2.cpp.o
                0x00002146                LedController::~LedController()
                0x00002146                LedController::~LedController()
 .text._ZN11MenuHandlerD2Ev
                0x00002154       0x3c C:\Users\Corban\AppData\Local\Temp\VMBuilds\AbsorbanceSketch2\adafruit_adafruit_samd_adafruit_feather_m0\Debug\AbsorbanceSketch2.cpp.o
                0x00002154                MenuHandler::~MenuHandler()
                0x00002154                MenuHandler::~MenuHandler()
 .text._ZN18AbsorbanceAnalyzerD2Ev
                0x00002190       0x50 C:\Users\Corban\AppData\Local\Temp\VMBuilds\AbsorbanceSketch2\adafruit_adafruit_samd_adafruit_feather_m0\Debug\AbsorbanceSketch2.cpp.o
                0x00002190                AbsorbanceAnalyzer::~AbsorbanceAnalyzer()
                0x00002190                AbsorbanceAnalyzer::~AbsorbanceAnalyzer()
 .text.__tcf_0  0x000021e0       0x20 C:\Users\Corban\AppData\Local\Temp\VMBuilds\AbsorbanceSketch2\adafruit_adafruit_samd_adafruit_feather_m0\Debug\AbsorbanceSketch2.cpp.o
 .text.startup._Z41__static_initialization_and_destruction_0ii.constprop.1
                0x00002200      0x224 C:\Users\Corban\AppData\Local\Temp\VMBuilds\AbsorbanceSketch2\adafruit_adafruit_samd_adafruit_feather_m0\Debug\AbsorbanceSketch2.cpp.o
 .text._Z5errorPK19__FlashStringHelper
                0x00002424       0x10 C:\Users\Corban\AppData\Local\Temp\VMBuilds\AbsorbanceSketch2\adafruit_adafruit_samd_adafruit_feather_m0\Debug\AbsorbanceSketch2.cpp.o
                0x00002424                error(__FlashStringHelper const*)
 .text._ZN4JSOND2Ev
                0x00002434       0x34 C:\Users\Corban\AppData\Local\Temp\VMBuilds\AbsorbanceSketch2\adafruit_adafruit_samd_adafruit_feather_m0\Debug\AbsorbanceSketch2.cpp.o
                0x00002434                JSON::~JSON()
                0x00002434                JSON::~JSON()
 .text.loop     0x00002468      0x2d4 C:\Users\Corban\AppData\Local\Temp\VMBuilds\AbsorbanceSketch2\adafruit_adafruit_samd_adafruit_feather_m0\Debug\AbsorbanceSketch2.cpp.o
                0x00002468                loop
 .text.startup._GLOBAL__sub_I_verbose
                0x0000273c        0x8 C:\Users\Corban\AppData\Local\Temp\VMBuilds\AbsorbanceSketch2\adafruit_adafruit_samd_adafruit_feather_m0\Debug\AbsorbanceSketch2.cpp.o
 .text._Z8setupBlev
                0x00002744      0x130 C:\Users\Corban\AppData\Local\Temp\VMBuilds\AbsorbanceSketch2\adafruit_adafruit_samd_adafruit_feather_m0\Debug\AbsorbanceSketch2.cpp.o
                0x00002744                setupBle()
 .text.setup    0x00002874      0x138 C:\Users\Corban\AppData\Local\Temp\VMBuilds\AbsorbanceSketch2\adafruit_adafruit_samd_adafruit_feather_m0\Debug\AbsorbanceSketch2.cpp.o
                0x00002874                setup
 .text._ZN17Adafruit_ATParserC2Ev
                0x000029ac       0x1c C:\Users\Corban\AppData\Local\Temp\VMBuilds\AbsorbanceSketch2\adafruit_adafruit_samd_adafruit_feather_m0\Debug\Adafruit_BluefruitLE_nRF51\Adafruit_ATParser.cpp.o
                0x000029ac                Adafruit_ATParser::Adafruit_ATParser()
                0x000029ac                Adafruit_ATParser::Adafruit_ATParser()
 .text._ZN17Adafruit_ATParser8readlineEPcttb
                0x000029c8       0x8c C:\Users\Corban\AppData\Local\Temp\VMBuilds\AbsorbanceSketch2\adafruit_adafruit_samd_adafruit_feather_m0\Debug\Adafruit_BluefruitLE_nRF51\Adafruit_ATParser.cpp.o
                0x000029c8                Adafruit_ATParser::readline(char*, unsigned short, unsigned short, bool)
 .text._ZN17Adafruit_ATParser9waitForOKEv
                0x00002a54       0x64 C:\Users\Corban\AppData\Local\Temp\VMBuilds\AbsorbanceSketch2\adafruit_adafruit_samd_adafruit_feather_m0\Debug\Adafruit_BluefruitLE_nRF51\Adafruit_ATParser.cpp.o
                0x00002a54                Adafruit_ATParser::waitForOK()
 .text._ZN17Adafruit_ATParser17readline_parseIntEv
                0x00002ab8       0x28 C:\Users\Corban\AppData\Local\Temp\VMBuilds\AbsorbanceSketch2\adafruit_adafruit_samd_adafruit_feather_m0\Debug\Adafruit_BluefruitLE_nRF51\Adafruit_ATParser.cpp.o
                0x00002ab8                Adafruit_ATParser::readline_parseInt()
 .text._ZN17Adafruit_ATParser14printByteArrayEPKhi
                0x00002ae0       0x52 C:\Users\Corban\AppData\Local\Temp\VMBuilds\AbsorbanceSketch2\adafruit_adafruit_samd_adafruit_feather_m0\Debug\Adafruit_BluefruitLE_nRF51\Adafruit_ATParser.cpp.o
                0x00002ae0                Adafruit_ATParser::printByteArray(unsigned char const*, int)
 *fill*         0x00002b32        0x2 
 .text._ZN17Adafruit_ATParser17send_arg_get_respEPlhPtPm
                0x00002b34      0x10c C:\Users\Corban\AppData\Local\Temp\VMBuilds\AbsorbanceSketch2\adafruit_adafruit_samd_adafruit_feather_m0\Debug\Adafruit_BluefruitLE_nRF51\Adafruit_ATParser.cpp.o
                0x00002b34                Adafruit_ATParser::send_arg_get_resp(long*, unsigned char, unsigned short*, unsigned long*)
 .text._ZN17Adafruit_ATParser14atcommand_fullEPKcPlhPtPm
                0x00002c40       0x48 C:\Users\Corban\AppData\Local\Temp\VMBuilds\AbsorbanceSketch2\adafruit_adafruit_samd_adafruit_feather_m0\Debug\Adafruit_BluefruitLE_nRF51\Adafruit_ATParser.cpp.o
                0x00002c40                Adafruit_ATParser::atcommand_full(char const*, long*, unsigned char, unsigned short*, unsigned long*)
 .text._ZN17Adafruit_ATParser14atcommand_fullEPK19__FlashStringHelperPlhPtPm
                0x00002c88       0x48 C:\Users\Corban\AppData\Local\Temp\VMBuilds\AbsorbanceSketch2\adafruit_adafruit_samd_adafruit_feather_m0\Debug\Adafruit_BluefruitLE_nRF51\Adafruit_ATParser.cpp.o
                0x00002c88                Adafruit_ATParser::atcommand_full(__FlashStringHelper const*, long*, unsigned char, unsigned short*, unsigned long*)
 .text._ZN17Adafruit_ATParser8readlineEv
                0x00002cd0       0x14 C:\Users\Corban\AppData\Local\Temp\VMBuilds\AbsorbanceSketch2\adafruit_adafruit_samd_adafruit_feather_m0\Debug\Adafruit_BluefruitLE_nRF51\Adafruit_BLE.cpp.o
                0x00002cd0                Adafruit_ATParser::readline()
 .text._ZN12Adafruit_BLEC2Ev
                0x00002ce4       0x28 C:\Users\Corban\AppData\Local\Temp\VMBuilds\AbsorbanceSketch2\adafruit_adafruit_samd_adafruit_feather_m0\Debug\Adafruit_BluefruitLE_nRF51\Adafruit_BLE.cpp.o
                0x00002ce4                Adafruit_BLE::Adafruit_BLE()
                0x00002ce4                Adafruit_BLE::Adafruit_BLE()
 .text._ZN12Adafruit_BLE12factoryResetEb
                0x00002d0c       0x38 C:\Users\Corban\AppData\Local\Temp\VMBuilds\AbsorbanceSketch2\adafruit_adafruit_samd_adafruit_feather_m0\Debug\Adafruit_BluefruitLE_nRF51\Adafruit_BLE.cpp.o
                0x00002d0c                Adafruit_BLE::factoryReset(bool)
 .text._ZN12Adafruit_BLE4echoEb
                0x00002d44       0x24 C:\Users\Corban\AppData\Local\Temp\VMBuilds\AbsorbanceSketch2\adafruit_adafruit_samd_adafruit_feather_m0\Debug\Adafruit_BluefruitLE_nRF51\Adafruit_BLE.cpp.o
                0x00002d44                Adafruit_BLE::echo(bool)
 .text._ZN12Adafruit_BLE11isConnectedEv
                0x00002d68       0x24 C:\Users\Corban\AppData\Local\Temp\VMBuilds\AbsorbanceSketch2\adafruit_adafruit_samd_adafruit_feather_m0\Debug\Adafruit_BluefruitLE_nRF51\Adafruit_BLE.cpp.o
                0x00002d68                Adafruit_BLE::isConnected()
 .text._ZN12Adafruit_BLE4infoEv
                0x00002d8c       0x90 C:\Users\Corban\AppData\Local\Temp\VMBuilds\AbsorbanceSketch2\adafruit_adafruit_samd_adafruit_feather_m0\Debug\Adafruit_BluefruitLE_nRF51\Adafruit_BLE.cpp.o
                0x00002d8c                Adafruit_BLE::info()
 .text._ZN12Adafruit_BLE16isVersionAtLeastEPKc
                0x00002e1c       0x4c C:\Users\Corban\AppData\Local\Temp\VMBuilds\AbsorbanceSketch2\adafruit_adafruit_samd_adafruit_feather_m0\Debug\Adafruit_BluefruitLE_nRF51\Adafruit_BLE.cpp.o
                0x00002e1c                Adafruit_BLE::isVersionAtLeast(char const*)
 .text._ZN24Adafruit_BluefruitLE_SPI7setModeEh
                0x00002e68       0x14 C:\Users\Corban\AppData\Local\Temp\VMBuilds\AbsorbanceSketch2\adafruit_adafruit_samd_adafruit_feather_m0\Debug\Adafruit_BluefruitLE_nRF51\Adafruit_BluefruitLE_SPI.cpp.o
                0x00002e68                Adafruit_BluefruitLE_SPI::setMode(unsigned char)
 .text._ZN24Adafruit_BluefruitLE_SPI5flushEv
                0x00002e7c        0xa C:\Users\Corban\AppData\Local\Temp\VMBuilds\AbsorbanceSketch2\adafruit_adafruit_samd_adafruit_feather_m0\Debug\Adafruit_BluefruitLE_nRF51\Adafruit_BluefruitLE_SPI.cpp.o
                0x00002e7c                Adafruit_BluefruitLE_SPI::flush()
 .text._ZNK12TimeoutTimer7expiredEv
                0x00002e86       0x18 C:\Users\Corban\AppData\Local\Temp\VMBuilds\AbsorbanceSketch2\adafruit_adafruit_samd_adafruit_feather_m0\Debug\Adafruit_BluefruitLE_nRF51\Adafruit_BluefruitLE_SPI.cpp.o
                0x00002e86                TimeoutTimer::expired() const
 *fill*         0x00002e9e        0x2 
 .text._ZN24Adafruit_BluefruitLE_SPIC2Eaaa
                0x00002ea0       0x50 C:\Users\Corban\AppData\Local\Temp\VMBuilds\AbsorbanceSketch2\adafruit_adafruit_samd_adafruit_feather_m0\Debug\Adafruit_BluefruitLE_nRF51\Adafruit_BluefruitLE_SPI.cpp.o
                0x00002ea0                Adafruit_BluefruitLE_SPI::Adafruit_BluefruitLE_SPI(signed char, signed char, signed char)
                0x00002ea0                Adafruit_BluefruitLE_SPI::Adafruit_BluefruitLE_SPI(signed char, signed char, signed char)
 .text._ZN24Adafruit_BluefruitLE_SPI18simulateSwitchModeEv
                0x00002ef0       0x30 C:\Users\Corban\AppData\Local\Temp\VMBuilds\AbsorbanceSketch2\adafruit_adafruit_samd_adafruit_feather_m0\Debug\Adafruit_BluefruitLE_nRF51\Adafruit_BluefruitLE_SPI.cpp.o
                0x00002ef0                Adafruit_BluefruitLE_SPI::simulateSwitchMode()
 .text._ZN24Adafruit_BluefruitLE_SPI7spixferEh
                0x00002f20       0x6c C:\Users\Corban\AppData\Local\Temp\VMBuilds\AbsorbanceSketch2\adafruit_adafruit_samd_adafruit_feather_m0\Debug\Adafruit_BluefruitLE_nRF51\Adafruit_BluefruitLE_SPI.cpp.o
                0x00002f20                Adafruit_BluefruitLE_SPI::spixfer(unsigned char)
 .text._ZN24Adafruit_BluefruitLE_SPI7spixferEPvj
                0x00002f8c       0x1c C:\Users\Corban\AppData\Local\Temp\VMBuilds\AbsorbanceSketch2\adafruit_adafruit_samd_adafruit_feather_m0\Debug\Adafruit_BluefruitLE_nRF51\Adafruit_BluefruitLE_SPI.cpp.o
                0x00002f8c                Adafruit_BluefruitLE_SPI::spixfer(void*, unsigned int)
 .text._ZN24Adafruit_BluefruitLE_SPI10sendPacketEtPKhhh
                0x00002fa8      0x114 C:\Users\Corban\AppData\Local\Temp\VMBuilds\AbsorbanceSketch2\adafruit_adafruit_samd_adafruit_feather_m0\Debug\Adafruit_BluefruitLE_nRF51\Adafruit_BluefruitLE_SPI.cpp.o
                0x00002fa8                Adafruit_BluefruitLE_SPI::sendPacket(unsigned short, unsigned char const*, unsigned char, unsigned char)
 .text._ZN24Adafruit_BluefruitLE_SPI21sendInitializePatternEv
                0x000030bc       0x14 C:\Users\Corban\AppData\Local\Temp\VMBuilds\AbsorbanceSketch2\adafruit_adafruit_samd_adafruit_feather_m0\Debug\Adafruit_BluefruitLE_nRF51\Adafruit_BluefruitLE_SPI.cpp.o
                0x000030bc                Adafruit_BluefruitLE_SPI::sendInitializePattern()
 .text._ZN24Adafruit_BluefruitLE_SPI5beginEbb
                0x000030d0       0xbc C:\Users\Corban\AppData\Local\Temp\VMBuilds\AbsorbanceSketch2\adafruit_adafruit_samd_adafruit_feather_m0\Debug\Adafruit_BluefruitLE_nRF51\Adafruit_BluefruitLE_SPI.cpp.o
                0x000030d0                Adafruit_BluefruitLE_SPI::begin(bool, bool)
 .text._ZN24Adafruit_BluefruitLE_SPI9getPacketEP16sdepMsgCommand_t
                0x0000318c      0x150 C:\Users\Corban\AppData\Local\Temp\VMBuilds\AbsorbanceSketch2\adafruit_adafruit_samd_adafruit_feather_m0\Debug\Adafruit_BluefruitLE_nRF51\Adafruit_BluefruitLE_SPI.cpp.o
                0x0000318c                Adafruit_BluefruitLE_SPI::getPacket(sdepMsgCommand_t*)
 .text._ZN24Adafruit_BluefruitLE_SPI11getResponseEv
                0x000032dc       0x4e C:\Users\Corban\AppData\Local\Temp\VMBuilds\AbsorbanceSketch2\adafruit_adafruit_samd_adafruit_feather_m0\Debug\Adafruit_BluefruitLE_nRF51\Adafruit_BluefruitLE_SPI.cpp.o
                0x000032dc                Adafruit_BluefruitLE_SPI::getResponse()
 *fill*         0x0000332a        0x2 
 .text._ZN24Adafruit_BluefruitLE_SPI5writeEh
                0x0000332c       0xb8 C:\Users\Corban\AppData\Local\Temp\VMBuilds\AbsorbanceSketch2\adafruit_adafruit_samd_adafruit_feather_m0\Debug\Adafruit_BluefruitLE_nRF51\Adafruit_BluefruitLE_SPI.cpp.o
                0x0000332c                Adafruit_BluefruitLE_SPI::write(unsigned char)
 .text._ZN24Adafruit_BluefruitLE_SPI5writeEPKhj
                0x000033e4       0x98 C:\Users\Corban\AppData\Local\Temp\VMBuilds\AbsorbanceSketch2\adafruit_adafruit_samd_adafruit_feather_m0\Debug\Adafruit_BluefruitLE_nRF51\Adafruit_BluefruitLE_SPI.cpp.o
                0x000033e4                Adafruit_BluefruitLE_SPI::write(unsigned char const*, unsigned int)
 .text._ZN24Adafruit_BluefruitLE_SPI9availableEv
                0x0000347c       0x38 C:\Users\Corban\AppData\Local\Temp\VMBuilds\AbsorbanceSketch2\adafruit_adafruit_samd_adafruit_feather_m0\Debug\Adafruit_BluefruitLE_nRF51\Adafruit_BluefruitLE_SPI.cpp.o
                0x0000347c                Adafruit_BluefruitLE_SPI::available()
 .text._ZN24Adafruit_BluefruitLE_SPI4readEv
                0x000034b4       0x5c C:\Users\Corban\AppData\Local\Temp\VMBuilds\AbsorbanceSketch2\adafruit_adafruit_samd_adafruit_feather_m0\Debug\Adafruit_BluefruitLE_nRF51\Adafruit_BluefruitLE_SPI.cpp.o
                0x000034b4                Adafruit_BluefruitLE_SPI::read()
 .text._ZN24Adafruit_BluefruitLE_SPI4peekEv
                0x00003510       0x5c C:\Users\Corban\AppData\Local\Temp\VMBuilds\AbsorbanceSketch2\adafruit_adafruit_samd_adafruit_feather_m0\Debug\Adafruit_BluefruitLE_nRF51\Adafruit_BluefruitLE_SPI.cpp.o
                0x00003510                Adafruit_BluefruitLE_SPI::peek()
 .text.startup._GLOBAL__sub_I_bluefruitSPI
                0x0000356c       0x18 C:\Users\Corban\AppData\Local\Temp\VMBuilds\AbsorbanceSketch2\adafruit_adafruit_samd_adafruit_feather_m0\Debug\Adafruit_BluefruitLE_nRF51\Adafruit_BluefruitLE_SPI.cpp.o
 .text._ZN13Adafruit_FIFOC2EPvthb
                0x00003584       0x18 C:\Users\Corban\AppData\Local\Temp\VMBuilds\AbsorbanceSketch2\adafruit_adafruit_samd_adafruit_feather_m0\Debug\Adafruit_BluefruitLE_nRF51\utility\Adafruit_FIFO.cpp.o
                0x00003584                Adafruit_FIFO::Adafruit_FIFO(void*, unsigned short, unsigned char, bool)
                0x00003584                Adafruit_FIFO::Adafruit_FIFO(void*, unsigned short, unsigned char, bool)
 .text._ZN13Adafruit_FIFO5clearEv
                0x0000359c        0xa C:\Users\Corban\AppData\Local\Temp\VMBuilds\AbsorbanceSketch2\adafruit_adafruit_samd_adafruit_feather_m0\Debug\Adafruit_BluefruitLE_nRF51\utility\Adafruit_FIFO.cpp.o
                0x0000359c                Adafruit_FIFO::clear()
 .text._ZN13Adafruit_FIFO5writeEPKv
                0x000035a6       0x4a C:\Users\Corban\AppData\Local\Temp\VMBuilds\AbsorbanceSketch2\adafruit_adafruit_samd_adafruit_feather_m0\Debug\Adafruit_BluefruitLE_nRF51\utility\Adafruit_FIFO.cpp.o
                0x000035a6                Adafruit_FIFO::write(void const*)
 .text._ZN13Adafruit_FIFO7write_nEPKvt
                0x000035f0       0x30 C:\Users\Corban\AppData\Local\Temp\VMBuilds\AbsorbanceSketch2\adafruit_adafruit_samd_adafruit_feather_m0\Debug\Adafruit_BluefruitLE_nRF51\utility\Adafruit_FIFO.cpp.o
                0x000035f0                Adafruit_FIFO::write_n(void const*, unsigned short)
 .text._ZN13Adafruit_FIFO4readEPv
                0x00003620       0x38 C:\Users\Corban\AppData\Local\Temp\VMBuilds\AbsorbanceSketch2\adafruit_adafruit_samd_adafruit_feather_m0\Debug\Adafruit_BluefruitLE_nRF51\utility\Adafruit_FIFO.cpp.o
                0x00003620                Adafruit_FIFO::read(void*)
 .text._ZN13Adafruit_FIFO4peekEPv
                0x00003658       0x22 C:\Users\Corban\AppData\Local\Temp\VMBuilds\AbsorbanceSketch2\adafruit_adafruit_samd_adafruit_feather_m0\Debug\Adafruit_BluefruitLE_nRF51\utility\Adafruit_FIFO.cpp.o
                0x00003658                Adafruit_FIFO::peek(void*)
 *fill*         0x0000367a        0x2 
 .text._ZN12Adafruit_GFX8drawLineEsssst
                0x0000367c       0xd4 C:\Users\Corban\AppData\Local\Temp\VMBuilds\AbsorbanceSketch2\adafruit_adafruit_samd_adafruit_feather_m0\Debug\Adafruit_GFX\Adafruit_GFX.cpp.o
                0x0000367c                Adafruit_GFX::drawLine(short, short, short, short, unsigned short)
 .text._ZN12Adafruit_GFX8drawRectEsssst
                0x00003750       0x74 C:\Users\Corban\AppData\Local\Temp\VMBuilds\AbsorbanceSketch2\adafruit_adafruit_samd_adafruit_feather_m0\Debug\Adafruit_GFX\Adafruit_GFX.cpp.o
                0x00003750                Adafruit_GFX::drawRect(short, short, short, short, unsigned short)
 .text._ZN12Adafruit_GFX13drawFastVLineEssst
                0x000037c4       0x1e C:\Users\Corban\AppData\Local\Temp\VMBuilds\AbsorbanceSketch2\adafruit_adafruit_samd_adafruit_feather_m0\Debug\Adafruit_GFX\Adafruit_GFX.cpp.o
                0x000037c4                Adafruit_GFX::drawFastVLine(short, short, short, unsigned short)
 .text._ZN12Adafruit_GFX13drawFastHLineEssst
                0x000037e2       0x18 C:\Users\Corban\AppData\Local\Temp\VMBuilds\AbsorbanceSketch2\adafruit_adafruit_samd_adafruit_feather_m0\Debug\Adafruit_GFX\Adafruit_GFX.cpp.o
                0x000037e2                Adafruit_GFX::drawFastHLine(short, short, short, unsigned short)
 .text._ZN12Adafruit_GFX8fillRectEsssst
                0x000037fa       0x42 C:\Users\Corban\AppData\Local\Temp\VMBuilds\AbsorbanceSketch2\adafruit_adafruit_samd_adafruit_feather_m0\Debug\Adafruit_GFX\Adafruit_GFX.cpp.o
                0x000037fa                Adafruit_GFX::fillRect(short, short, short, short, unsigned short)
 .text._ZN12Adafruit_GFX10fillScreenEt
                0x0000383c       0x1a C:\Users\Corban\AppData\Local\Temp\VMBuilds\AbsorbanceSketch2\adafruit_adafruit_samd_adafruit_feather_m0\Debug\Adafruit_GFX\Adafruit_GFX.cpp.o
                0x0000383c                Adafruit_GFX::fillScreen(unsigned short)
 .text._ZN12Adafruit_GFX13invertDisplayEb
                0x00003856        0x2 C:\Users\Corban\AppData\Local\Temp\VMBuilds\AbsorbanceSketch2\adafruit_adafruit_samd_adafruit_feather_m0\Debug\Adafruit_GFX\Adafruit_GFX.cpp.o
                0x00003856                Adafruit_GFX::invertDisplay(bool)
 .text._ZN12Adafruit_GFXC2Ess
                0x00003858       0x30 C:\Users\Corban\AppData\Local\Temp\VMBuilds\AbsorbanceSketch2\adafruit_adafruit_samd_adafruit_feather_m0\Debug\Adafruit_GFX\Adafruit_GFX.cpp.o
                0x00003858                Adafruit_GFX::Adafruit_GFX(short, short)
                0x00003858                Adafruit_GFX::Adafruit_GFX(short, short)
 .text._ZN12Adafruit_GFX8drawCharEsshtth
                0x00003888      0x248 C:\Users\Corban\AppData\Local\Temp\VMBuilds\AbsorbanceSketch2\adafruit_adafruit_samd_adafruit_feather_m0\Debug\Adafruit_GFX\Adafruit_GFX.cpp.o
                0x00003888                Adafruit_GFX::drawChar(short, short, unsigned char, unsigned short, unsigned short, unsigned char)
 .text._ZN12Adafruit_GFX5writeEh
                0x00003ad0       0xfe C:\Users\Corban\AppData\Local\Temp\VMBuilds\AbsorbanceSketch2\adafruit_adafruit_samd_adafruit_feather_m0\Debug\Adafruit_GFX\Adafruit_GFX.cpp.o
                0x00003ad0                Adafruit_GFX::write(unsigned char)
 .text._ZN12Adafruit_GFX9setCursorEss
                0x00003bce        0x6 C:\Users\Corban\AppData\Local\Temp\VMBuilds\AbsorbanceSketch2\adafruit_adafruit_samd_adafruit_feather_m0\Debug\Adafruit_GFX\Adafruit_GFX.cpp.o
                0x00003bce                Adafruit_GFX::setCursor(short, short)
 .text._ZNK12Adafruit_GFX10getCursorXEv
                0x00003bd4        0x6 C:\Users\Corban\AppData\Local\Temp\VMBuilds\AbsorbanceSketch2\adafruit_adafruit_samd_adafruit_feather_m0\Debug\Adafruit_GFX\Adafruit_GFX.cpp.o
                0x00003bd4                Adafruit_GFX::getCursorX() const
 .text._ZNK12Adafruit_GFX10getCursorYEv
                0x00003bda        0x6 C:\Users\Corban\AppData\Local\Temp\VMBuilds\AbsorbanceSketch2\adafruit_adafruit_samd_adafruit_feather_m0\Debug\Adafruit_GFX\Adafruit_GFX.cpp.o
                0x00003bda                Adafruit_GFX::getCursorY() const
 .text._ZN12Adafruit_GFX11setTextSizeEh
                0x00003be0        0xa C:\Users\Corban\AppData\Local\Temp\VMBuilds\AbsorbanceSketch2\adafruit_adafruit_samd_adafruit_feather_m0\Debug\Adafruit_GFX\Adafruit_GFX.cpp.o
                0x00003be0                Adafruit_GFX::setTextSize(unsigned char)
 .text._ZN12Adafruit_GFX12setTextColorEt
                0x00003bea        0x6 C:\Users\Corban\AppData\Local\Temp\VMBuilds\AbsorbanceSketch2\adafruit_adafruit_samd_adafruit_feather_m0\Debug\Adafruit_GFX\Adafruit_GFX.cpp.o
                0x00003bea                Adafruit_GFX::setTextColor(unsigned short)
 .text._ZN12Adafruit_GFX11setTextWrapEb
                0x00003bf0        0x4 C:\Users\Corban\AppData\Local\Temp\VMBuilds\AbsorbanceSketch2\adafruit_adafruit_samd_adafruit_feather_m0\Debug\Adafruit_GFX\Adafruit_GFX.cpp.o
                0x00003bf0                Adafruit_GFX::setTextWrap(bool)
 .text._ZNK12Adafruit_GFX11getRotationEv
                0x00003bf4        0x4 C:\Users\Corban\AppData\Local\Temp\VMBuilds\AbsorbanceSketch2\adafruit_adafruit_samd_adafruit_feather_m0\Debug\Adafruit_GFX\Adafruit_GFX.cpp.o
                0x00003bf4                Adafruit_GFX::getRotation() const
 .text._ZN12Adafruit_GFX11setRotationEh
                0x00003bf8       0x1e C:\Users\Corban\AppData\Local\Temp\VMBuilds\AbsorbanceSketch2\adafruit_adafruit_samd_adafruit_feather_m0\Debug\Adafruit_GFX\Adafruit_GFX.cpp.o
                0x00003bf8                Adafruit_GFX::setRotation(unsigned char)
 .text._ZNK12Adafruit_GFX5widthEv
                0x00003c16        0x6 C:\Users\Corban\AppData\Local\Temp\VMBuilds\AbsorbanceSketch2\adafruit_adafruit_samd_adafruit_feather_m0\Debug\Adafruit_GFX\Adafruit_GFX.cpp.o
                0x00003c16                Adafruit_GFX::width() const
 .text._ZNK12Adafruit_GFX6heightEv
                0x00003c1c        0x6 C:\Users\Corban\AppData\Local\Temp\VMBuilds\AbsorbanceSketch2\adafruit_adafruit_samd_adafruit_feather_m0\Debug\Adafruit_GFX\Adafruit_GFX.cpp.o
                0x00003c1c                Adafruit_GFX::height() const
 *fill*         0x00003c22        0x2 
 .text._ZN16Adafruit_SSD130613drawFastHLineEssst
                0x00003c24      0x1cc C:\Users\Corban\AppData\Local\Temp\VMBuilds\AbsorbanceSketch2\adafruit_adafruit_samd_adafruit_feather_m0\Debug\Adafruit_SSD1306\Adafruit_SSD1306.cpp.o
                0x00003c24                Adafruit_SSD1306::drawFastHLine(short, short, short, unsigned short)
 .text._ZN16Adafruit_SSD130613drawFastVLineEssst
                0x00003df0      0x1cc C:\Users\Corban\AppData\Local\Temp\VMBuilds\AbsorbanceSketch2\adafruit_adafruit_samd_adafruit_feather_m0\Debug\Adafruit_SSD1306\Adafruit_SSD1306.cpp.o
                0x00003df0                Adafruit_SSD1306::drawFastVLine(short, short, short, unsigned short)
 .text._ZN16Adafruit_SSD13069drawPixelEsst
                0x00003fbc       0xd4 C:\Users\Corban\AppData\Local\Temp\VMBuilds\AbsorbanceSketch2\adafruit_adafruit_samd_adafruit_feather_m0\Debug\Adafruit_SSD1306\Adafruit_SSD1306.cpp.o
                0x00003fbc                Adafruit_SSD1306::drawPixel(short, short, unsigned short)
 .text._ZN16Adafruit_SSD1306C2Ea
                0x00004090       0x34 C:\Users\Corban\AppData\Local\Temp\VMBuilds\AbsorbanceSketch2\adafruit_adafruit_samd_adafruit_feather_m0\Debug\Adafruit_SSD1306\Adafruit_SSD1306.cpp.o
                0x00004090                Adafruit_SSD1306::Adafruit_SSD1306(signed char)
                0x00004090                Adafruit_SSD1306::Adafruit_SSD1306(signed char)
 .text._ZN16Adafruit_SSD130612clearDisplayEv
                0x000040c4       0x14 C:\Users\Corban\AppData\Local\Temp\VMBuilds\AbsorbanceSketch2\adafruit_adafruit_samd_adafruit_feather_m0\Debug\Adafruit_SSD1306\Adafruit_SSD1306.cpp.o
                0x000040c4                Adafruit_SSD1306::clearDisplay()
 .text._ZN16Adafruit_SSD130612fastSPIwriteEh
                0x000040d8       0x58 C:\Users\Corban\AppData\Local\Temp\VMBuilds\AbsorbanceSketch2\adafruit_adafruit_samd_adafruit_feather_m0\Debug\Adafruit_SSD1306\Adafruit_SSD1306.cpp.o
                0x000040d8                Adafruit_SSD1306::fastSPIwrite(unsigned char)
 .text._ZN16Adafruit_SSD130615ssd1306_commandEh
                0x00004130       0x70 C:\Users\Corban\AppData\Local\Temp\VMBuilds\AbsorbanceSketch2\adafruit_adafruit_samd_adafruit_feather_m0\Debug\Adafruit_SSD1306\Adafruit_SSD1306.cpp.o
                0x00004130                Adafruit_SSD1306::ssd1306_command(unsigned char)
 .text._ZN16Adafruit_SSD13065beginEhhb
                0x000041a0      0x1a8 C:\Users\Corban\AppData\Local\Temp\VMBuilds\AbsorbanceSketch2\adafruit_adafruit_samd_adafruit_feather_m0\Debug\Adafruit_SSD1306\Adafruit_SSD1306.cpp.o
                0x000041a0                Adafruit_SSD1306::begin(unsigned char, unsigned char, bool)
 .text._ZN16Adafruit_SSD13067displayEv
                0x00004348       0xcc C:\Users\Corban\AppData\Local\Temp\VMBuilds\AbsorbanceSketch2\adafruit_adafruit_samd_adafruit_feather_m0\Debug\Adafruit_SSD1306\Adafruit_SSD1306.cpp.o
                0x00004348                Adafruit_SSD1306::display()
 .text._ZN8SPIClass4initEv
                0x00004414       0x12 C:\Users\Corban\AppData\Local\Temp\VMBuilds\AbsorbanceSketch2\adafruit_adafruit_samd_adafruit_feather_m0\Debug\SPI\SPI.cpp.o
                0x00004414                SPIClass::init()
 .text._ZN8SPIClass6configE11SPISettings
                0x00004426       0x36 C:\Users\Corban\AppData\Local\Temp\VMBuilds\AbsorbanceSketch2\adafruit_adafruit_samd_adafruit_feather_m0\Debug\SPI\SPI.cpp.o
                0x00004426                SPIClass::config(SPISettings)
 .text._ZN8SPIClass5beginEv
                0x0000445c       0x50 C:\Users\Corban\AppData\Local\Temp\VMBuilds\AbsorbanceSketch2\adafruit_adafruit_samd_adafruit_feather_m0\Debug\SPI\SPI.cpp.o
                0x0000445c                SPIClass::begin()
 .text._ZN8SPIClass16beginTransactionE11SPISettings
                0x000044ac       0x3c C:\Users\Corban\AppData\Local\Temp\VMBuilds\AbsorbanceSketch2\adafruit_adafruit_samd_adafruit_feather_m0\Debug\SPI\SPI.cpp.o
                0x000044ac                SPIClass::beginTransaction(SPISettings)
 .text._ZN8SPIClass14endTransactionEv
                0x000044e8       0x28 C:\Users\Corban\AppData\Local\Temp\VMBuilds\AbsorbanceSketch2\adafruit_adafruit_samd_adafruit_feather_m0\Debug\SPI\SPI.cpp.o
                0x000044e8                SPIClass::endTransaction()
 .text._ZN8SPIClass8transferEh
                0x00004510       0x14 C:\Users\Corban\AppData\Local\Temp\VMBuilds\AbsorbanceSketch2\adafruit_adafruit_samd_adafruit_feather_m0\Debug\SPI\SPI.cpp.o
                0x00004510                SPIClass::transfer(unsigned char)
 .text.startup._GLOBAL__sub_I__ZN8SPIClassC2EP6SERCOMhhh14SercomSpiTXPad11SercomRXPad
                0x00004524       0x38 C:\Users\Corban\AppData\Local\Temp\VMBuilds\AbsorbanceSketch2\adafruit_adafruit_samd_adafruit_feather_m0\Debug\SPI\SPI.cpp.o
 .text._ZN7TwoWire5writeEPKhj
                0x0000455c       0x24 C:\Users\Corban\AppData\Local\Temp\VMBuilds\AbsorbanceSketch2\adafruit_adafruit_samd_adafruit_feather_m0\Debug\Wire\Wire.cpp.o
                0x0000455c                TwoWire::write(unsigned char const*, unsigned int)
 .text._ZN7TwoWire5flushEv
                0x00004580        0x2 C:\Users\Corban\AppData\Local\Temp\VMBuilds\AbsorbanceSketch2\adafruit_adafruit_samd_adafruit_feather_m0\Debug\Wire\Wire.cpp.o
                0x00004580                TwoWire::flush()
 .text._ZN7TwoWire4readEv
                0x00004582        0xa C:\Users\Corban\AppData\Local\Temp\VMBuilds\AbsorbanceSketch2\adafruit_adafruit_samd_adafruit_feather_m0\Debug\Wire\Wire.cpp.o
                0x00004582                TwoWire::read()
 .text._ZN7TwoWire9availableEv
                0x0000458c        0xa C:\Users\Corban\AppData\Local\Temp\VMBuilds\AbsorbanceSketch2\adafruit_adafruit_samd_adafruit_feather_m0\Debug\Wire\Wire.cpp.o
                0x0000458c                TwoWire::available()
 .text._ZN7TwoWire5writeEh
                0x00004596       0x28 C:\Users\Corban\AppData\Local\Temp\VMBuilds\AbsorbanceSketch2\adafruit_adafruit_samd_adafruit_feather_m0\Debug\Wire\Wire.cpp.o
                0x00004596                TwoWire::write(unsigned char)
 .text._ZN7TwoWire4peekEv
                0x000045be        0xa C:\Users\Corban\AppData\Local\Temp\VMBuilds\AbsorbanceSketch2\adafruit_adafruit_samd_adafruit_feather_m0\Debug\Wire\Wire.cpp.o
                0x000045be                TwoWire::peek()
 .text._ZN7TwoWireC2EP6SERCOMhh
                0x000045c8       0x3c C:\Users\Corban\AppData\Local\Temp\VMBuilds\AbsorbanceSketch2\adafruit_adafruit_samd_adafruit_feather_m0\Debug\Wire\Wire.cpp.o
                0x000045c8                TwoWire::TwoWire(SERCOM*, unsigned char, unsigned char)
                0x000045c8                TwoWire::TwoWire(SERCOM*, unsigned char, unsigned char)
 .text._ZN7TwoWire5beginEv
                0x00004604       0x40 C:\Users\Corban\AppData\Local\Temp\VMBuilds\AbsorbanceSketch2\adafruit_adafruit_samd_adafruit_feather_m0\Debug\Wire\Wire.cpp.o
                0x00004604                TwoWire::begin()
 .text._ZN7TwoWire17beginTransmissionEh
                0x00004644       0x16 C:\Users\Corban\AppData\Local\Temp\VMBuilds\AbsorbanceSketch2\adafruit_adafruit_samd_adafruit_feather_m0\Debug\Wire\Wire.cpp.o
                0x00004644                TwoWire::beginTransmission(unsigned char)
 .text._ZN7TwoWire15endTransmissionEb
                0x0000465a       0x66 C:\Users\Corban\AppData\Local\Temp\VMBuilds\AbsorbanceSketch2\adafruit_adafruit_samd_adafruit_feather_m0\Debug\Wire\Wire.cpp.o
                0x0000465a                TwoWire::endTransmission(bool)
 .text._ZN7TwoWire15endTransmissionEv
                0x000046c0        0xa C:\Users\Corban\AppData\Local\Temp\VMBuilds\AbsorbanceSketch2\adafruit_adafruit_samd_adafruit_feather_m0\Debug\Wire\Wire.cpp.o
                0x000046c0                TwoWire::endTransmission()
 .text._ZN7TwoWire9onServiceEv
                0x000046ca      0x104 C:\Users\Corban\AppData\Local\Temp\VMBuilds\AbsorbanceSketch2\adafruit_adafruit_samd_adafruit_feather_m0\Debug\Wire\Wire.cpp.o
                0x000046ca                TwoWire::onService()
 *fill*         0x000047ce        0x2 
 .text.SERCOM3_Handler
                0x000047d0       0x10 C:\Users\Corban\AppData\Local\Temp\VMBuilds\AbsorbanceSketch2\adafruit_adafruit_samd_adafruit_feather_m0\Debug\Wire\Wire.cpp.o
                0x000047d0                SERCOM3_Handler
 .text.startup._GLOBAL__sub_I__ZN7TwoWireC2EP6SERCOMhh
                0x000047e0       0x18 C:\Users\Corban\AppData\Local\Temp\VMBuilds\AbsorbanceSketch2\adafruit_adafruit_samd_adafruit_feather_m0\Debug\Wire\Wire.cpp.o
 .text.__tcf_0  0x000047f8       0x20 C:\Users\Corban\AppData\Local\Temp\VMBuilds\AbsorbanceSketch2\adafruit_adafruit_samd_adafruit_feather_m0\Debug\AbsorbanceAnalyzer.cpp.o
 .text._ZN18AbsorbanceAnalyzerC2E13LedController16SensorControlleribii
                0x00004818      0xcbc C:\Users\Corban\AppData\Local\Temp\VMBuilds\AbsorbanceSketch2\adafruit_adafruit_samd_adafruit_feather_m0\Debug\AbsorbanceAnalyzer.cpp.o
                0x00004818                AbsorbanceAnalyzer::AbsorbanceAnalyzer(LedController, SensorController, int, bool, int, int)
                0x00004818                AbsorbanceAnalyzer::AbsorbanceAnalyzer(LedController, SensorController, int, bool, int, int)
 .text._ZN18AbsorbanceAnalyzer5setupEv
                0x000054d4       0x1c C:\Users\Corban\AppData\Local\Temp\VMBuilds\AbsorbanceSketch2\adafruit_adafruit_samd_adafruit_feather_m0\Debug\AbsorbanceAnalyzer.cpp.o
                0x000054d4                AbsorbanceAnalyzer::setup()
 .text._ZN18AbsorbanceAnalyzer11takeReadingER14DisplayHandlerb
                0x000054f0      0x494 C:\Users\Corban\AppData\Local\Temp\VMBuilds\AbsorbanceSketch2\adafruit_adafruit_samd_adafruit_feather_m0\Debug\AbsorbanceAnalyzer.cpp.o
                0x000054f0                AbsorbanceAnalyzer::takeReading(DisplayHandler&, bool)
 .text._ZN18AbsorbanceAnalyzer9takeBlankER14DisplayHandler
                0x00005984       0x44 C:\Users\Corban\AppData\Local\Temp\VMBuilds\AbsorbanceSketch2\adafruit_adafruit_samd_adafruit_feather_m0\Debug\AbsorbanceAnalyzer.cpp.o
                0x00005984                AbsorbanceAnalyzer::takeBlank(DisplayHandler&)
 .text._ZN18AbsorbanceAnalyzer17recordLastReadingEv
                0x000059c8       0xac C:\Users\Corban\AppData\Local\Temp\VMBuilds\AbsorbanceSketch2\adafruit_adafruit_samd_adafruit_feather_m0\Debug\AbsorbanceAnalyzer.cpp.o
                0x000059c8                AbsorbanceAnalyzer::recordLastReading()
 .text._ZN18AbsorbanceAnalyzer14getNumReadingsEv
                0x00005a74        0xc C:\Users\Corban\AppData\Local\Temp\VMBuilds\AbsorbanceSketch2\adafruit_adafruit_samd_adafruit_feather_m0\Debug\AbsorbanceAnalyzer.cpp.o
                0x00005a74                AbsorbanceAnalyzer::getNumReadings()
 .text._ZN18AbsorbanceAnalyzer16printReadingInfoEiR14DisplayHandler
                0x00005a80      0x250 C:\Users\Corban\AppData\Local\Temp\VMBuilds\AbsorbanceSketch2\adafruit_adafruit_samd_adafruit_feather_m0\Debug\AbsorbanceAnalyzer.cpp.o
                0x00005a80                AbsorbanceAnalyzer::printReadingInfo(int, DisplayHandler&)
 .text._ZN18AbsorbanceAnalyzer14getReadingJSONEi
                0x00005cd0      0x11c C:\Users\Corban\AppData\Local\Temp\VMBuilds\AbsorbanceSketch2\adafruit_adafruit_samd_adafruit_feather_m0\Debug\AbsorbanceAnalyzer.cpp.o
                0x00005cd0                AbsorbanceAnalyzer::getReadingJSON(int)
 .text.startup._GLOBAL__sub_I__ZN18AbsorbanceAnalyzerC2E13LedController16SensorControlleribii
                0x00005dec       0x60 C:\Users\Corban\AppData\Local\Temp\VMBuilds\AbsorbanceSketch2\adafruit_adafruit_samd_adafruit_feather_m0\Debug\AbsorbanceAnalyzer.cpp.o
 .text._ZN6ButtonC2EiPib
                0x00005e4c       0xc0 C:\Users\Corban\AppData\Local\Temp\VMBuilds\AbsorbanceSketch2\adafruit_adafruit_samd_adafruit_feather_m0\Debug\Button.cpp.o
                0x00005e4c                Button::Button(int, int*, bool)
                0x00005e4c                Button::Button(int, int*, bool)
 .text._ZN6Button5setupEv
                0x00005f0c       0x4c C:\Users\Corban\AppData\Local\Temp\VMBuilds\AbsorbanceSketch2\adafruit_adafruit_samd_adafruit_feather_m0\Debug\Button.cpp.o
                0x00005f0c                Button::setup()
 .text._ZN6Button11getPositionEv
                0x00005f58       0x3e C:\Users\Corban\AppData\Local\Temp\VMBuilds\AbsorbanceSketch2\adafruit_adafruit_samd_adafruit_feather_m0\Debug\Button.cpp.o
                0x00005f58                Button::getPosition()
 *fill*         0x00005f96        0x2 
 .text._ZN6Button8getStateEv
                0x00005f98      0x1c4 C:\Users\Corban\AppData\Local\Temp\VMBuilds\AbsorbanceSketch2\adafruit_adafruit_samd_adafruit_feather_m0\Debug\Button.cpp.o
                0x00005f98                Button::getState()
 .text.__tcf_0  0x0000615c       0x20 C:\Users\Corban\AppData\Local\Temp\VMBuilds\AbsorbanceSketch2\adafruit_adafruit_samd_adafruit_feather_m0\Debug\DisplayHandler.cpp.o
 .text._ZN14DisplayHandlerC2Eib
                0x0000617c       0xc8 C:\Users\Corban\AppData\Local\Temp\VMBuilds\AbsorbanceSketch2\adafruit_adafruit_samd_adafruit_feather_m0\Debug\DisplayHandler.cpp.o
                0x0000617c                DisplayHandler::DisplayHandler(int, bool)
                0x0000617c                DisplayHandler::DisplayHandler(int, bool)
 .text._ZN14DisplayHandler7refreshEv
                0x00006244       0x28 C:\Users\Corban\AppData\Local\Temp\VMBuilds\AbsorbanceSketch2\adafruit_adafruit_samd_adafruit_feather_m0\Debug\DisplayHandler.cpp.o
                0x00006244                DisplayHandler::refresh()
 .text._ZN14DisplayHandler10refreshNowEv
                0x0000626c        0xa C:\Users\Corban\AppData\Local\Temp\VMBuilds\AbsorbanceSketch2\adafruit_adafruit_samd_adafruit_feather_m0\Debug\DisplayHandler.cpp.o
                0x0000626c                DisplayHandler::refreshNow()
 *fill*         0x00006276        0x2 
 .text._ZN14DisplayHandler24updateQuadrantDimensionsEv
                0x00006278       0x50 C:\Users\Corban\AppData\Local\Temp\VMBuilds\AbsorbanceSketch2\adafruit_adafruit_samd_adafruit_feather_m0\Debug\DisplayHandler.cpp.o
                0x00006278                DisplayHandler::updateQuadrantDimensions()
 .text._ZN14DisplayHandler11setTextSizeEi
                0x000062c8       0x10 C:\Users\Corban\AppData\Local\Temp\VMBuilds\AbsorbanceSketch2\adafruit_adafruit_samd_adafruit_feather_m0\Debug\DisplayHandler.cpp.o
                0x000062c8                DisplayHandler::setTextSize(int)
 .text._ZN14DisplayHandler11resetCursorEv
                0x000062d8       0x58 C:\Users\Corban\AppData\Local\Temp\VMBuilds\AbsorbanceSketch2\adafruit_adafruit_samd_adafruit_feather_m0\Debug\DisplayHandler.cpp.o
                0x000062d8                DisplayHandler::resetCursor()
 .text._ZN14DisplayHandler15resetAllCursorsEv
                0x00006330       0x64 C:\Users\Corban\AppData\Local\Temp\VMBuilds\AbsorbanceSketch2\adafruit_adafruit_samd_adafruit_feather_m0\Debug\DisplayHandler.cpp.o
                0x00006330                DisplayHandler::resetAllCursors()
 .text._ZN14DisplayHandler5setupEv
                0x00006394       0xd4 C:\Users\Corban\AppData\Local\Temp\VMBuilds\AbsorbanceSketch2\adafruit_adafruit_samd_adafruit_feather_m0\Debug\DisplayHandler.cpp.o
                0x00006394                DisplayHandler::setup()
 .text._ZN14DisplayHandler17getRemainingCharsEv
                0x00006468      0x12c C:\Users\Corban\AppData\Local\Temp\VMBuilds\AbsorbanceSketch2\adafruit_adafruit_samd_adafruit_feather_m0\Debug\DisplayHandler.cpp.o
                0x00006468                DisplayHandler::getRemainingChars()
 .text._ZN14DisplayHandler16resizeToQuadrantE6String
                0x00006594      0x148 C:\Users\Corban\AppData\Local\Temp\VMBuilds\AbsorbanceSketch2\adafruit_adafruit_samd_adafruit_feather_m0\Debug\DisplayHandler.cpp.o
                0x00006594                DisplayHandler::resizeToQuadrant(String)
 .text._ZN14DisplayHandler5printE6String
                0x000066dc       0xe0 C:\Users\Corban\AppData\Local\Temp\VMBuilds\AbsorbanceSketch2\adafruit_adafruit_samd_adafruit_feather_m0\Debug\DisplayHandler.cpp.o
                0x000066dc                DisplayHandler::print(String)
 .text._ZN14DisplayHandler5printEi
                0x000067bc       0x1c C:\Users\Corban\AppData\Local\Temp\VMBuilds\AbsorbanceSketch2\adafruit_adafruit_samd_adafruit_feather_m0\Debug\DisplayHandler.cpp.o
                0x000067bc                DisplayHandler::print(int)
 .text._ZN14DisplayHandler5printEdi
                0x000067d8       0x32 C:\Users\Corban\AppData\Local\Temp\VMBuilds\AbsorbanceSketch2\adafruit_adafruit_samd_adafruit_feather_m0\Debug\DisplayHandler.cpp.o
                0x000067d8                DisplayHandler::print(double, int)
 *fill*         0x0000680a        0x2 
 .text.startup._GLOBAL__sub_I__ZN14DisplayHandlerC2Eib
                0x0000680c       0x60 C:\Users\Corban\AppData\Local\Temp\VMBuilds\AbsorbanceSketch2\adafruit_adafruit_samd_adafruit_feather_m0\Debug\DisplayHandler.cpp.o
 .text._ZN14DisplayHandler5clearEv
                0x0000686c       0x78 C:\Users\Corban\AppData\Local\Temp\VMBuilds\AbsorbanceSketch2\adafruit_adafruit_samd_adafruit_feather_m0\Debug\DisplayHandler.cpp.o
                0x0000686c                DisplayHandler::clear()
 .text._ZN14DisplayHandler6invertEiii
                0x000068e4       0x9c C:\Users\Corban\AppData\Local\Temp\VMBuilds\AbsorbanceSketch2\adafruit_adafruit_samd_adafruit_feather_m0\Debug\DisplayHandler.cpp.o
                0x000068e4                DisplayHandler::invert(int, int, int)
 .text._ZN14DisplayHandler17invertCurrentLineEi
                0x00006980       0x4c C:\Users\Corban\AppData\Local\Temp\VMBuilds\AbsorbanceSketch2\adafruit_adafruit_samd_adafruit_feather_m0\Debug\DisplayHandler.cpp.o
                0x00006980                DisplayHandler::invertCurrentLine(int)
 .text._ZN11IDGenerator5getIDE6String
                0x000069cc       0xdc C:\Users\Corban\AppData\Local\Temp\VMBuilds\AbsorbanceSketch2\adafruit_adafruit_samd_adafruit_feather_m0\Debug\IDGenerator.cpp.o
                0x000069cc                IDGenerator::getID(String)
 .text._ZN4JSONC2Ev
                0x00006aa8       0xdc C:\Users\Corban\AppData\Local\Temp\VMBuilds\AbsorbanceSketch2\adafruit_adafruit_samd_adafruit_feather_m0\Debug\JSON.cpp.o
                0x00006aa8                JSON::JSON()
                0x00006aa8                JSON::JSON()
 .text._ZN4JSON3addE6StringS0_
                0x00006b84       0x30 C:\Users\Corban\AppData\Local\Temp\VMBuilds\AbsorbanceSketch2\adafruit_adafruit_samd_adafruit_feather_m0\Debug\JSON.cpp.o
                0x00006b84                JSON::add(String, String)
 .text._ZN4JSON3addE6Stringi
                0x00006bb4       0x32 C:\Users\Corban\AppData\Local\Temp\VMBuilds\AbsorbanceSketch2\adafruit_adafruit_samd_adafruit_feather_m0\Debug\JSON.cpp.o
                0x00006bb4                JSON::add(String, int)
 *fill*         0x00006be6        0x2 
 .text._ZN4JSON7quotifyE6String
                0x00006be8       0x38 C:\Users\Corban\AppData\Local\Temp\VMBuilds\AbsorbanceSketch2\adafruit_adafruit_samd_adafruit_feather_m0\Debug\JSON.cpp.o
                0x00006be8                JSON::quotify(String)
 .text._ZN4JSON9getStringEc
                0x00006c20       0xe4 C:\Users\Corban\AppData\Local\Temp\VMBuilds\AbsorbanceSketch2\adafruit_adafruit_samd_adafruit_feather_m0\Debug\JSON.cpp.o
                0x00006c20                JSON::getString(char)
 .text._ZN13LedControllerC2Eib
                0x00006d04       0x64 C:\Users\Corban\AppData\Local\Temp\VMBuilds\AbsorbanceSketch2\adafruit_adafruit_samd_adafruit_feather_m0\Debug\LedController.cpp.o
                0x00006d04                LedController::LedController(int, bool)
                0x00006d04                LedController::LedController(int, bool)
 .text._ZN13LedController6turnOnEv
                0x00006d68       0x24 C:\Users\Corban\AppData\Local\Temp\VMBuilds\AbsorbanceSketch2\adafruit_adafruit_samd_adafruit_feather_m0\Debug\LedController.cpp.o
                0x00006d68                LedController::turnOn()
 .text._ZN13LedController7turnOffEv
                0x00006d8c       0x24 C:\Users\Corban\AppData\Local\Temp\VMBuilds\AbsorbanceSketch2\adafruit_adafruit_samd_adafruit_feather_m0\Debug\LedController.cpp.o
                0x00006d8c                LedController::turnOff()
 .text._ZN13LedController5setupEv
                0x00006db0       0x34 C:\Users\Corban\AppData\Local\Temp\VMBuilds\AbsorbanceSketch2\adafruit_adafruit_samd_adafruit_feather_m0\Debug\LedController.cpp.o
                0x00006db0                LedController::setup()
 .text._ZN6LoggerC2E6Stringb
                0x00006de4       0x24 C:\Users\Corban\AppData\Local\Temp\VMBuilds\AbsorbanceSketch2\adafruit_adafruit_samd_adafruit_feather_m0\Debug\Logger.cpp.o
                0x00006de4                Logger::Logger(String, bool)
                0x00006de4                Logger::Logger(String, bool)
 .text._ZN6Logger12beginFuncLogEv
                0x00006e08       0x10 C:\Users\Corban\AppData\Local\Temp\VMBuilds\AbsorbanceSketch2\adafruit_adafruit_samd_adafruit_feather_m0\Debug\Logger.cpp.o
                0x00006e08                Logger::beginFuncLog()
 .text._ZN6Logger10endFuncLogEv
                0x00006e18       0x10 C:\Users\Corban\AppData\Local\Temp\VMBuilds\AbsorbanceSketch2\adafruit_adafruit_samd_adafruit_feather_m0\Debug\Logger.cpp.o
                0x00006e18                Logger::endFuncLog()
 .text._ZN6Logger1pE6String
                0x00006e28       0x30 C:\Users\Corban\AppData\Local\Temp\VMBuilds\AbsorbanceSketch2\adafruit_adafruit_samd_adafruit_feather_m0\Debug\Logger.cpp.o
                0x00006e28                Logger::p(String)
 .text._ZN6Logger1pEPc
                0x00006e58       0x1a C:\Users\Corban\AppData\Local\Temp\VMBuilds\AbsorbanceSketch2\adafruit_adafruit_samd_adafruit_feather_m0\Debug\Logger.cpp.o
                0x00006e58                Logger::p(char*)
 *fill*         0x00006e72        0x2 
 .text._ZN6Logger1tEv
                0x00006e74       0x24 C:\Users\Corban\AppData\Local\Temp\VMBuilds\AbsorbanceSketch2\adafruit_adafruit_samd_adafruit_feather_m0\Debug\Logger.cpp.o
                0x00006e74                Logger::t()
 .text._ZN6Logger1pEi
                0x00006e98       0x1c C:\Users\Corban\AppData\Local\Temp\VMBuilds\AbsorbanceSketch2\adafruit_adafruit_samd_adafruit_feather_m0\Debug\Logger.cpp.o
                0x00006e98                Logger::p(int)
 .text._ZN6Logger2tpE6String
                0x00006eb4       0x38 C:\Users\Corban\AppData\Local\Temp\VMBuilds\AbsorbanceSketch2\adafruit_adafruit_samd_adafruit_feather_m0\Debug\Logger.cpp.o
                0x00006eb4                Logger::tp(String)
 .text._ZN6Logger2tpEPc
                0x00006eec       0x1a C:\Users\Corban\AppData\Local\Temp\VMBuilds\AbsorbanceSketch2\adafruit_adafruit_samd_adafruit_feather_m0\Debug\Logger.cpp.o
                0x00006eec                Logger::tp(char*)
 *fill*         0x00006f06        0x2 
 .text._ZN6Logger2plE6String
                0x00006f08       0x60 C:\Users\Corban\AppData\Local\Temp\VMBuilds\AbsorbanceSketch2\adafruit_adafruit_samd_adafruit_feather_m0\Debug\Logger.cpp.o
                0x00006f08                Logger::pl(String)
 .text._ZN6Logger2plEPc
                0x00006f68       0x1a C:\Users\Corban\AppData\Local\Temp\VMBuilds\AbsorbanceSketch2\adafruit_adafruit_samd_adafruit_feather_m0\Debug\Logger.cpp.o
                0x00006f68                Logger::pl(char*)
 *fill*         0x00006f82        0x2 
 .text._ZN6Logger2plEv
                0x00006f84       0x10 C:\Users\Corban\AppData\Local\Temp\VMBuilds\AbsorbanceSketch2\adafruit_adafruit_samd_adafruit_feather_m0\Debug\Logger.cpp.o
                0x00006f84                Logger::pl()
 .text._ZN6Logger12beginFuncLogE6String
                0x00006f94       0x68 C:\Users\Corban\AppData\Local\Temp\VMBuilds\AbsorbanceSketch2\adafruit_adafruit_samd_adafruit_feather_m0\Debug\Logger.cpp.o
                0x00006f94                Logger::beginFuncLog(String)
 .text._ZN6Logger10endFuncLogE6String
                0x00006ffc       0x68 C:\Users\Corban\AppData\Local\Temp\VMBuilds\AbsorbanceSketch2\adafruit_adafruit_samd_adafruit_feather_m0\Debug\Logger.cpp.o
                0x00006ffc                Logger::endFuncLog(String)
 .text._ZN6Logger2plEi
                0x00007064       0x1c C:\Users\Corban\AppData\Local\Temp\VMBuilds\AbsorbanceSketch2\adafruit_adafruit_samd_adafruit_feather_m0\Debug\Logger.cpp.o
                0x00007064                Logger::pl(int)
 .text._ZN6Logger3tplE6String
                0x00007080       0x68 C:\Users\Corban\AppData\Local\Temp\VMBuilds\AbsorbanceSketch2\adafruit_adafruit_samd_adafruit_feather_m0\Debug\Logger.cpp.o
                0x00007080                Logger::tpl(String)
 .text._ZN6Logger3tplEPc
                0x000070e8       0x1a C:\Users\Corban\AppData\Local\Temp\VMBuilds\AbsorbanceSketch2\adafruit_adafruit_samd_adafruit_feather_m0\Debug\Logger.cpp.o
                0x000070e8                Logger::tpl(char*)
 *fill*         0x00007102        0x2 
 .text.__tcf_0  0x00007104       0x20 C:\Users\Corban\AppData\Local\Temp\VMBuilds\AbsorbanceSketch2\adafruit_adafruit_samd_adafruit_feather_m0\Debug\MenuHandler.cpp.o
 .text._ZN11MenuHandlerC2Eb
                0x00007124       0xf0 C:\Users\Corban\AppData\Local\Temp\VMBuilds\AbsorbanceSketch2\adafruit_adafruit_samd_adafruit_feather_m0\Debug\MenuHandler.cpp.o
                0x00007124                MenuHandler::MenuHandler(bool)
                0x00007124                MenuHandler::MenuHandler(bool)
 .text._ZN11MenuHandler13highlightItemEiR14DisplayHandler
                0x00007214       0xf8 C:\Users\Corban\AppData\Local\Temp\VMBuilds\AbsorbanceSketch2\adafruit_adafruit_samd_adafruit_feather_m0\Debug\MenuHandler.cpp.o
                0x00007214                MenuHandler::highlightItem(int, DisplayHandler&)
 .text._ZN11MenuHandler9printMenuER14DisplayHandler
                0x0000730c       0xb4 C:\Users\Corban\AppData\Local\Temp\VMBuilds\AbsorbanceSketch2\adafruit_adafruit_samd_adafruit_feather_m0\Debug\MenuHandler.cpp.o
                0x0000730c                MenuHandler::printMenu(DisplayHandler&)
 .text._ZN11MenuHandler13highlightNextER14DisplayHandler
                0x000073c0       0x48 C:\Users\Corban\AppData\Local\Temp\VMBuilds\AbsorbanceSketch2\adafruit_adafruit_samd_adafruit_feather_m0\Debug\MenuHandler.cpp.o
                0x000073c0                MenuHandler::highlightNext(DisplayHandler&)
 .text._ZN11MenuHandler17highlightPreviousER14DisplayHandler
                0x00007408       0x48 C:\Users\Corban\AppData\Local\Temp\VMBuilds\AbsorbanceSketch2\adafruit_adafruit_samd_adafruit_feather_m0\Debug\MenuHandler.cpp.o
                0x00007408                MenuHandler::highlightPrevious(DisplayHandler&)
 .text._ZN11MenuHandler9flashItemER14DisplayHandler
                0x00007450       0x46 C:\Users\Corban\AppData\Local\Temp\VMBuilds\AbsorbanceSketch2\adafruit_adafruit_samd_adafruit_feather_m0\Debug\MenuHandler.cpp.o
                0x00007450                MenuHandler::flashItem(DisplayHandler&)
 .text._ZN11MenuHandler14getCurrentItemEv
                0x00007496        0x6 C:\Users\Corban\AppData\Local\Temp\VMBuilds\AbsorbanceSketch2\adafruit_adafruit_samd_adafruit_feather_m0\Debug\MenuHandler.cpp.o
                0x00007496                MenuHandler::getCurrentItem()
 .text.startup._GLOBAL__sub_I__ZN11MenuHandlerC2Eb
                0x0000749c       0x60 C:\Users\Corban\AppData\Local\Temp\VMBuilds\AbsorbanceSketch2\adafruit_adafruit_samd_adafruit_feather_m0\Debug\MenuHandler.cpp.o
 .text._ZN12SchedulerCNSC2Ev
                0x000074fc        0xa C:\Users\Corban\AppData\Local\Temp\VMBuilds\AbsorbanceSketch2\adafruit_adafruit_samd_adafruit_feather_m0\Debug\SchedulerCNS.cpp.o
                0x000074fc                SchedulerCNS::SchedulerCNS()
                0x000074fc                SchedulerCNS::SchedulerCNS()
 .text._ZN12SchedulerCNSC2EPii
                0x00007506       0x18 C:\Users\Corban\AppData\Local\Temp\VMBuilds\AbsorbanceSketch2\adafruit_adafruit_samd_adafruit_feather_m0\Debug\SchedulerCNS.cpp.o
                0x00007506                SchedulerCNS::SchedulerCNS(int*, int)
                0x00007506                SchedulerCNS::SchedulerCNS(int*, int)
 .text._ZN12SchedulerCNSC2Ei
                0x0000751e        0x8 C:\Users\Corban\AppData\Local\Temp\VMBuilds\AbsorbanceSketch2\adafruit_adafruit_samd_adafruit_feather_m0\Debug\SchedulerCNS.cpp.o
                0x0000751e                SchedulerCNS::SchedulerCNS(int)
                0x0000751e                SchedulerCNS::SchedulerCNS(int)
 *fill*         0x00007526        0x2 
 .text._ZN12SchedulerCNS5setupEv
                0x00007528       0x44 C:\Users\Corban\AppData\Local\Temp\VMBuilds\AbsorbanceSketch2\adafruit_adafruit_samd_adafruit_feather_m0\Debug\SchedulerCNS.cpp.o
                0x00007528                SchedulerCNS::setup()
 .text._ZN12SchedulerCNS6timeUpEi
                0x0000756c       0x24 C:\Users\Corban\AppData\Local\Temp\VMBuilds\AbsorbanceSketch2\adafruit_adafruit_samd_adafruit_feather_m0\Debug\SchedulerCNS.cpp.o
                0x0000756c                SchedulerCNS::timeUp(int)
 .text._ZN12SchedulerCNS5resetEi
                0x00007590       0x14 C:\Users\Corban\AppData\Local\Temp\VMBuilds\AbsorbanceSketch2\adafruit_adafruit_samd_adafruit_feather_m0\Debug\SchedulerCNS.cpp.o
                0x00007590                SchedulerCNS::reset(int)
 .text.__tcf_0  0x000075a4       0x20 C:\Users\Corban\AppData\Local\Temp\VMBuilds\AbsorbanceSketch2\adafruit_adafruit_samd_adafruit_feather_m0\Debug\SensorController.cpp.o
 .text._ZN16SensorControllerC2Eiib
                0x000075c4       0xa4 C:\Users\Corban\AppData\Local\Temp\VMBuilds\AbsorbanceSketch2\adafruit_adafruit_samd_adafruit_feather_m0\Debug\SensorController.cpp.o
                0x000075c4                SensorController::SensorController(int, int, bool)
                0x000075c4                SensorController::SensorController(int, int, bool)
 .text._ZN16SensorController5setupEv
                0x00007668       0x44 C:\Users\Corban\AppData\Local\Temp\VMBuilds\AbsorbanceSketch2\adafruit_adafruit_samd_adafruit_feather_m0\Debug\SensorController.cpp.o
                0x00007668                SensorController::setup()
 .text._ZN16SensorController11updateArrayEv
                0x000076ac       0x38 C:\Users\Corban\AppData\Local\Temp\VMBuilds\AbsorbanceSketch2\adafruit_adafruit_samd_adafruit_feather_m0\Debug\SensorController.cpp.o
                0x000076ac                SensorController::updateArray()
 .text._ZN16SensorController16beginOutputArrayEi
                0x000076e4       0x2a C:\Users\Corban\AppData\Local\Temp\VMBuilds\AbsorbanceSketch2\adafruit_adafruit_samd_adafruit_feather_m0\Debug\SensorController.cpp.o
                0x000076e4                SensorController::beginOutputArray(int)
 .text._ZN16SensorController21getOutputArrayAverageEv
                0x0000770e       0x20 C:\Users\Corban\AppData\Local\Temp\VMBuilds\AbsorbanceSketch2\adafruit_adafruit_samd_adafruit_feather_m0\Debug\SensorController.cpp.o
                0x0000770e                SensorController::getOutputArrayAverage()
 *fill*         0x0000772e        0x2 
 .text._ZN16SensorController17printSensorStatusE14DisplayHandler6String
                0x00007730       0x88 C:\Users\Corban\AppData\Local\Temp\VMBuilds\AbsorbanceSketch2\adafruit_adafruit_samd_adafruit_feather_m0\Debug\SensorController.cpp.o
                0x00007730                SensorController::printSensorStatus(DisplayHandler, String)
 .text._ZN16SensorController13setResolutionEi
                0x000077b8        0xc C:\Users\Corban\AppData\Local\Temp\VMBuilds\AbsorbanceSketch2\adafruit_adafruit_samd_adafruit_feather_m0\Debug\SensorController.cpp.o
                0x000077b8                SensorController::setResolution(int)
 .text.startup._GLOBAL__sub_I__ZN16SensorControllerC2Eiib
                0x000077c4       0x60 C:\Users\Corban\AppData\Local\Temp\VMBuilds\AbsorbanceSketch2\adafruit_adafruit_samd_adafruit_feather_m0\Debug\SensorController.cpp.o
 .text.SERCOM0_Handler
                0x00007824       0x10 C:\Users\Corban\AppData\Local\Temp\VMBuilds\AbsorbanceSketch2\adafruit_adafruit_samd_adafruit_feather_m0\Debug\variant\variant.cpp.o
                0x00007824                SERCOM0_Handler
 .text.SERCOM5_Handler
                0x00007834       0x10 C:\Users\Corban\AppData\Local\Temp\VMBuilds\AbsorbanceSketch2\adafruit_adafruit_samd_adafruit_feather_m0\Debug\variant\variant.cpp.o
                0x00007834                SERCOM5_Handler
 .text.startup._GLOBAL__sub_I_g_APinDescription
                0x00007844       0x94 C:\Users\Corban\AppData\Local\Temp\VMBuilds\AbsorbanceSketch2\adafruit_adafruit_samd_adafruit_feather_m0\Debug\variant\variant.cpp.o
 .text.Dummy_Handler
                0x000078d8        0x2 C:\Users\Corban\AppData\Local\Temp\VMBuilds\AbsorbanceSketch2\adafruit_adafruit_samd_adafruit_feather_m0\Debug/core.a(cortex_handlers.c.o)
                0x000078d8                DMAC_Handler
                0x000078d8                HardFault_Handler
                0x000078d8                AC_Handler
                0x000078d8                PendSV_Handler
                0x000078d8                NMI_Handler
                0x000078d8                TC7_Handler
                0x000078d8                SERCOM1_Handler
                0x000078d8                ADC_Handler
                0x000078d8                TCC1_Handler
                0x000078d8                SERCOM2_Handler
                0x000078d8                TCC0_Handler
                0x000078d8                RTC_Handler
                0x000078d8                EIC_Handler
                0x000078d8                TC6_Handler
                0x000078d8                WDT_Handler
                0x000078d8                TC4_Handler
                0x000078d8                TC3_Handler
                0x000078d8                Dummy_Handler
                0x000078d8                PM_Handler
                0x000078d8                SVC_Handler
                0x000078d8                TCC2_Handler
                0x000078d8                EVSYS_Handler
                0x000078d8                SERCOM4_Handler
                0x000078d8                I2S_Handler
                0x000078d8                NVMCTRL_Handler
                0x000078d8                DAC_Handler
                0x000078d8                PTC_Handler
                0x000078d8                SYSCTRL_Handler
 *fill*         0x000078da        0x2 
 .text.USB_Handler
                0x000078dc       0x14 C:\Users\Corban\AppData\Local\Temp\VMBuilds\AbsorbanceSketch2\adafruit_adafruit_samd_adafruit_feather_m0\Debug/core.a(cortex_handlers.c.o)
                0x000078dc                USB_Handler
 .text.Reset_Handler
                0x000078f0       0x58 C:\Users\Corban\AppData\Local\Temp\VMBuilds\AbsorbanceSketch2\adafruit_adafruit_samd_adafruit_feather_m0\Debug/core.a(cortex_handlers.c.o)
                0x000078f0                Reset_Handler
 .text.SysTick_Handler
                0x00007948       0x10 C:\Users\Corban\AppData\Local\Temp\VMBuilds\AbsorbanceSketch2\adafruit_adafruit_samd_adafruit_feather_m0\Debug/core.a(cortex_handlers.c.o)
                0x00007948                SysTick_Handler
 .text.USB_SetHandler
                0x00007958        0xc C:\Users\Corban\AppData\Local\Temp\VMBuilds\AbsorbanceSketch2\adafruit_adafruit_samd_adafruit_feather_m0\Debug/core.a(cortex_handlers.c.o)
                0x00007958                USB_SetHandler
 .text.millis   0x00007964        0xc C:\Users\Corban\AppData\Local\Temp\VMBuilds\AbsorbanceSketch2\adafruit_adafruit_samd_adafruit_feather_m0\Debug/core.a(delay.c.o)
                0x00007964                millis
 .text.delay    0x00007970       0x20 C:\Users\Corban\AppData\Local\Temp\VMBuilds\AbsorbanceSketch2\adafruit_adafruit_samd_adafruit_feather_m0\Debug/core.a(delay.c.o)
                0x00007970                delay
 .text.SysTick_DefaultHandler
                0x00007990       0x14 C:\Users\Corban\AppData\Local\Temp\VMBuilds\AbsorbanceSketch2\adafruit_adafruit_samd_adafruit_feather_m0\Debug/core.a(delay.c.o)
                0x00007990                SysTick_DefaultHandler
 .text.__empty  0x000079a4        0x2 C:\Users\Corban\AppData\Local\Temp\VMBuilds\AbsorbanceSketch2\adafruit_adafruit_samd_adafruit_feather_m0\Debug/core.a(hooks.c.o)
                0x000079a4                yield
 .text.__false  0x000079a6        0x4 C:\Users\Corban\AppData\Local\Temp\VMBuilds\AbsorbanceSketch2\adafruit_adafruit_samd_adafruit_feather_m0\Debug/core.a(hooks.c.o)
                0x000079a6                sysTickHook
 *fill*         0x000079aa        0x2 
 .text.SystemInit
                0x000079ac      0x16c C:\Users\Corban\AppData\Local\Temp\VMBuilds\AbsorbanceSketch2\adafruit_adafruit_samd_adafruit_feather_m0\Debug/core.a(startup.c.o)
                0x000079ac                SystemInit
 .text.init     0x00007b18       0xe4 C:\Users\Corban\AppData\Local\Temp\VMBuilds\AbsorbanceSketch2\adafruit_adafruit_samd_adafruit_feather_m0\Debug/core.a(wiring.c.o)
                0x00007b18                init
 .text.mapResolution
                0x00007bfc       0x12 C:\Users\Corban\AppData\Local\Temp\VMBuilds\AbsorbanceSketch2\adafruit_adafruit_samd_adafruit_feather_m0\Debug/core.a(wiring_analog.c.o)
 *fill*         0x00007c0e        0x2 
 .text.analogReadResolution
                0x00007c10       0x4c C:\Users\Corban\AppData\Local\Temp\VMBuilds\AbsorbanceSketch2\adafruit_adafruit_samd_adafruit_feather_m0\Debug/core.a(wiring_analog.c.o)
                0x00007c10                analogReadResolution
 .text.analogReference
                0x00007c5c       0x5c C:\Users\Corban\AppData\Local\Temp\VMBuilds\AbsorbanceSketch2\adafruit_adafruit_samd_adafruit_feather_m0\Debug/core.a(wiring_analog.c.o)
                0x00007c5c                analogReference
 .text.analogRead
                0x00007cb8       0xe8 C:\Users\Corban\AppData\Local\Temp\VMBuilds\AbsorbanceSketch2\adafruit_adafruit_samd_adafruit_feather_m0\Debug/core.a(wiring_analog.c.o)
                0x00007cb8                analogRead
 .text.pinMode  0x00007da0       0xc0 C:\Users\Corban\AppData\Local\Temp\VMBuilds\AbsorbanceSketch2\adafruit_adafruit_samd_adafruit_feather_m0\Debug/core.a(wiring_digital.c.o)
                0x00007da0                pinMode
 .text.digitalWrite
                0x00007e60       0x60 C:\Users\Corban\AppData\Local\Temp\VMBuilds\AbsorbanceSketch2\adafruit_adafruit_samd_adafruit_feather_m0\Debug/core.a(wiring_digital.c.o)
                0x00007e60                digitalWrite
 .text.digitalRead
                0x00007ec0       0x30 C:\Users\Corban\AppData\Local\Temp\VMBuilds\AbsorbanceSketch2\adafruit_adafruit_samd_adafruit_feather_m0\Debug/core.a(wiring_digital.c.o)
                0x00007ec0                digitalRead
 .text.pinPeripheral
                0x00007ef0       0xc4 C:\Users\Corban\AppData\Local\Temp\VMBuilds\AbsorbanceSketch2\adafruit_adafruit_samd_adafruit_feather_m0\Debug/core.a(wiring_private.c.o)
                0x00007ef0                pinPeripheral
 .text.__cxa_pure_virtual
                0x00007fb4        0x2 C:\Users\Corban\AppData\Local\Temp\VMBuilds\AbsorbanceSketch2\adafruit_adafruit_samd_adafruit_feather_m0\Debug/core.a(abi.cpp.o)
                0x00007fb4                __cxa_pure_virtual
 .text._Z11initVariantv
                0x00007fb6        0x2 C:\Users\Corban\AppData\Local\Temp\VMBuilds\AbsorbanceSketch2\adafruit_adafruit_samd_adafruit_feather_m0\Debug/core.a(main.cpp.o)
                0x00007fb6                initVariant()
 .text.startup.main
                0x00007fb8       0x3c C:\Users\Corban\AppData\Local\Temp\VMBuilds\AbsorbanceSketch2\adafruit_adafruit_samd_adafruit_feather_m0\Debug/core.a(main.cpp.o)
                0x00007fb8                main
 .text._ZN5Print5writeEPKhj
                0x00007ff4       0x28 C:\Users\Corban\AppData\Local\Temp\VMBuilds\AbsorbanceSketch2\adafruit_adafruit_samd_adafruit_feather_m0\Debug/core.a(Print.cpp.o)
                0x00007ff4                Print::write(unsigned char const*, unsigned int)
 .text._ZN5Print5printEmi.part.3
                0x0000801c        0xc C:\Users\Corban\AppData\Local\Temp\VMBuilds\AbsorbanceSketch2\adafruit_adafruit_samd_adafruit_feather_m0\Debug/core.a(Print.cpp.o)
 .text._ZN5Print5writeEPKc
                0x00008028       0x1c C:\Users\Corban\AppData\Local\Temp\VMBuilds\AbsorbanceSketch2\adafruit_adafruit_samd_adafruit_feather_m0\Debug/core.a(Print.cpp.o)
                0x00008028                Print::write(char const*)
 .text._ZN5Print5printEPK19__FlashStringHelper
                0x00008044        0x8 C:\Users\Corban\AppData\Local\Temp\VMBuilds\AbsorbanceSketch2\adafruit_adafruit_samd_adafruit_feather_m0\Debug/core.a(Print.cpp.o)
                0x00008044                Print::print(__FlashStringHelper const*)
 .text._ZN5Print5printERK6String
                0x0000804c       0x10 C:\Users\Corban\AppData\Local\Temp\VMBuilds\AbsorbanceSketch2\adafruit_adafruit_samd_adafruit_feather_m0\Debug/core.a(Print.cpp.o)
                0x0000804c                Print::print(String const&)
 .text._ZN5Print5printEPKc
                0x0000805c        0x8 C:\Users\Corban\AppData\Local\Temp\VMBuilds\AbsorbanceSketch2\adafruit_adafruit_samd_adafruit_feather_m0\Debug/core.a(Print.cpp.o)
                0x0000805c                Print::print(char const*)
 .text._ZN5Print5printEc
                0x00008064        0xa C:\Users\Corban\AppData\Local\Temp\VMBuilds\AbsorbanceSketch2\adafruit_adafruit_samd_adafruit_feather_m0\Debug/core.a(Print.cpp.o)
                0x00008064                Print::print(char)
 *fill*         0x0000806e        0x2 
 .text._ZN5Print7printlnEv
                0x00008070       0x10 C:\Users\Corban\AppData\Local\Temp\VMBuilds\AbsorbanceSketch2\adafruit_adafruit_samd_adafruit_feather_m0\Debug/core.a(Print.cpp.o)
                0x00008070                Print::println()
 .text._ZN5Print7printlnEPK19__FlashStringHelper
                0x00008080       0x14 C:\Users\Corban\AppData\Local\Temp\VMBuilds\AbsorbanceSketch2\adafruit_adafruit_samd_adafruit_feather_m0\Debug/core.a(Print.cpp.o)
                0x00008080                Print::println(__FlashStringHelper const*)
 .text._ZN5Print7printlnERK6String
                0x00008094       0x14 C:\Users\Corban\AppData\Local\Temp\VMBuilds\AbsorbanceSketch2\adafruit_adafruit_samd_adafruit_feather_m0\Debug/core.a(Print.cpp.o)
                0x00008094                Print::println(String const&)
 .text._ZN5Print7printlnEPKc
                0x000080a8       0x14 C:\Users\Corban\AppData\Local\Temp\VMBuilds\AbsorbanceSketch2\adafruit_adafruit_samd_adafruit_feather_m0\Debug/core.a(Print.cpp.o)
                0x000080a8                Print::println(char const*)
 .text._ZN5Print11printNumberEmh
                0x000080bc       0x4e C:\Users\Corban\AppData\Local\Temp\VMBuilds\AbsorbanceSketch2\adafruit_adafruit_samd_adafruit_feather_m0\Debug/core.a(Print.cpp.o)
                0x000080bc                Print::printNumber(unsigned long, unsigned char)
 .text._ZN5Print5printEli
                0x0000810a       0x3c C:\Users\Corban\AppData\Local\Temp\VMBuilds\AbsorbanceSketch2\adafruit_adafruit_samd_adafruit_feather_m0\Debug/core.a(Print.cpp.o)
                0x0000810a                Print::print(long, int)
 .text._ZN5Print5printEii
                0x00008146        0x8 C:\Users\Corban\AppData\Local\Temp\VMBuilds\AbsorbanceSketch2\adafruit_adafruit_samd_adafruit_feather_m0\Debug/core.a(Print.cpp.o)
                0x00008146                Print::print(int, int)
 .text._ZN5Print5printEmi
                0x0000814e       0x14 C:\Users\Corban\AppData\Local\Temp\VMBuilds\AbsorbanceSketch2\adafruit_adafruit_samd_adafruit_feather_m0\Debug/core.a(Print.cpp.o)
                0x0000814e                Print::print(unsigned long, int)
 .text._ZN5Print5printEhi
                0x00008162        0x8 C:\Users\Corban\AppData\Local\Temp\VMBuilds\AbsorbanceSketch2\adafruit_adafruit_samd_adafruit_feather_m0\Debug/core.a(Print.cpp.o)
                0x00008162                Print::print(unsigned char, int)
 *fill*         0x0000816a        0x2 
 .text.initiateReset
                0x0000816c        0xc C:\Users\Corban\AppData\Local\Temp\VMBuilds\AbsorbanceSketch2\adafruit_adafruit_samd_adafruit_feather_m0\Debug/core.a(Reset.cpp.o)
                0x0000816c                initiateReset
 .text.cancelReset
                0x00008178       0x10 C:\Users\Corban\AppData\Local\Temp\VMBuilds\AbsorbanceSketch2\adafruit_adafruit_samd_adafruit_feather_m0\Debug/core.a(Reset.cpp.o)
                0x00008178                cancelReset
 .text.tickReset
                0x00008188       0x5c C:\Users\Corban\AppData\Local\Temp\VMBuilds\AbsorbanceSketch2\adafruit_adafruit_samd_adafruit_feather_m0\Debug/core.a(Reset.cpp.o)
                0x00008188                tickReset
 .text._ZN10RingBufferC2Ev
                0x000081e4       0x16 C:\Users\Corban\AppData\Local\Temp\VMBuilds\AbsorbanceSketch2\adafruit_adafruit_samd_adafruit_feather_m0\Debug/core.a(RingBuffer.cpp.o)
                0x000081e4                RingBuffer::RingBuffer()
                0x000081e4                RingBuffer::RingBuffer()
 .text._ZN10RingBuffer10store_charEh
                0x000081fa       0x16 C:\Users\Corban\AppData\Local\Temp\VMBuilds\AbsorbanceSketch2\adafruit_adafruit_samd_adafruit_feather_m0\Debug/core.a(RingBuffer.cpp.o)
                0x000081fa                RingBuffer::store_char(unsigned char)
 .text._ZN10RingBuffer5clearEv
                0x00008210        0x8 C:\Users\Corban\AppData\Local\Temp\VMBuilds\AbsorbanceSketch2\adafruit_adafruit_samd_adafruit_feather_m0\Debug/core.a(RingBuffer.cpp.o)
                0x00008210                RingBuffer::clear()
 .text._ZN10RingBuffer9read_charEv
                0x00008218       0x1c C:\Users\Corban\AppData\Local\Temp\VMBuilds\AbsorbanceSketch2\adafruit_adafruit_samd_adafruit_feather_m0\Debug/core.a(RingBuffer.cpp.o)
                0x00008218                RingBuffer::read_char()
 .text._ZN10RingBuffer9availableEv
                0x00008234        0xc C:\Users\Corban\AppData\Local\Temp\VMBuilds\AbsorbanceSketch2\adafruit_adafruit_samd_adafruit_feather_m0\Debug/core.a(RingBuffer.cpp.o)
                0x00008234                RingBuffer::available()
 .text._ZN10RingBuffer4peekEv
                0x00008240       0x12 C:\Users\Corban\AppData\Local\Temp\VMBuilds\AbsorbanceSketch2\adafruit_adafruit_samd_adafruit_feather_m0\Debug/core.a(RingBuffer.cpp.o)
                0x00008240                RingBuffer::peek()
 .text._ZN10RingBuffer6isFullEv
                0x00008252       0x14 C:\Users\Corban\AppData\Local\Temp\VMBuilds\AbsorbanceSketch2\adafruit_adafruit_samd_adafruit_feather_m0\Debug/core.a(RingBuffer.cpp.o)
                0x00008252                RingBuffer::isFull()
 .text._ZN6SERCOMC2EP6Sercom
                0x00008266        0x4 C:\Users\Corban\AppData\Local\Temp\VMBuilds\AbsorbanceSketch2\adafruit_adafruit_samd_adafruit_feather_m0\Debug/core.a(SERCOM.cpp.o)
                0x00008266                SERCOM::SERCOM(Sercom*)
                0x00008266                SERCOM::SERCOM(Sercom*)
 .text._ZN6SERCOM9initFrameE18SercomUartCharSize15SercomDataOrder16SercomParityMode19SercomNumberStopBit
                0x0000826a       0x38 C:\Users\Corban\AppData\Local\Temp\VMBuilds\AbsorbanceSketch2\adafruit_adafruit_samd_adafruit_feather_m0\Debug/core.a(SERCOM.cpp.o)
                0x0000826a                SERCOM::initFrame(SercomUartCharSize, SercomDataOrder, SercomParityMode, SercomNumberStopBit)
 .text._ZN6SERCOM8initPadsE15SercomUartTXPad11SercomRXPad
                0x000082a2       0x26 C:\Users\Corban\AppData\Local\Temp\VMBuilds\AbsorbanceSketch2\adafruit_adafruit_samd_adafruit_feather_m0\Debug/core.a(SERCOM.cpp.o)
                0x000082a2                SERCOM::initPads(SercomUartTXPad, SercomRXPad)
 .text._ZN6SERCOM9resetUARTEv
                0x000082c8       0x1c C:\Users\Corban\AppData\Local\Temp\VMBuilds\AbsorbanceSketch2\adafruit_adafruit_samd_adafruit_feather_m0\Debug/core.a(SERCOM.cpp.o)
                0x000082c8                SERCOM::resetUART()
 .text._ZN6SERCOM10enableUARTEv
                0x000082e4       0x14 C:\Users\Corban\AppData\Local\Temp\VMBuilds\AbsorbanceSketch2\adafruit_adafruit_samd_adafruit_feather_m0\Debug/core.a(SERCOM.cpp.o)
                0x000082e4                SERCOM::enableUART()
 .text._ZN6SERCOM9flushUARTEv
                0x000082f8       0x10 C:\Users\Corban\AppData\Local\Temp\VMBuilds\AbsorbanceSketch2\adafruit_adafruit_samd_adafruit_feather_m0\Debug/core.a(SERCOM.cpp.o)
                0x000082f8                SERCOM::flushUART()
 .text._ZN6SERCOM15clearStatusUARTEv
                0x00008308        0x8 C:\Users\Corban\AppData\Local\Temp\VMBuilds\AbsorbanceSketch2\adafruit_adafruit_samd_adafruit_feather_m0\Debug/core.a(SERCOM.cpp.o)
                0x00008308                SERCOM::clearStatusUART()
 .text._ZN6SERCOM17availableDataUARTEv
                0x00008310        0xa C:\Users\Corban\AppData\Local\Temp\VMBuilds\AbsorbanceSketch2\adafruit_adafruit_samd_adafruit_feather_m0\Debug/core.a(SERCOM.cpp.o)
                0x00008310                SERCOM::availableDataUART()
 .text._ZN6SERCOM11isUARTErrorEv
                0x0000831a        0x8 C:\Users\Corban\AppData\Local\Temp\VMBuilds\AbsorbanceSketch2\adafruit_adafruit_samd_adafruit_feather_m0\Debug/core.a(SERCOM.cpp.o)
                0x0000831a                SERCOM::isUARTError()
 .text._ZN6SERCOM20acknowledgeUARTErrorEv
                0x00008322        0xe C:\Users\Corban\AppData\Local\Temp\VMBuilds\AbsorbanceSketch2\adafruit_adafruit_samd_adafruit_feather_m0\Debug/core.a(SERCOM.cpp.o)
                0x00008322                SERCOM::acknowledgeUARTError()
 .text._ZN6SERCOM12readDataUARTEv
                0x00008330        0x8 C:\Users\Corban\AppData\Local\Temp\VMBuilds\AbsorbanceSketch2\adafruit_adafruit_samd_adafruit_feather_m0\Debug/core.a(SERCOM.cpp.o)
                0x00008330                SERCOM::readDataUART()
 .text._ZN6SERCOM13writeDataUARTEh
                0x00008338        0xe C:\Users\Corban\AppData\Local\Temp\VMBuilds\AbsorbanceSketch2\adafruit_adafruit_samd_adafruit_feather_m0\Debug/core.a(SERCOM.cpp.o)
                0x00008338                SERCOM::writeDataUART(unsigned char)
 *fill*         0x00008346        0x2 
 .text._ZN6SERCOM12initSPIClockE18SercomSpiClockModem
                0x00008348       0x30 C:\Users\Corban\AppData\Local\Temp\VMBuilds\AbsorbanceSketch2\adafruit_adafruit_samd_adafruit_feather_m0\Debug/core.a(SERCOM.cpp.o)
                0x00008348                SERCOM::initSPIClock(SercomSpiClockMode, unsigned long)
 .text._ZN6SERCOM8resetSPIEv
                0x00008378       0x1c C:\Users\Corban\AppData\Local\Temp\VMBuilds\AbsorbanceSketch2\adafruit_adafruit_samd_adafruit_feather_m0\Debug/core.a(SERCOM.cpp.o)
                0x00008378                SERCOM::resetSPI()
 .text._ZN6SERCOM9enableSPIEv
                0x00008394       0x14 C:\Users\Corban\AppData\Local\Temp\VMBuilds\AbsorbanceSketch2\adafruit_adafruit_samd_adafruit_feather_m0\Debug/core.a(SERCOM.cpp.o)
                0x00008394                SERCOM::enableSPI()
 .text._ZN6SERCOM10disableSPIEv
                0x000083a8       0x14 C:\Users\Corban\AppData\Local\Temp\VMBuilds\AbsorbanceSketch2\adafruit_adafruit_samd_adafruit_feather_m0\Debug/core.a(SERCOM.cpp.o)
                0x000083a8                SERCOM::disableSPI()
 .text._ZN6SERCOM12writeDataSPIEh
                0x000083bc       0x26 C:\Users\Corban\AppData\Local\Temp\VMBuilds\AbsorbanceSketch2\adafruit_adafruit_samd_adafruit_feather_m0\Debug/core.a(SERCOM.cpp.o)
                0x000083bc                SERCOM::writeDataSPI(unsigned char)
 .text._ZN6SERCOM11readDataSPIEv
                0x000083e2       0x1a C:\Users\Corban\AppData\Local\Temp\VMBuilds\AbsorbanceSketch2\adafruit_adafruit_samd_adafruit_feather_m0\Debug/core.a(SERCOM.cpp.o)
                0x000083e2                SERCOM::readDataSPI()
 .text._ZN6SERCOM9resetWIREEv
                0x000083fc       0x1c C:\Users\Corban\AppData\Local\Temp\VMBuilds\AbsorbanceSketch2\adafruit_adafruit_samd_adafruit_feather_m0\Debug/core.a(SERCOM.cpp.o)
                0x000083fc                SERCOM::resetWIRE()
 .text._ZN6SERCOM10enableWIREEv
                0x00008418       0x28 C:\Users\Corban\AppData\Local\Temp\VMBuilds\AbsorbanceSketch2\adafruit_adafruit_samd_adafruit_feather_m0\Debug/core.a(SERCOM.cpp.o)
                0x00008418                SERCOM::enableWIRE()
 .text._ZN6SERCOM18prepareNackBitWIREEv
                0x00008440       0x10 C:\Users\Corban\AppData\Local\Temp\VMBuilds\AbsorbanceSketch2\adafruit_adafruit_samd_adafruit_feather_m0\Debug/core.a(SERCOM.cpp.o)
                0x00008440                SERCOM::prepareNackBitWIRE()
 .text._ZN6SERCOM17prepareAckBitWIREEv
                0x00008450       0x14 C:\Users\Corban\AppData\Local\Temp\VMBuilds\AbsorbanceSketch2\adafruit_adafruit_samd_adafruit_feather_m0\Debug/core.a(SERCOM.cpp.o)
                0x00008450                SERCOM::prepareAckBitWIRE()
 .text._ZN6SERCOM22prepareCommandBitsWireEh
                0x00008464       0x2c C:\Users\Corban\AppData\Local\Temp\VMBuilds\AbsorbanceSketch2\adafruit_adafruit_samd_adafruit_feather_m0\Debug/core.a(SERCOM.cpp.o)
                0x00008464                SERCOM::prepareCommandBitsWire(unsigned char)
 .text._ZN6SERCOM21startTransmissionWIREEh23SercomWireReadWriteFlag
                0x00008490       0x5e C:\Users\Corban\AppData\Local\Temp\VMBuilds\AbsorbanceSketch2\adafruit_adafruit_samd_adafruit_feather_m0\Debug/core.a(SERCOM.cpp.o)
                0x00008490                SERCOM::startTransmissionWIRE(unsigned char, SercomWireReadWriteFlag)
 .text._ZN6SERCOM18sendDataMasterWIREEh
                0x000084ee       0x22 C:\Users\Corban\AppData\Local\Temp\VMBuilds\AbsorbanceSketch2\adafruit_adafruit_samd_adafruit_feather_m0\Debug/core.a(SERCOM.cpp.o)
                0x000084ee                SERCOM::sendDataMasterWIRE(unsigned char)
 .text._ZN6SERCOM17sendDataSlaveWIREEh
                0x00008510       0x1a C:\Users\Corban\AppData\Local\Temp\VMBuilds\AbsorbanceSketch2\adafruit_adafruit_samd_adafruit_feather_m0\Debug/core.a(SERCOM.cpp.o)
                0x00008510                SERCOM::sendDataSlaveWIRE(unsigned char)
 .text._ZN6SERCOM11isSlaveWIREEv
                0x0000852a       0x12 C:\Users\Corban\AppData\Local\Temp\VMBuilds\AbsorbanceSketch2\adafruit_adafruit_samd_adafruit_feather_m0\Debug/core.a(SERCOM.cpp.o)
                0x0000852a                SERCOM::isSlaveWIRE()
 .text._ZN6SERCOM15isDataReadyWIREEv
                0x0000853c        0xa C:\Users\Corban\AppData\Local\Temp\VMBuilds\AbsorbanceSketch2\adafruit_adafruit_samd_adafruit_feather_m0\Debug/core.a(SERCOM.cpp.o)
                0x0000853c                SERCOM::isDataReadyWIRE()
 .text._ZN6SERCOM18isStopDetectedWIREEv
                0x00008546        0xa C:\Users\Corban\AppData\Local\Temp\VMBuilds\AbsorbanceSketch2\adafruit_adafruit_samd_adafruit_feather_m0\Debug/core.a(SERCOM.cpp.o)
                0x00008546                SERCOM::isStopDetectedWIRE()
 .text._ZN6SERCOM21isRestartDetectedWIREEv
                0x00008550        0xa C:\Users\Corban\AppData\Local\Temp\VMBuilds\AbsorbanceSketch2\adafruit_adafruit_samd_adafruit_feather_m0\Debug/core.a(SERCOM.cpp.o)
                0x00008550                SERCOM::isRestartDetectedWIRE()
 .text._ZN6SERCOM14isAddressMatchEv
                0x0000855a        0xa C:\Users\Corban\AppData\Local\Temp\VMBuilds\AbsorbanceSketch2\adafruit_adafruit_samd_adafruit_feather_m0\Debug/core.a(SERCOM.cpp.o)
                0x0000855a                SERCOM::isAddressMatch()
 .text._ZN6SERCOM25isMasterReadOperationWIREEv
                0x00008564        0xa C:\Users\Corban\AppData\Local\Temp\VMBuilds\AbsorbanceSketch2\adafruit_adafruit_samd_adafruit_feather_m0\Debug/core.a(SERCOM.cpp.o)
                0x00008564                SERCOM::isMasterReadOperationWIRE()
 .text._ZN6SERCOM12readDataWIREEv
                0x0000856e       0x1a C:\Users\Corban\AppData\Local\Temp\VMBuilds\AbsorbanceSketch2\adafruit_adafruit_samd_adafruit_feather_m0\Debug/core.a(SERCOM.cpp.o)
                0x0000856e                SERCOM::readDataWIRE()
 .text._ZN6SERCOM13initClockNVICEv
                0x00008588       0xac C:\Users\Corban\AppData\Local\Temp\VMBuilds\AbsorbanceSketch2\adafruit_adafruit_samd_adafruit_feather_m0\Debug/core.a(SERCOM.cpp.o)
                0x00008588                SERCOM::initClockNVIC()
 .text._ZN6SERCOM8initUARTE14SercomUartMode20SercomUartSampleRatem
                0x00008634       0x6c C:\Users\Corban\AppData\Local\Temp\VMBuilds\AbsorbanceSketch2\adafruit_adafruit_samd_adafruit_feather_m0\Debug/core.a(SERCOM.cpp.o)
                0x00008634                SERCOM::initUART(SercomUartMode, SercomUartSampleRate, unsigned long)
 .text._ZN6SERCOM7initSPIE14SercomSpiTXPad11SercomRXPad17SercomSpiCharSize15SercomDataOrder
                0x000086a0       0x48 C:\Users\Corban\AppData\Local\Temp\VMBuilds\AbsorbanceSketch2\adafruit_adafruit_samd_adafruit_feather_m0\Debug/core.a(SERCOM.cpp.o)
                0x000086a0                SERCOM::initSPI(SercomSpiTXPad, SercomRXPad, SercomSpiCharSize, SercomDataOrder)
 .text._ZN6SERCOM14initMasterWIREEm
                0x000086e8       0x38 C:\Users\Corban\AppData\Local\Temp\VMBuilds\AbsorbanceSketch2\adafruit_adafruit_samd_adafruit_feather_m0\Debug/core.a(SERCOM.cpp.o)
                0x000086e8                SERCOM::initMasterWIRE(unsigned long)
 .text._ZN4UartcvbEv
                0x00008720        0x4 C:\Users\Corban\AppData\Local\Temp\VMBuilds\AbsorbanceSketch2\adafruit_adafruit_samd_adafruit_feather_m0\Debug/core.a(Uart.cpp.o)
                0x00008720                Uart::operator bool()
 .text._ZN4Uart5beginEm
                0x00008724        0xc C:\Users\Corban\AppData\Local\Temp\VMBuilds\AbsorbanceSketch2\adafruit_adafruit_samd_adafruit_feather_m0\Debug/core.a(Uart.cpp.o)
                0x00008724                Uart::begin(unsigned long)
 .text._ZN4Uart3endEv
                0x00008730       0x14 C:\Users\Corban\AppData\Local\Temp\VMBuilds\AbsorbanceSketch2\adafruit_adafruit_samd_adafruit_feather_m0\Debug/core.a(Uart.cpp.o)
                0x00008730                Uart::end()
 .text._ZN4Uart5flushEv
                0x00008744        0xa C:\Users\Corban\AppData\Local\Temp\VMBuilds\AbsorbanceSketch2\adafruit_adafruit_samd_adafruit_feather_m0\Debug/core.a(Uart.cpp.o)
                0x00008744                Uart::flush()
 .text._ZN4Uart9availableEv
                0x0000874e        0xa C:\Users\Corban\AppData\Local\Temp\VMBuilds\AbsorbanceSketch2\adafruit_adafruit_samd_adafruit_feather_m0\Debug/core.a(Uart.cpp.o)
                0x0000874e                Uart::available()
 .text._ZN4Uart4peekEv
                0x00008758        0xa C:\Users\Corban\AppData\Local\Temp\VMBuilds\AbsorbanceSketch2\adafruit_adafruit_samd_adafruit_feather_m0\Debug/core.a(Uart.cpp.o)
                0x00008758                Uart::peek()
 .text._ZN4Uart4readEv
                0x00008762        0xa C:\Users\Corban\AppData\Local\Temp\VMBuilds\AbsorbanceSketch2\adafruit_adafruit_samd_adafruit_feather_m0\Debug/core.a(Uart.cpp.o)
                0x00008762                Uart::read()
 .text._ZN4Uart5writeEh
                0x0000876c        0xc C:\Users\Corban\AppData\Local\Temp\VMBuilds\AbsorbanceSketch2\adafruit_adafruit_samd_adafruit_feather_m0\Debug/core.a(Uart.cpp.o)
                0x0000876c                Uart::write(unsigned char)
 .text._ZN4UartC2EP6SERCOMhh11SercomRXPad15SercomUartTXPad
                0x00008778       0x48 C:\Users\Corban\AppData\Local\Temp\VMBuilds\AbsorbanceSketch2\adafruit_adafruit_samd_adafruit_feather_m0\Debug/core.a(Uart.cpp.o)
                0x00008778                Uart::Uart(SERCOM*, unsigned char, unsigned char, SercomRXPad, SercomUartTXPad)
                0x00008778                Uart::Uart(SERCOM*, unsigned char, unsigned char, SercomRXPad, SercomUartTXPad)
 .text._ZN4Uart10IrqHandlerEv
                0x000087c0       0x36 C:\Users\Corban\AppData\Local\Temp\VMBuilds\AbsorbanceSketch2\adafruit_adafruit_samd_adafruit_feather_m0\Debug/core.a(Uart.cpp.o)
                0x000087c0                Uart::IrqHandler()
 .text._ZN4Uart16extractNbStopBitEt
                0x000087f6        0xe C:\Users\Corban\AppData\Local\Temp\VMBuilds\AbsorbanceSketch2\adafruit_adafruit_samd_adafruit_feather_m0\Debug/core.a(Uart.cpp.o)
                0x000087f6                Uart::extractNbStopBit(unsigned short)
 .text._ZN4Uart15extractCharSizeEt
                0x00008804       0x2c C:\Users\Corban\AppData\Local\Temp\VMBuilds\AbsorbanceSketch2\adafruit_adafruit_samd_adafruit_feather_m0\Debug/core.a(Uart.cpp.o)
                0x00008804                Uart::extractCharSize(unsigned short)
 .text._ZN4Uart13extractParityEt
                0x00008830       0x18 C:\Users\Corban\AppData\Local\Temp\VMBuilds\AbsorbanceSketch2\adafruit_adafruit_samd_adafruit_feather_m0\Debug/core.a(Uart.cpp.o)
                0x00008830                Uart::extractParity(unsigned short)
 .text._ZN4Uart5beginEmt
                0x00008848       0x88 C:\Users\Corban\AppData\Local\Temp\VMBuilds\AbsorbanceSketch2\adafruit_adafruit_samd_adafruit_feather_m0\Debug/core.a(Uart.cpp.o)
                0x00008848                Uart::begin(unsigned long, unsigned short)
 .text._Z8makeWordhh
                0x000088d0        0x6 C:\Users\Corban\AppData\Local\Temp\VMBuilds\AbsorbanceSketch2\adafruit_adafruit_samd_adafruit_feather_m0\Debug/core.a(WMath.cpp.o)
                0x000088d0                makeWord(unsigned char, unsigned char)